Archive member included because of file (symbol)

C:\Users\andre\AppData\Local\arduino15\packages\arduino\hardware\sam\1.6.11\variants\arduino_due_x/libsam_sam3x8e_gcc_rel.a(pio.o)
                              C:\Users\andre\AppData\Local\Temp\VMBuilds\SystemaPC2Firmware\arduino_due_x\Release\SPI\SPI.cpp.o (PIO_Configure)
C:\Users\andre\AppData\Local\arduino15\packages\arduino\hardware\sam\1.6.11\variants\arduino_due_x/libsam_sam3x8e_gcc_rel.a(pmc.o)
                              C:\Users\andre\AppData\Local\Temp\VMBCore\visualmicro\edf39ea94a4823db2dafaf834e67dd19\variant\variant.cpp.o (pmc_enable_periph_clk)
C:\Users\andre\AppData\Local\arduino15\packages\arduino\hardware\sam\1.6.11\variants\arduino_due_x/libsam_sam3x8e_gcc_rel.a(spi.o)
                              C:\Users\andre\AppData\Local\Temp\VMBuilds\SystemaPC2Firmware\arduino_due_x\Release\SPI\SPI.cpp.o (SPI_Enable)
C:\Users\andre\AppData\Local\arduino15\packages\arduino\hardware\sam\1.6.11\variants\arduino_due_x/libsam_sam3x8e_gcc_rel.a(system_sam3xa.o)
                              C:\Users\andre\AppData\Local\Temp\VMBCore\visualmicro\edf39ea94a4823db2dafaf834e67dd19\variant\variant.cpp.o (SystemInit)
C:\Users\andre\AppData\Local\arduino15\packages\arduino\hardware\sam\1.6.11\variants\arduino_due_x/libsam_sam3x8e_gcc_rel.a(startup_sam3xa.o)
                              (Reset_Handler)
C:\Users\andre\AppData\Local\arduino15\packages\arduino\hardware\sam\1.6.11\variants\arduino_due_x/libsam_sam3x8e_gcc_rel.a(adc.o)
                              C:\Users\andre\AppData\Local\Temp\VMBCore\visualmicro\edf39ea94a4823db2dafaf834e67dd19\variant\variant.cpp.o (adc_init)
C:\Users\andre\AppData\Local\arduino15\packages\arduino\hardware\sam\1.6.11\variants\arduino_due_x/libsam_sam3x8e_gcc_rel.a(uotghs.o)
                              C:\Users\andre\AppData\Local\arduino15\packages\arduino\hardware\sam\1.6.11\variants\arduino_due_x/libsam_sam3x8e_gcc_rel.a(startup_sam3xa.o) (UOTGHS_Handler)
C:\Users\andre\AppData\Local\Temp\VMBuilds\SystemaPC2Firmware\arduino_due_x\Release/core.a(cortex_handlers.c.o)
                              C:\Users\andre\AppData\Local\arduino15\packages\arduino\hardware\sam\1.6.11\variants\arduino_due_x/libsam_sam3x8e_gcc_rel.a(startup_sam3xa.o) (NMI_Handler)
C:\Users\andre\AppData\Local\Temp\VMBuilds\SystemaPC2Firmware\arduino_due_x\Release/core.a(hooks.c.o)
                              C:\Users\andre\AppData\Local\Temp\VMBuilds\SystemaPC2Firmware\arduino_due_x\Release/core.a(cortex_handlers.c.o) (sysTickHook)
C:\Users\andre\AppData\Local\Temp\VMBuilds\SystemaPC2Firmware\arduino_due_x\Release/core.a(syscalls_sam3.c.o)
                              (_sbrk)
C:\Users\andre\AppData\Local\Temp\VMBuilds\SystemaPC2Firmware\arduino_due_x\Release/core.a(wiring.c.o)
                              C:\Users\andre\AppData\Local\Temp\VMBuilds\SystemaPC2Firmware\arduino_due_x\Release\SystemaPC2Firmware.cpp.o (millis)
C:\Users\andre\AppData\Local\Temp\VMBuilds\SystemaPC2Firmware\arduino_due_x\Release/core.a(wiring_analog.c.o)
                              C:\Users\andre\AppData\Local\Temp\VMBuilds\SystemaPC2Firmware\arduino_due_x\Release\SystemaPC2Firmware.cpp.o (analogRead)
C:\Users\andre\AppData\Local\Temp\VMBuilds\SystemaPC2Firmware\arduino_due_x\Release/core.a(wiring_digital.c.o)
                              C:\Users\andre\AppData\Local\Temp\VMBuilds\SystemaPC2Firmware\arduino_due_x\Release\SystemaPC2Firmware.cpp.o (pinMode)
C:\Users\andre\AppData\Local\Temp\VMBuilds\SystemaPC2Firmware\arduino_due_x\Release/core.a(main.cpp.o)
                              c:/users/andre/appdata/local/arduino15/packages/arduino/tools/arm-none-eabi-gcc/4.8.3-2014q1/bin/../lib/gcc/arm-none-eabi/4.8.3/../../../../arm-none-eabi/lib/armv7-m/crt0.o (main)
C:\Users\andre\AppData\Local\Temp\VMBuilds\SystemaPC2Firmware\arduino_due_x\Release/core.a(Print.cpp.o)
                              C:\Users\andre\AppData\Local\Temp\VMBuilds\SystemaPC2Firmware\arduino_due_x\Release\SystemaPC2Firmware.cpp.o (Print::println(char const*))
C:\Users\andre\AppData\Local\Temp\VMBuilds\SystemaPC2Firmware\arduino_due_x\Release/core.a(Reset.cpp.o)
                              C:\Users\andre\AppData\Local\Temp\VMBuilds\SystemaPC2Firmware\arduino_due_x\Release/core.a(cortex_handlers.c.o) (tickReset)
C:\Users\andre\AppData\Local\Temp\VMBuilds\SystemaPC2Firmware\arduino_due_x\Release/core.a(RingBuffer.cpp.o)
                              C:\Users\andre\AppData\Local\Temp\VMBCore\visualmicro\edf39ea94a4823db2dafaf834e67dd19\variant\variant.cpp.o (RingBuffer::RingBuffer())
C:\Users\andre\AppData\Local\Temp\VMBuilds\SystemaPC2Firmware\arduino_due_x\Release/core.a(UARTClass.cpp.o)
                              C:\Users\andre\AppData\Local\Temp\VMBCore\visualmicro\edf39ea94a4823db2dafaf834e67dd19\variant\variant.cpp.o (UARTClass::available())
C:\Users\andre\AppData\Local\Temp\VMBuilds\SystemaPC2Firmware\arduino_due_x\Release/core.a(USARTClass.cpp.o)
[...]
Memory Configuration

Name             Origin             Length             Attributes
rom              0x00080000         0x00080000         xr
sram0            0x20000000         0x00010000         xrw
sram1            0x20080000         0x00008000         xrw
ram              0x20070000         0x00018000         xrw
*default*        0x00000000         0xffffffff

Linker script and memory map

LOAD c:/users/andre/appdata/local/arduino15/packages/arduino/tools/arm-none-eabi-gcc/4.8.3-2014q1/bin/../lib/gcc/arm-none-eabi/4.8.3/armv7-m/crti.o
LOAD c:/users/andre/appdata/local/arduino15/packages/arduino/tools/arm-none-eabi-gcc/4.8.3-2014q1/bin/../lib/gcc/arm-none-eabi/4.8.3/armv7-m/crtbegin.o
LOAD c:/users/andre/appdata/local/arduino15/packages/arduino/tools/arm-none-eabi-gcc/4.8.3-2014q1/bin/../lib/gcc/arm-none-eabi/4.8.3/../../../../arm-none-eabi/lib/armv7-m/crt0.o
START GROUP
LOAD C:\Users\andre\AppData\Local\Temp\VMBuilds\SystemaPC2Firmware\arduino_due_x\Release\SystemaPC2Firmware.cpp.o
LOAD C:\Users\andre\AppData\Local\Temp\VMBuilds\SystemaPC2Firmware\arduino_due_x\Release\SPI\SPI.cpp.o
LOAD C:\Users\andre\AppData\Local\Temp\VMBuilds\SystemaPC2Firmware\arduino_due_x\Release\OneWire\OneWire.cpp.o
LOAD C:\Users\andre\AppData\Local\Temp\VMBuilds\SystemaPC2Firmware\arduino_due_x\Release\DallasTemperature\DallasTemperature.cpp.o
LOAD C:\Users\andre\AppData\Local\Temp\VMBCore\visualmicro\edf39ea94a4823db2dafaf834e67dd19\variant\variant.cpp.o
LOAD C:\Users\andre\AppData\Local\arduino15\packages\arduino\hardware\sam\1.6.11\variants\arduino_due_x/libsam_sam3x8e_gcc_rel.a
LOAD C:\Users\andre\AppData\Local\Temp\VMBuilds\SystemaPC2Firmware\arduino_due_x\Release/core.a
END GROUP
LOAD c:/users/andre/appdata/local/arduino15/packages/arduino/tools/arm-none-eabi-gcc/4.8.3-2014q1/bin/../lib/gcc/arm-none-eabi/4.8.3/../../../../arm-none-eabi/lib/armv7-m\libm.a
START GROUP
LOAD c:/users/andre/appdata/local/arduino15/packages/arduino/tools/arm-none-eabi-gcc/4.8.3-2014q1/bin/../lib/gcc/arm-none-eabi/4.8.3/armv7-m\libgcc.a
LOAD c:/users/andre/appdata/local/arduino15/packages/arduino/tools/arm-none-eabi-gcc/4.8.3-2014q1/bin/../lib/gcc/arm-none-eabi/4.8.3/../../../../arm-none-eabi/lib/armv7-m\libg.a
LOAD c:/users/andre/appdata/local/arduino15/packages/arduino/tools/arm-none-eabi-gcc/4.8.3-2014q1/bin/../lib/gcc/arm-none-eabi/4.8.3/../../../../arm-none-eabi/lib/armv7-m\libc.a
END GROUP
LOAD c:/users/andre/appdata/local/arduino15/packages/arduino/tools/arm-none-eabi-gcc/4.8.3-2014q1/bin/../lib/gcc/arm-none-eabi/4.8.3/armv7-m/crtend.o
LOAD c:/users/andre/appdata/local/arduino15/packages/arduino/tools/arm-none-eabi-gcc/4.8.3-2014q1/bin/../lib/gcc/arm-none-eabi/4.8.3/armv7-m/crtn.o

.text           0x00080000     0x61f4
                0x00080000                . = ALIGN (0x4)
                0x00080000                _sfixed = .
 *(.vectors .vectors.*)
 .vectors       0x00080000       0xf4 C:\Users\andre\AppData\Local\arduino15\packages\arduino\hardware\sam\1.6.11\variants\arduino_due_x/libsam_sam3x8e_gcc_rel.a(startup_sam3xa.o)
                0x00080000                exception_table
 *(.text .text.* .gnu.linkonce.t.*)
 .text          0x000800f4       0x54 c:/users/andre/appdata/local/arduino15/packages/arduino/tools/arm-none-eabi-gcc/4.8.3-2014q1/bin/../lib/gcc/arm-none-eabi/4.8.3/armv7-m/crtbegin.o
 .text._Z13selectColumnai
                0x00080148       0x72 C:\Users\andre\AppData\Local\Temp\VMBuilds\SystemaPC2Firmware\arduino_due_x\Release\SystemaPC2Firmware.cpp.o
                0x00080148                selectColumna(int)
 *fill*         0x000801ba        0x2 
 .text._Z10selectFilav
                0x000801bc       0x64 C:\Users\andre\AppData\Local\Temp\VMBuilds\SystemaPC2Firmware\arduino_due_x\Release\SystemaPC2Firmware.cpp.o
                0x000801bc                selectFila()
 .text.startup._GLOBAL__sub_I_zero_counter
                0x00080220       0x20 C:\Users\andre\AppData\Local\Temp\VMBuilds\SystemaPC2Firmware\arduino_due_x\Release\SystemaPC2Firmware.cpp.o
 .text.setup    0x00080240      0x1ac C:\Users\andre\AppData\Local\Temp\VMBuilds\SystemaPC2Firmware\arduino_due_x\Release\SystemaPC2Firmware.cpp.o
                0x00080240                setup
 .text._Z14sendCompressedh
                0x000803ec       0x88 C:\Users\andre\AppData\Local\Temp\VMBuilds\SystemaPC2Firmware\arduino_due_x\Release\SystemaPC2Firmware.cpp.o
                0x000803ec                sendCompressed(unsigned char)
 .text.loop     0x00080474      0x114 C:\Users\andre\AppData\Local\Temp\VMBuilds\SystemaPC2Firmware\arduino_due_x\Release\SystemaPC2Firmware.cpp.o
                0x00080474                loop
 .text._ZL10SPI_0_Initv
                0x00080588       0x48 C:\Users\andre\AppData\Local\Temp\VMBuilds\SystemaPC2Firmware\arduino_due_x\Release\SPI\SPI.cpp.o
 .text._ZN8SPIClass4initEv
                0x000805d0       0x36 C:\Users\andre\AppData\Local\Temp\VMBuilds\SystemaPC2Firmware\arduino_due_x\Release\SPI\SPI.cpp.o
                0x000805d0                SPIClass::init()
 *fill*         0x00080606        0x2 
 .text._ZN8SPIClass16beginTransactionEh11SPISettings
                0x00080608       0x98 C:\Users\andre\AppData\Local\Temp\VMBuilds\SystemaPC2Firmware\arduino_due_x\Release\SPI\SPI.cpp.o
                0x00080608                SPIClass::beginTransaction(unsigned char, SPISettings)
 .text._ZN8SPIClass11setDataModeEhh
                0x000806a0       0x34 C:\Users\andre\AppData\Local\Temp\VMBuilds\SystemaPC2Firmware\arduino_due_x\Release\SPI\SPI.cpp.o
                0x000806a0                SPIClass::setDataMode(unsigned char, unsigned char)
 .text._ZN8SPIClass15setClockDividerEhh
                0x000806d4       0x2e C:\Users\andre\AppData\Local\Temp\VMBuilds\SystemaPC2Firmware\arduino_due_x\Release\SPI\SPI.cpp.o
                0x000806d4                SPIClass::setClockDivider(unsigned char, unsigned char)
 .text._ZN8SPIClass5beginEv
                0x00080702       0x22 C:\Users\andre\AppData\Local\Temp\VMBuilds\SystemaPC2Firmware\arduino_due_x\Release\SPI\SPI.cpp.o
                0x00080702                SPIClass::begin()
 .text.startup._GLOBAL__sub_I__ZN8SPIClassC2EP3SpimPFvvE
                0x00080724       0x24 C:\Users\andre\AppData\Local\Temp\VMBuilds\SystemaPC2Firmware\arduino_due_x\Release\SPI\SPI.cpp.o
 .text._ZN7OneWire5resetEv
                0x00080748       0x5a C:\Users\andre\AppData\Local\Temp\VMBuilds\SystemaPC2Firmware\arduino_due_x\Release\OneWire\OneWire.cpp.o
                0x00080748                OneWire::reset()
 .text._ZN7OneWire9write_bitEh
                0x000807a2       0x40 C:\Users\andre\AppData\Local\Temp\VMBuilds\SystemaPC2Firmware\arduino_due_x\Release\OneWire\OneWire.cpp.o
                0x000807a2                OneWire::write_bit(unsigned char)
 .text._ZN7OneWire8read_bitEv
                0x000807e2       0x36 C:\Users\andre\AppData\Local\Temp\VMBuilds\SystemaPC2Firmware\arduino_due_x\Release\OneWire\OneWire.cpp.o
                0x000807e2                OneWire::read_bit()
 .text._ZN7OneWire5writeEhh
                0x00080818       0x3a C:\Users\andre\AppData\Local\Temp\VMBuilds\SystemaPC2Firmware\arduino_due_x\Release\OneWire\OneWire.cpp.o
                0x00080818                OneWire::write(unsigned char, unsigned char)
 .text._ZN7OneWire4readEv
                0x00080852       0x20 C:\Users\andre\AppData\Local\Temp\VMBuilds\SystemaPC2Firmware\arduino_due_x\Release\OneWire\OneWire.cpp.o
                0x00080852                OneWire::read()
 .text._ZN7OneWire6selectEPKh
                0x00080872       0x22 C:\Users\andre\AppData\Local\Temp\VMBuilds\SystemaPC2Firmware\arduino_due_x\Release\OneWire\OneWire.cpp.o
                0x00080872                OneWire::select(unsigned char const*)
 .text._ZN7OneWire12reset_searchEv
                0x00080894       0x18 C:\Users\andre\AppData\Local\Temp\VMBuilds\SystemaPC2Firmware\arduino_due_x\Release\OneWire\OneWire.cpp.o
                0x00080894                OneWire::reset_search()
 .text._ZN7OneWire5beginEh
                0x000808ac       0x2c C:\Users\andre\AppData\Local\Temp\VMBuilds\SystemaPC2Firmware\arduino_due_x\Release\OneWire\OneWire.cpp.o
                0x000808ac                OneWire::begin(unsigned char)
 .text._ZN7OneWire6searchEPhb
                0x000808d8       0xee C:\Users\andre\AppData\Local\Temp\VMBuilds\SystemaPC2Firmware\arduino_due_x\Release\OneWire\OneWire.cpp.o
                0x000808d8                OneWire::search(unsigned char*, bool)
 *fill*         0x000809c6        0x2 
 .text._ZN7OneWire4crc8EPKhh
                0x000809c8       0x2c C:\Users\andre\AppData\Local\Temp\VMBuilds\SystemaPC2Firmware\arduino_due_x\Release\OneWire\OneWire.cpp.o
                0x000809c8                OneWire::crc8(unsigned char const*, unsigned char)
 .text._ZN17DallasTemperature10setOneWireEP7OneWire
                0x000809f4       0x16 C:\Users\andre\AppData\Local\Temp\VMBuilds\SystemaPC2Firmware\arduino_due_x\Release\DallasTemperature\DallasTemperature.cpp.o
                0x000809f4                DallasTemperature::setOneWire(OneWire*)
 .text._ZN17DallasTemperatureC2EP7OneWire
                0x00080a0a       0x10 C:\Users\andre\AppData\Local\Temp\VMBuilds\SystemaPC2Firmware\arduino_due_x\Release\DallasTemperature\DallasTemperature.cpp.o
                0x00080a0a                DallasTemperature::DallasTemperature(OneWire*)
                0x00080a0a                DallasTemperature::DallasTemperature(OneWire*)
 .text._ZN17DallasTemperature12validAddressEPKh
                0x00080a1a       0x16 C:\Users\andre\AppData\Local\Temp\VMBuilds\SystemaPC2Firmware\arduino_due_x\Release\DallasTemperature\DallasTemperature.cpp.o
                0x00080a1a                DallasTemperature::validAddress(unsigned char const*)
 .text._ZN17DallasTemperature10getAddressEPhh
                0x00080a30       0x3a C:\Users\andre\AppData\Local\Temp\VMBuilds\SystemaPC2Firmware\arduino_due_x\Release\DallasTemperature\DallasTemperature.cpp.o
                0x00080a30                DallasTemperature::getAddress(unsigned char*, unsigned char)
 .text._ZN17DallasTemperature14readScratchPadEPKhPh
                0x00080a6a       0x40 C:\Users\andre\AppData\Local\Temp\VMBuilds\SystemaPC2Firmware\arduino_due_x\Release\DallasTemperature\DallasTemperature.cpp.o
                0x00080a6a                DallasTemperature::readScratchPad(unsigned char const*, unsigned char*)
 .text._ZN17DallasTemperature11isConnectedEPKhPh
                0x00080aaa       0x1c C:\Users\andre\AppData\Local\Temp\VMBuilds\SystemaPC2Firmware\arduino_due_x\Release\DallasTemperature\DallasTemperature.cpp.o
                0x00080aaa                DallasTemperature::isConnected(unsigned char const*, unsigned char*)
 .text._ZN17DallasTemperature15writeScratchPadEPKhS1_
                0x00080ac6       0x76 C:\Users\andre\AppData\Local\Temp\VMBuilds\SystemaPC2Firmware\arduino_due_x\Release\DallasTemperature\DallasTemperature.cpp.o
                0x00080ac6                DallasTemperature::writeScratchPad(unsigned char const*, unsigned char const*)
 .text._ZN17DallasTemperature13getResolutionEPKh
                0x00080b3c       0x40 C:\Users\andre\AppData\Local\Temp\VMBuilds\SystemaPC2Firmware\arduino_due_x\Release\DallasTemperature\DallasTemperature.cpp.o
                0x00080b3c                DallasTemperature::getResolution(unsigned char const*)
 .text._ZN17DallasTemperature13setResolutionEPKhhb
                0x00080b7c       0xac C:\Users\andre\AppData\Local\Temp\VMBuilds\SystemaPC2Firmware\arduino_due_x\Release\DallasTemperature\DallasTemperature.cpp.o
                0x00080b7c                DallasTemperature::setResolution(unsigned char const*, unsigned char, bool)
 .text._Z11serialEventv
                0x00080c28        0x2 C:\Users\andre\AppData\Local\Temp\VMBCore\visualmicro\edf39ea94a4823db2dafaf834e67dd19\variant\variant.cpp.o
                0x00080c28                serialEvent()
 *fill*         0x00080c2a        0x2 
 .text.UART_Handler
                0x00080c2c        0xc C:\Users\andre\AppData\Local\Temp\VMBCore\visualmicro\edf39ea94a4823db2dafaf834e67dd19\variant\variant.cpp.o
                0x00080c2c                UART_Handler
 .text._Z12serialEvent1v
                0x00080c38        0x2 C:\Users\andre\AppData\Local\Temp\VMBCore\visualmicro\edf39ea94a4823db2dafaf834e67dd19\variant\variant.cpp.o
                0x00080c38                serialEvent1()
 .text._Z12serialEvent2v
                0x00080c3a        0x2 C:\Users\andre\AppData\Local\Temp\VMBCore\visualmicro\edf39ea94a4823db2dafaf834e67dd19\variant\variant.cpp.o
                0x00080c3a                serialEvent2()
 .text._Z12serialEvent3v
                0x00080c3c        0x2 C:\Users\andre\AppData\Local\Temp\VMBCore\visualmicro\edf39ea94a4823db2dafaf834e67dd19\variant\variant.cpp.o
                0x00080c3c                serialEvent3()
 *fill*         0x00080c3e        0x2 
 .text.USART0_Handler
                0x00080c40        0xc C:\Users\andre\AppData\Local\Temp\VMBCore\visualmicro\edf39ea94a4823db2dafaf834e67dd19\variant\variant.cpp.o
                0x00080c40                USART0_Handler
 .text.USART1_Handler
                0x00080c4c        0xc C:\Users\andre\AppData\Local\Temp\VMBCore\visualmicro\edf39ea94a4823db2dafaf834e67dd19\variant\variant.cpp.o
                0x00080c4c                USART1_Handler
 .text.USART3_Handler
                0x00080c58        0xc C:\Users\andre\AppData\Local\Temp\VMBCore\visualmicro\edf39ea94a4823db2dafaf834e67dd19\variant\variant.cpp.o
                0x00080c58                USART3_Handler
 .text.init     0x00080c64      0x128 C:\Users\andre\AppData\Local\Temp\VMBCore\visualmicro\edf39ea94a4823db2dafaf834e67dd19\variant\variant.cpp.o
                0x00080c64                init
 .text.startup._GLOBAL__sub_I_g_APinDescription
                0x00080d8c       0xd4 C:\Users\andre\AppData\Local\Temp\VMBCore\visualmicro\edf39ea94a4823db2dafaf834e67dd19\variant\variant.cpp.o
 .text._Z14serialEventRunv
                0x00080e60       0x44 C:\Users\andre\AppData\Local\Temp\VMBCore\visualmicro\edf39ea94a4823db2dafaf834e67dd19\variant\variant.cpp.o
                0x00080e60                serialEventRun()
 .text.PIO_PullUp
                0x00080ea4        0xa C:\Users\andre\AppData\Local\arduino15\packages\arduino\hardware\sam\1.6.11\variants\arduino_due_x/libsam_sam3x8e_gcc_rel.a(pio.o)
                0x00080ea4                PIO_PullUp
 .text.PIO_SetPeripheral
                0x00080eae       0x26 C:\Users\andre\AppData\Local\arduino15\packages\arduino\hardware\sam\1.6.11\variants\arduino_due_x/libsam_sam3x8e_gcc_rel.a(pio.o)
                0x00080eae                PIO_SetPeripheral
 .text.PIO_SetInput
                0x00080ed4       0x26 C:\Users\andre\AppData\Local\arduino15\packages\arduino\hardware\sam\1.6.11\variants\arduino_due_x/libsam_sam3x8e_gcc_rel.a(pio.o)
                0x00080ed4                PIO_SetInput
 .text.PIO_SetOutput
                0x00080efa       0x24 C:\Users\andre\AppData\Local\arduino15\packages\arduino\hardware\sam\1.6.11\variants\arduino_due_x/libsam_sam3x8e_gcc_rel.a(pio.o)
                0x00080efa                PIO_SetOutput
 *fill*         0x00080f1e        0x2 
 .text.PIO_Configure
                0x00080f20       0x64 C:\Users\andre\AppData\Local\arduino15\packages\arduino\hardware\sam\1.6.11\variants\arduino_due_x/libsam_sam3x8e_gcc_rel.a(pio.o)
                0x00080f20                PIO_Configure
 .text.PIO_GetOutputDataStatus
                0x00080f84       0x14 C:\Users\andre\AppData\Local\arduino15\packages\arduino\hardware\sam\1.6.11\variants\arduino_due_x/libsam_sam3x8e_gcc_rel.a(pio.o)
                0x00080f84                PIO_GetOutputDataStatus
 .text.pmc_enable_upll_clock
                0x00080f98       0x14 C:\Users\andre\AppData\Local\arduino15\packages\arduino\hardware\sam\1.6.11\variants\arduino_due_x/libsam_sam3x8e_gcc_rel.a(pmc.o)
                0x00080f98                pmc_enable_upll_clock
 .text.pmc_enable_periph_clk
                0x00080fac       0x44 C:\Users\andre\AppData\Local\arduino15\packages\arduino\hardware\sam\1.6.11\variants\arduino_due_x/libsam_sam3x8e_gcc_rel.a(pmc.o)
                0x00080fac                pmc_enable_periph_clk
 .text.pmc_disable_periph_clk
                0x00080ff0       0x40 C:\Users\andre\AppData\Local\arduino15\packages\arduino\hardware\sam\1.6.11\variants\arduino_due_x/libsam_sam3x8e_gcc_rel.a(pmc.o)
                0x00080ff0                pmc_disable_periph_clk
 .text.pmc_switch_udpck_to_upllck
                0x00081030       0x14 C:\Users\andre\AppData\Local\arduino15\packages\arduino\hardware\sam\1.6.11\variants\arduino_due_x/libsam_sam3x8e_gcc_rel.a(pmc.o)
                0x00081030                pmc_switch_udpck_to_upllck
 .text.pmc_enable_udpck
                0x00081044        0xc C:\Users\andre\AppData\Local\arduino15\packages\arduino\hardware\sam\1.6.11\variants\arduino_due_x/libsam_sam3x8e_gcc_rel.a(pmc.o)
                0x00081044                pmc_enable_udpck
 .text.SPI_Enable
                0x00081050        0x6 C:\Users\andre\AppData\Local\arduino15\packages\arduino\hardware\sam\1.6.11\variants\arduino_due_x/libsam_sam3x8e_gcc_rel.a(spi.o)
                0x00081050                SPI_Enable
 *fill*         0x00081056        0x2 
 .text.SPI_Configure
                0x00081058       0x20 C:\Users\andre\AppData\Local\arduino15\packages\arduino\hardware\sam\1.6.11\variants\arduino_due_x/libsam_sam3x8e_gcc_rel.a(spi.o)
                0x00081058                SPI_Configure
 .text.SPI_ConfigureNPCS
                0x00081078        0x8 C:\Users\andre\AppData\Local\arduino15\packages\arduino\hardware\sam\1.6.11\variants\arduino_due_x/libsam_sam3x8e_gcc_rel.a(spi.o)
                0x00081078                SPI_ConfigureNPCS
 .text.SystemInit
                0x00081080       0x88 C:\Users\andre\AppData\Local\arduino15\packages\arduino\hardware\sam\1.6.11\variants\arduino_due_x/libsam_sam3x8e_gcc_rel.a(system_sam3xa.o)
                0x00081080                SystemInit
 .text.Reset_Handler
                0x00081108       0x78 C:\Users\andre\AppData\Local\arduino15\packages\arduino\hardware\sam\1.6.11\variants\arduino_due_x/libsam_sam3x8e_gcc_rel.a(startup_sam3xa.o)
                0x00081108                Reset_Handler
 .text.adc_init
                0x00081180       0x98 C:\Users\andre\AppData\Local\arduino15\packages\arduino\hardware\sam\1.6.11\variants\arduino_due_x/libsam_sam3x8e_gcc_rel.a(adc.o)
                0x00081180                adc_init
 .text.adc_configure_trigger
                0x00081218        0xe C:\Users\andre\AppData\Local\arduino15\packages\arduino\hardware\sam\1.6.11\variants\arduino_due_x/libsam_sam3x8e_gcc_rel.a(adc.o)
                0x00081218                adc_configure_trigger
 .text.adc_configure_timing
                0x00081226       0x1a C:\Users\andre\AppData\Local\arduino15\packages\arduino\hardware\sam\1.6.11\variants\arduino_due_x/libsam_sam3x8e_gcc_rel.a(adc.o)
                0x00081226                adc_configure_timing
 .text.adc_start
                0x00081240        0x6 C:\Users\andre\AppData\Local\arduino15\packages\arduino\hardware\sam\1.6.11\variants\arduino_due_x/libsam_sam3x8e_gcc_rel.a(adc.o)
                0x00081240                adc_start
 .text.adc_enable_channel
                0x00081246        0xa C:\Users\andre\AppData\Local\arduino15\packages\arduino\hardware\sam\1.6.11\variants\arduino_due_x/libsam_sam3x8e_gcc_rel.a(adc.o)
                0x00081246                adc_enable_channel
 .text.adc_disable_channel
                0x00081250        0xa C:\Users\andre\AppData\Local\arduino15\packages\arduino\hardware\sam\1.6.11\variants\arduino_due_x/libsam_sam3x8e_gcc_rel.a(adc.o)
                0x00081250                adc_disable_channel
 .text.adc_disable_all_channel
                0x0008125a        0x8 C:\Users\andre\AppData\Local\arduino15\packages\arduino\hardware\sam\1.6.11\variants\arduino_due_x/libsam_sam3x8e_gcc_rel.a(adc.o)
                0x0008125a                adc_disable_all_channel
 .text.adc_get_channel_status
                0x00081262        0xa C:\Users\andre\AppData\Local\arduino15\packages\arduino\hardware\sam\1.6.11\variants\arduino_due_x/libsam_sam3x8e_gcc_rel.a(adc.o)
                0x00081262                adc_get_channel_status
 .text.adc_get_latest_value
                0x0008126c        0x4 C:\Users\andre\AppData\Local\arduino15\packages\arduino\hardware\sam\1.6.11\variants\arduino_due_x/libsam_sam3x8e_gcc_rel.a(adc.o)
                0x0008126c                adc_get_latest_value
 .text.adc_disable_interrupt
                0x00081270        0x4 C:\Users\andre\AppData\Local\arduino15\packages\arduino\hardware\sam\1.6.11\variants\arduino_due_x/libsam_sam3x8e_gcc_rel.a(adc.o)
                0x00081270                adc_disable_interrupt
 .text.adc_get_status
                0x00081274        0x4 C:\Users\andre\AppData\Local\arduino15\packages\arduino\hardware\sam\1.6.11\variants\arduino_due_x/libsam_sam3x8e_gcc_rel.a(adc.o)
                0x00081274                adc_get_status
 .text.UOTGHS_Handler
                0x00081278       0x10 C:\Users\andre\AppData\Local\arduino15\packages\arduino\hardware\sam\1.6.11\variants\arduino_due_x/libsam_sam3x8e_gcc_rel.a(uotghs.o)
                0x00081278                UOTGHS_Handler
 .text.__halt   0x00081288        0x2 C:\Users\andre\AppData\Local\Temp\VMBuilds\SystemaPC2Firmware\arduino_due_x\Release/core.a(cortex_handlers.c.o)
                0x00081288                DACC_Handler
                0x00081288                DebugMon_Handler
                0x00081288                DMAC_Handler
                0x00081288                TRNG_Handler
                0x00081288                HardFault_Handler
                0x00081288                TC2_Handler
                0x00081288                TWI1_Handler
                0x00081288                NMI_Handler
                0x00081288                TC7_Handler
                0x00081288                ADC_Handler
                0x00081288                SMC_Handler
                0x00081288                RTT_Handler
                0x00081288                EFC1_Handler
                0x00081288                PIOB_Handler
                0x00081288                RTC_Handler
                0x00081288                UsageFault_Handler
                0x00081288                TC6_Handler
                0x00081288                WDT_Handler
                0x00081288                CAN0_Handler
                0x00081288                TC4_Handler
                0x00081288                TC1_Handler
                0x00081288                HSMCI_Handler
                0x00081288                TC3_Handler
                0x00081288                TWI0_Handler
                0x00081288                PIOA_Handler
                0x00081288                SSC_Handler
                0x00081288                EFC0_Handler
                0x00081288                PMC_Handler
                0x00081288                PWM_Handler
                0x00081288                CAN1_Handler
                0x00081288                MemManage_Handler
                0x00081288                SUPC_Handler
                0x00081288                TC8_Handler
                0x00081288                USART2_Handler
                0x00081288                PIOD_Handler
                0x00081288                EMAC_Handler
                0x00081288                PIOC_Handler
                0x00081288                BusFault_Handler
                0x00081288                RSTC_Handler
                0x00081288                TC0_Handler
                0x00081288                TC5_Handler
                0x00081288                SPI0_Handler
 .text.SVC_Handler
                0x0008128a        0x4 C:\Users\andre\AppData\Local\Temp\VMBuilds\SystemaPC2Firmware\arduino_due_x\Release/core.a(cortex_handlers.c.o)
                0x0008128a                SVC_Handler
 .text.PendSV_Handler
                0x0008128e        0x4 C:\Users\andre\AppData\Local\Temp\VMBuilds\SystemaPC2Firmware\arduino_due_x\Release/core.a(cortex_handlers.c.o)
                0x0008128e                PendSV_Handler
 .text.SysTick_Handler
                0x00081292       0x16 C:\Users\andre\AppData\Local\Temp\VMBuilds\SystemaPC2Firmware\arduino_due_x\Release/core.a(cortex_handlers.c.o)
                0x00081292                SysTick_Handler
 .text.__empty  0x000812a8        0x2 C:\Users\andre\AppData\Local\Temp\VMBuilds\SystemaPC2Firmware\arduino_due_x\Release/core.a(hooks.c.o)
                0x000812a8                yield
 .text.__false  0x000812aa        0x4 C:\Users\andre\AppData\Local\Temp\VMBuilds\SystemaPC2Firmware\arduino_due_x\Release/core.a(hooks.c.o)
                0x000812aa                sysTickHook
 .text.__halt   0x000812ae        0x2 C:\Users\andre\AppData\Local\Temp\VMBuilds\SystemaPC2Firmware\arduino_due_x\Release/core.a(hooks.c.o)
                0x000812ae                svcHook
                0x000812ae                pendSVHook
 .text._sbrk    0x000812b0       0x1c C:\Users\andre\AppData\Local\Temp\VMBuilds\SystemaPC2Firmware\arduino_due_x\Release/core.a(syscalls_sam3.c.o)
                0x000812b0                _sbrk
 .text.link     0x000812cc        0x6 C:\Users\andre\AppData\Local\Temp\VMBuilds\SystemaPC2Firmware\arduino_due_x\Release/core.a(syscalls_sam3.c.o)
                0x000812cc                link
 .text._close   0x000812d2        0x6 C:\Users\andre\AppData\Local\Temp\VMBuilds\SystemaPC2Firmware\arduino_due_x\Release/core.a(syscalls_sam3.c.o)
                0x000812d2                _close
 .text._fstat   0x000812d8        0xa C:\Users\andre\AppData\Local\Temp\VMBuilds\SystemaPC2Firmware\arduino_due_x\Release/core.a(syscalls_sam3.c.o)
                0x000812d8                _fstat
 .text._isatty  0x000812e2        0x4 C:\Users\andre\AppData\Local\Temp\VMBuilds\SystemaPC2Firmware\arduino_due_x\Release/core.a(syscalls_sam3.c.o)
                0x000812e2                _isatty
 .text._lseek   0x000812e6        0x4 C:\Users\andre\AppData\Local\Temp\VMBuilds\SystemaPC2Firmware\arduino_due_x\Release/core.a(syscalls_sam3.c.o)
                0x000812e6                _lseek
 .text._read    0x000812ea        0x4 C:\Users\andre\AppData\Local\Temp\VMBuilds\SystemaPC2Firmware\arduino_due_x\Release/core.a(syscalls_sam3.c.o)
                0x000812ea                _read
 *fill*         0x000812ee        0x2 
 .text._write   0x000812f0       0x24 C:\Users\andre\AppData\Local\Temp\VMBuilds\SystemaPC2Firmware\arduino_due_x\Release/core.a(syscalls_sam3.c.o)
                0x000812f0                _write
 .text._exit    0x00081314       0x10 C:\Users\andre\AppData\Local\Temp\VMBuilds\SystemaPC2Firmware\arduino_due_x\Release/core.a(syscalls_sam3.c.o)
                0x00081314                _exit
 .text._kill    0x00081324        0x2 C:\Users\andre\AppData\Local\Temp\VMBuilds\SystemaPC2Firmware\arduino_due_x\Release/core.a(syscalls_sam3.c.o)
                0x00081324                _kill
 .text._getpid  0x00081326        0x6 C:\Users\andre\AppData\Local\Temp\VMBuilds\SystemaPC2Firmware\arduino_due_x\Release/core.a(syscalls_sam3.c.o)
                0x00081326                _getpid
 .text.millis   0x0008132c        0x4 C:\Users\andre\AppData\Local\Temp\VMBuilds\SystemaPC2Firmware\arduino_due_x\Release/core.a(wiring.c.o)
                0x0008132c                millis
 .text.delay    0x00081330       0x1c C:\Users\andre\AppData\Local\Temp\VMBuilds\SystemaPC2Firmware\arduino_due_x\Release/core.a(wiring.c.o)
                0x00081330                delay
 .text.mapResolution
                0x0008134c       0x12 C:\Users\andre\AppData\Local\Temp\VMBuilds\SystemaPC2Firmware\arduino_due_x\Release/core.a(wiring_analog.c.o)
 *fill*         0x0008135e        0x2 
 .text.analogRead
                0x00081360       0x9c C:\Users\andre\AppData\Local\Temp\VMBuilds\SystemaPC2Firmware\arduino_due_x\Release/core.a(wiring_analog.c.o)
                0x00081360                analogRead
 .text.analogOutputInit
                0x000813fc        0x2 C:\Users\andre\AppData\Local\Temp\VMBuilds\SystemaPC2Firmware\arduino_due_x\Release/core.a(wiring_analog.c.o)
                0x000813fc                analogOutputInit
 *fill*         0x000813fe        0x2 
 .text.pinMode  0x00081400      0x108 C:\Users\andre\AppData\Local\Temp\VMBuilds\SystemaPC2Firmware\arduino_due_x\Release/core.a(wiring_digital.c.o)
                0x00081400                pinMode
 .text.digitalWrite
                0x00081508       0x70 C:\Users\andre\AppData\Local\Temp\VMBuilds\SystemaPC2Firmware\arduino_due_x\Release/core.a(wiring_digital.c.o)
                0x00081508                digitalWrite
 .text.initVariant
                0x00081578        0x2 C:\Users\andre\AppData\Local\Temp\VMBuilds\SystemaPC2Firmware\arduino_due_x\Release/core.a(main.cpp.o)
                0x00081578                initVariant
 *fill*         0x0008157a        0x2 
 .text.startup.main
                0x0008157c       0x38 C:\Users\andre\AppData\Local\Temp\VMBuilds\SystemaPC2Firmware\arduino_due_x\Release/core.a(main.cpp.o)
                0x0008157c                main
 .text._ZN5Print5writeEPKhj
                0x000815b4       0x22 C:\Users\andre\AppData\Local\Temp\VMBuilds\SystemaPC2Firmware\arduino_due_x\Release/core.a(Print.cpp.o)
                0x000815b4                Print::write(unsigned char const*, unsigned int)
 .text._ZN5Print5writeEPKc
                0x000815d6       0x1e C:\Users\andre\AppData\Local\Temp\VMBuilds\SystemaPC2Firmware\arduino_due_x\Release/core.a(Print.cpp.o)
                0x000815d6                Print::write(char const*)
 .text._ZN5Print7printlnEv
                0x000815f4       0x10 C:\Users\andre\AppData\Local\Temp\VMBuilds\SystemaPC2Firmware\arduino_due_x\Release/core.a(Print.cpp.o)
                0x000815f4                Print::println()
 .text._ZN5Print7printlnEPKc
                0x00081604       0x14 C:\Users\andre\AppData\Local\Temp\VMBuilds\SystemaPC2Firmware\arduino_due_x\Release/core.a(Print.cpp.o)
                0x00081604                Print::println(char const*)
 .text.initiateReset
                0x00081618        0xc C:\Users\andre\AppData\Local\Temp\VMBuilds\SystemaPC2Firmware\arduino_due_x\Release/core.a(Reset.cpp.o)
                0x00081618                initiateReset
 .text.cancelReset
                0x00081624       0x10 C:\Users\andre\AppData\Local\Temp\VMBuilds\SystemaPC2Firmware\arduino_due_x\Release/core.a(Reset.cpp.o)
                0x00081624                cancelReset
 .text.tickReset
                0x00081634       0x20 C:\Users\andre\AppData\Local\Temp\VMBuilds\SystemaPC2Firmware\arduino_due_x\Release/core.a(Reset.cpp.o)
                0x00081634                tickReset
 .text._ZN10RingBufferC2Ev
                0x00081654       0x1a C:\Users\andre\AppData\Local\Temp\VMBuilds\SystemaPC2Firmware\arduino_due_x\Release/core.a(RingBuffer.cpp.o)
                0x00081654                RingBuffer::RingBuffer()
                0x00081654                RingBuffer::RingBuffer()
 .text._ZN10RingBuffer10store_charEh
                0x0008166e       0x1e C:\Users\andre\AppData\Local\Temp\VMBuilds\SystemaPC2Firmware\arduino_due_x\Release/core.a(RingBuffer.cpp.o)
                0x0008166e                RingBuffer::store_char(unsigned char)
 .text._ZN9UARTClasscvbEv
                0x0008168c        0x4 C:\Users\andre\AppData\Local\Temp\VMBuilds\SystemaPC2Firmware\arduino_due_x\Release/core.a(UARTClass.cpp.o)
                0x0008168c                UARTClass::operator bool()
 .text._ZN9UARTClass9availableEv
                0x00081690       0x12 C:\Users\andre\AppData\Local\Temp\VMBuilds\SystemaPC2Firmware\arduino_due_x\Release/core.a(UARTClass.cpp.o)
                0x00081690                UARTClass::available()
 .text._ZN9UARTClass4peekEv
                0x000816a2       0x1c C:\Users\andre\AppData\Local\Temp\VMBuilds\SystemaPC2Firmware\arduino_due_x\Release/core.a(UARTClass.cpp.o)
                0x000816a2                UARTClass::peek()
 .text._ZN9UARTClass4readEv
                0x000816be       0x2a C:\Users\andre\AppData\Local\Temp\VMBuilds\SystemaPC2Firmware\arduino_due_x\Release/core.a(UARTClass.cpp.o)
                0x000816be                UARTClass::read()
 .text._ZN9UARTClass5flushEv
                0x000816e8       0x18 C:\Users\andre\AppData\Local\Temp\VMBuilds\SystemaPC2Firmware\arduino_due_x\Release/core.a(UARTClass.cpp.o)
                0x000816e8                UARTClass::flush()
 .text._ZN9UARTClass5writeEh
                0x00081700       0x54 C:\Users\andre\AppData\Local\Temp\VMBuilds\SystemaPC2Firmware\arduino_due_x\Release/core.a(UARTClass.cpp.o)
                0x00081700                UARTClass::write(unsigned char)
 .text._ZN9UARTClass3endEv
                0x00081754       0x3c C:\Users\andre\AppData\Local\Temp\VMBuilds\SystemaPC2Firmware\arduino_due_x\Release/core.a(UARTClass.cpp.o)
                0x00081754                UARTClass::end()
 .text._ZN9UARTClassC2EP4Uart4IRQnmP10RingBufferS4_
                0x00081790       0x24 C:\Users\andre\AppData\Local\Temp\VMBuilds\SystemaPC2Firmware\arduino_due_x\Release/core.a(UARTClass.cpp.o)
                0x00081790                UARTClass::UARTClass(Uart*, IRQn, unsigned long, RingBuffer*, RingBuffer*)
                0x00081790                UARTClass::UARTClass(Uart*, IRQn, unsigned long, RingBuffer*, RingBuffer*)
 .text._ZN9UARTClass4initEmm
                0x000817b4       0x70 C:\Users\andre\AppData\Local\Temp\VMBuilds\SystemaPC2Firmware\arduino_due_x\Release/core.a(UARTClass.cpp.o)
                0x000817b4                UARTClass::init(unsigned long, unsigned long)
 .text._ZN9UARTClass5beginEm
                0x00081824        0x8 C:\Users\andre\AppData\Local\Temp\VMBuilds\SystemaPC2Firmware\arduino_due_x\Release/core.a(UARTClass.cpp.o)
                0x00081824                UARTClass::begin(unsigned long)
 .text._ZN9UARTClass10IrqHandlerEv
                0x0008182c       0x5a C:\Users\andre\AppData\Local\Temp\VMBuilds\SystemaPC2Firmware\arduino_due_x\Release/core.a(UARTClass.cpp.o)
                0x0008182c                UARTClass::IrqHandler()
 .text._ZN10USARTClass5beginEm
                0x00081886        0x8 C:\Users\andre\AppData\Local\Temp\VMBuilds\SystemaPC2Firmware\arduino_due_x\Release/core.a(USARTClass.cpp.o)
                0x00081886                USARTClass::begin(unsigned long)
 *fill*         0x0008188e        0x2 
 .text._ZN10USARTClassC2EP5Usart4IRQnmP10RingBufferS4_
                0x00081890       0x24 C:\Users\andre\AppData\Local\Temp\VMBuilds\SystemaPC2Firmware\arduino_due_x\Release/core.a(USARTClass.cpp.o)
                0x00081890                USARTClass::USARTClass(Usart*, IRQn, unsigned long, RingBuffer*, RingBuffer*)
                0x00081890                USARTClass::USARTClass(Usart*, IRQn, unsigned long, RingBuffer*, RingBuffer*)
 .text._watchdogDefaultSetup
                0x000818b4        0xc C:\Users\andre\AppData\Local\Temp\VMBuilds\SystemaPC2Firmware\arduino_due_x\Release/core.a(watchdog.cpp.o)
                0x000818b4                _watchdogDefaultSetup
                0x000818b4                watchdogSetup()
 .text._ZN7Serial_9availableEv
                0x000818c0       0x18 C:\Users\andre\AppData\Local\Temp\VMBuilds\SystemaPC2Firmware\arduino_due_x\Release/core.a(CDC.cpp.o)
                0x000818c0                Serial_::available()
 .text._ZN7Serial_17availableForWriteEv
                0x000818d8        0x6 C:\Users\andre\AppData\Local\Temp\VMBuilds\SystemaPC2Firmware\arduino_due_x\Release/core.a(CDC.cpp.o)
                0x000818d8                Serial_::availableForWrite()
 *fill*         0x000818de        0x2 
 .text._ZN7Serial_4peekEv
                0x000818e0       0x20 C:\Users\andre\AppData\Local\Temp\VMBuilds\SystemaPC2Firmware\arduino_due_x\Release/core.a(CDC.cpp.o)
                0x000818e0                Serial_::peek()
 .text._ZN7Serial_5writeEh
                0x00081900       0x16 C:\Users\andre\AppData\Local\Temp\VMBuilds\SystemaPC2Firmware\arduino_due_x\Release/core.a(CDC.cpp.o)
                0x00081900                Serial_::write(unsigned char)
 *fill*         0x00081916        0x2 
 .text._ZN7Serial_4readEv
                0x00081918       0x44 C:\Users\andre\AppData\Local\Temp\VMBuilds\SystemaPC2Firmware\arduino_due_x\Release/core.a(CDC.cpp.o)
                0x00081918                Serial_::read()
 .text._ZN7Serial_5flushEv
                0x0008195c        0x6 C:\Users\andre\AppData\Local\Temp\VMBuilds\SystemaPC2Firmware\arduino_due_x\Release/core.a(CDC.cpp.o)
                0x0008195c                Serial_::flush()
 *fill*         0x00081962        0x2 
 .text._ZN7Serial_6acceptEv
                0x00081964       0x70 C:\Users\andre\AppData\Local\Temp\VMBuilds\SystemaPC2Firmware\arduino_due_x\Release/core.a(CDC.cpp.o)
                0x00081964                Serial_::accept()
 .text._ZN7Serial_5writeEPKhj
                0x000819d4       0x2c C:\Users\andre\AppData\Local\Temp\VMBuilds\SystemaPC2Firmware\arduino_due_x\Release/core.a(CDC.cpp.o)
                0x000819d4                Serial_::write(unsigned char const*, unsigned int)
 .text._Z16CDC_GetInterfacePh
                0x00081a00       0x14 C:\Users\andre\AppData\Local\Temp\VMBuilds\SystemaPC2Firmware\arduino_due_x\Release/core.a(CDC.cpp.o)
                0x00081a00                CDC_GetInterface(unsigned char*)
 .text._Z21CDC_GetOtherInterfacePh
                0x00081a14       0x14 C:\Users\andre\AppData\Local\Temp\VMBuilds\SystemaPC2Firmware\arduino_due_x\Release/core.a(CDC.cpp.o)
                0x00081a14                CDC_GetOtherInterface(unsigned char*)
 .text._Z9CDC_SetupR8USBSetup
                0x00081a28       0x78 C:\Users\andre\AppData\Local\Temp\VMBuilds\SystemaPC2Firmware\arduino_due_x\Release/core.a(CDC.cpp.o)
                0x00081a28                CDC_Setup(USBSetup&)
 .text._ZN7Serial_5beginEm
                0x00081aa0        0x2 C:\Users\andre\AppData\Local\Temp\VMBuilds\SystemaPC2Firmware\arduino_due_x\Release/core.a(CDC.cpp.o)
                0x00081aa0                Serial_::begin(unsigned long)
 *fill*         0x00081aa2        0x2 
 .text._ZN7Serial_cvbEv
                0x00081aa4       0x28 C:\Users\andre\AppData\Local\Temp\VMBuilds\SystemaPC2Firmware\arduino_due_x\Release/core.a(CDC.cpp.o)
                0x00081aa4                Serial_::operator bool()
 .text.startup._GLOBAL__sub_I_cdc_rx_buffer
                0x00081acc       0x1c C:\Users\andre\AppData\Local\Temp\VMBuilds\SystemaPC2Firmware\arduino_due_x\Release/core.a(CDC.cpp.o)
 .text.unlikely._ZL11USB_SendZlpv
                0x00081ae8       0x20 C:\Users\andre\AppData\Local\Temp\VMBuilds\SystemaPC2Firmware\arduino_due_x\Release/core.a(USBCore.cpp.o)
 .text._Z14USBD_Availablem
                0x00081b08       0x2c C:\Users\andre\AppData\Local\Temp\VMBuilds\SystemaPC2Firmware\arduino_due_x\Release/core.a(USBCore.cpp.o)
                0x00081b08                USBD_Available(unsigned long)
 .text._Z9USBD_RecvmPvm
                0x00081b34       0x7c C:\Users\andre\AppData\Local\Temp\VMBuilds\SystemaPC2Firmware\arduino_due_x\Release/core.a(USBCore.cpp.o)
                0x00081b34                USBD_Recv(unsigned long, void*, unsigned long)
 .text._Z9USBD_Recvm
                0x00081bb0       0x22 C:\Users\andre\AppData\Local\Temp\VMBuilds\SystemaPC2Firmware\arduino_due_x\Release/core.a(USBCore.cpp.o)
                0x00081bb0                USBD_Recv(unsigned long)
 *fill*         0x00081bd2        0x2 
 .text._Z9USBD_SendmPKvm
                0x00081bd4       0x4c C:\Users\andre\AppData\Local\Temp\VMBuilds\SystemaPC2Firmware\arduino_due_x\Release/core.a(USBCore.cpp.o)
                0x00081bd4                USBD_Send(unsigned long, void const*, unsigned long)
 .text._Z16USBD_SendControlhPKvm
                0x00081c20       0x40 C:\Users\andre\AppData\Local\Temp\VMBuilds\SystemaPC2Firmware\arduino_due_x\Release/core.a(USBCore.cpp.o)
                0x00081c20                USBD_SendControl(unsigned char, void const*, unsigned long)
 .text.unlikely._ZL24USB_SendStringDescriptorPKhi
                0x00081c60       0x64 C:\Users\andre\AppData\Local\Temp\VMBuilds\SystemaPC2Firmware\arduino_due_x\Release/core.a(USBCore.cpp.o)
 .text._Z16USBD_RecvControlPvm
                0x00081cc4       0x1c C:\Users\andre\AppData\Local\Temp\VMBuilds\SystemaPC2Firmware\arduino_due_x\Release/core.a(USBCore.cpp.o)
                0x00081cc4                USBD_RecvControl(void*, unsigned long)
 .text._Z26USBD_ClassInterfaceRequestR8USBSetup
                0x00081ce0       0x1e C:\Users\andre\AppData\Local\Temp\VMBuilds\SystemaPC2Firmware\arduino_due_x\Release/core.a(USBCore.cpp.o)
                0x00081ce0                USBD_ClassInterfaceRequest(USBSetup&)
 .text._Z19USBD_SendInterfacesv
                0x00081cfe       0x22 C:\Users\andre\AppData\Local\Temp\VMBuilds\SystemaPC2Firmware\arduino_due_x\Release/core.a(USBCore.cpp.o)
                0x00081cfe                USBD_SendInterfaces()
 .text._Z24USBD_SendOtherInterfacesv
                0x00081d20       0x22 C:\Users\andre\AppData\Local\Temp\VMBuilds\SystemaPC2Firmware\arduino_due_x\Release/core.a(USBCore.cpp.o)
                0x00081d20                USBD_SendOtherInterfaces()
 .text._Z10USBD_Flushm
                0x00081d42       0x16 C:\Users\andre\AppData\Local\Temp\VMBuilds\SystemaPC2Firmware\arduino_due_x\Release/core.a(USBCore.cpp.o)
                0x00081d42                USBD_Flush(unsigned long)
 .text._ZN10USBDevice_C2Ev
                0x00081d58       0x24 C:\Users\andre\AppData\Local\Temp\VMBuilds\SystemaPC2Firmware\arduino_due_x\Release/core.a(USBCore.cpp.o)
                0x00081d58                USBDevice_::USBDevice_()
                0x00081d58                USBDevice_::USBDevice_()
 .text._ZN10USBDevice_6attachEv
                0x00081d7c       0x20 C:\Users\andre\AppData\Local\Temp\VMBuilds\SystemaPC2Firmware\arduino_due_x\Release/core.a(USBCore.cpp.o)
                0x00081d7c                USBDevice_::attach()
 .text.startup._GLOBAL__sub_I_EndPoints
                0x00081d9c        0xc C:\Users\andre\AppData\Local\Temp\VMBuilds\SystemaPC2Firmware\arduino_due_x\Release/core.a(USBCore.cpp.o)
 .text._ZL7USB_ISRv
                0x00081da8      0x454 C:\Users\andre\AppData\Local\Temp\VMBuilds\SystemaPC2Firmware\arduino_due_x\Release/core.a(USBCore.cpp.o)
 .text._ZN13PluggableUSB_12getInterfaceEPh
                0x000821fc       0x28 C:\Users\andre\AppData\Local\Temp\VMBuilds\SystemaPC2Firmware\arduino_due_x\Release/core.a(PluggableUSB.cpp.o)
                0x000821fc                PluggableUSB_::getInterface(unsigned char*)
 .text._ZN13PluggableUSB_13getDescriptorER8USBSetup
                0x00082224       0x1c C:\Users\andre\AppData\Local\Temp\VMBuilds\SystemaPC2Firmware\arduino_due_x\Release/core.a(PluggableUSB.cpp.o)
                0x00082224                PluggableUSB_::getDescriptor(USBSetup&)
 .text._ZN13PluggableUSB_12getShortNameEPc
                0x00082240       0x1c C:\Users\andre\AppData\Local\Temp\VMBuilds\SystemaPC2Firmware\arduino_due_x\Release/core.a(PluggableUSB.cpp.o)
                0x00082240                PluggableUSB_::getShortName(char*)
 .text._ZN13PluggableUSB_5setupER8USBSetup
                0x0008225c       0x20 C:\Users\andre\AppData\Local\Temp\VMBuilds\SystemaPC2Firmware\arduino_due_x\Release/core.a(PluggableUSB.cpp.o)
                0x0008225c                PluggableUSB_::setup(USBSetup&)
 .text._Z12PluggableUSBv
                0x0008227c       0x28 C:\Users\andre\AppData\Local\Temp\VMBuilds\SystemaPC2Firmware\arduino_due_x\Release/core.a(PluggableUSB.cpp.o)
                0x0008227c                PluggableUSB()
 .text.TimeTick_Increment
                0x000822a4       0x10 C:\Users\andre\AppData\Local\arduino15\packages\arduino\hardware\sam\1.6.11\variants\arduino_due_x/libsam_sam3x8e_gcc_rel.a(timetick.o)
                0x000822a4                TimeTick_Increment
 .text.GetTickCount
                0x000822b4        0xc C:\Users\andre\AppData\Local\arduino15\packages\arduino\hardware\sam\1.6.11\variants\arduino_due_x/libsam_sam3x8e_gcc_rel.a(timetick.o)
                0x000822b4                GetTickCount
 .text.WDT_Disable
                0x000822c0        0x8 C:\Users\andre\AppData\Local\arduino15\packages\arduino\hardware\sam\1.6.11\variants\arduino_due_x/libsam_sam3x8e_gcc_rel.a(wdt.o)
                0x000822c0                WDT_Disable
 .text.UDD_SetStack
                0x000822c8        0xc C:\Users\andre\AppData\Local\arduino15\packages\arduino\hardware\sam\1.6.11\variants\arduino_due_x/libsam_sam3x8e_gcc_rel.a(uotghs_device.o)
                0x000822c8                UDD_SetStack
 .text.UDD_Init
                0x000822d4       0xd0 C:\Users\andre\AppData\Local\arduino15\packages\arduino\hardware\sam\1.6.11\variants\arduino_due_x/libsam_sam3x8e_gcc_rel.a(uotghs_device.o)
                0x000822d4                UDD_Init
 .text.UDD_Attach
                0x000823a4       0x50 C:\Users\andre\AppData\Local\arduino15\packages\arduino\hardware\sam\1.6.11\variants\arduino_due_x/libsam_sam3x8e_gcc_rel.a(uotghs_device.o)
                0x000823a4                UDD_Attach
 .text.UDD_InitEP
                0x000823f4       0x2c C:\Users\andre\AppData\Local\arduino15\packages\arduino\hardware\sam\1.6.11\variants\arduino_due_x/libsam_sam3x8e_gcc_rel.a(uotghs_device.o)
                0x000823f4                UDD_InitEP
 .text.UDD_InitEndpoints
                0x00082420       0x3c C:\Users\andre\AppData\Local\arduino15\packages\arduino\hardware\sam\1.6.11\variants\arduino_due_x/libsam_sam3x8e_gcc_rel.a(uotghs_device.o)
                0x00082420                UDD_InitEndpoints
 .text.UDD_WaitIN
                0x0008245c       0x10 C:\Users\andre\AppData\Local\arduino15\packages\arduino\hardware\sam\1.6.11\variants\arduino_due_x/libsam_sam3x8e_gcc_rel.a(uotghs_device.o)
                0x0008245c                UDD_WaitIN
 .text.UDD_WaitOUT
                0x0008246c       0x10 C:\Users\andre\AppData\Local\arduino15\packages\arduino\hardware\sam\1.6.11\variants\arduino_due_x/libsam_sam3x8e_gcc_rel.a(uotghs_device.o)
                0x0008246c                UDD_WaitOUT
 .text.UDD_ClearIN
                0x0008247c       0x18 C:\Users\andre\AppData\Local\arduino15\packages\arduino\hardware\sam\1.6.11\variants\arduino_due_x/libsam_sam3x8e_gcc_rel.a(uotghs_device.o)
                0x0008247c                UDD_ClearIN
 .text.UDD_ClearOUT
                0x00082494       0x18 C:\Users\andre\AppData\Local\arduino15\packages\arduino\hardware\sam\1.6.11\variants\arduino_due_x/libsam_sam3x8e_gcc_rel.a(uotghs_device.o)
                0x00082494                UDD_ClearOUT
 .text.UDD_ReceivedSetupInt
                0x000824ac       0x10 C:\Users\andre\AppData\Local\arduino15\packages\arduino\hardware\sam\1.6.11\variants\arduino_due_x/libsam_sam3x8e_gcc_rel.a(uotghs_device.o)
                0x000824ac                UDD_ReceivedSetupInt
 .text.UDD_ClearSetupInt
                0x000824bc       0x10 C:\Users\andre\AppData\Local\arduino15\packages\arduino\hardware\sam\1.6.11\variants\arduino_due_x/libsam_sam3x8e_gcc_rel.a(uotghs_device.o)
                0x000824bc                UDD_ClearSetupInt
 .text.UDD_Send
                0x000824cc       0x88 C:\Users\andre\AppData\Local\arduino15\packages\arduino\hardware\sam\1.6.11\variants\arduino_due_x/libsam_sam3x8e_gcc_rel.a(uotghs_device.o)
                0x000824cc                UDD_Send
 .text.UDD_Send8
                0x00082554       0x24 C:\Users\andre\AppData\Local\arduino15\packages\arduino\hardware\sam\1.6.11\variants\arduino_due_x/libsam_sam3x8e_gcc_rel.a(uotghs_device.o)
                0x00082554                UDD_Send8
 .text.UDD_Recv8
                0x00082578       0x28 C:\Users\andre\AppData\Local\arduino15\packages\arduino\hardware\sam\1.6.11\variants\arduino_due_x/libsam_sam3x8e_gcc_rel.a(uotghs_device.o)
                0x00082578                UDD_Recv8
 .text.UDD_Recv
                0x000825a0       0x34 C:\Users\andre\AppData\Local\arduino15\packages\arduino\hardware\sam\1.6.11\variants\arduino_due_x/libsam_sam3x8e_gcc_rel.a(uotghs_device.o)
                0x000825a0                UDD_Recv
 .text.UDD_Stall
                0x000825d4       0x14 C:\Users\andre\AppData\Local\arduino15\packages\arduino\hardware\sam\1.6.11\variants\arduino_due_x/libsam_sam3x8e_gcc_rel.a(uotghs_device.o)
                0x000825d4                UDD_Stall
 .text.UDD_FifoByteCount
                0x000825e8       0x14 C:\Users\andre\AppData\Local\arduino15\packages\arduino\hardware\sam\1.6.11\variants\arduino_due_x/libsam_sam3x8e_gcc_rel.a(uotghs_device.o)
                0x000825e8                UDD_FifoByteCount
 .text.UDD_ReleaseRX
                0x000825fc       0x28 C:\Users\andre\AppData\Local\arduino15\packages\arduino\hardware\sam\1.6.11\variants\arduino_due_x/libsam_sam3x8e_gcc_rel.a(uotghs_device.o)
                0x000825fc                UDD_ReleaseRX
 .text.UDD_ReleaseTX
                0x00082624       0x28 C:\Users\andre\AppData\Local\arduino15\packages\arduino\hardware\sam\1.6.11\variants\arduino_due_x/libsam_sam3x8e_gcc_rel.a(uotghs_device.o)
                0x00082624                UDD_ReleaseTX
 .text.UDD_SetAddress
                0x0008264c       0x20 C:\Users\andre\AppData\Local\arduino15\packages\arduino\hardware\sam\1.6.11\variants\arduino_due_x/libsam_sam3x8e_gcc_rel.a(uotghs_device.o)
                0x0008264c                UDD_SetAddress
 .text.__libc_init_array
                0x0008266c       0x50 c:/users/andre/appdata/local/arduino15/packages/arduino/tools/arm-none-eabi-gcc/4.8.3-2014q1/bin/../lib/gcc/arm-none-eabi/4.8.3/../../../../arm-none-eabi/lib/armv7-m\libg.a(lib_a-init.o)
                0x0008266c                __libc_init_array
 .text.iprintf  0x000826bc       0x28 c:/users/andre/appdata/local/arduino15/packages/arduino/tools/arm-none-eabi-gcc/4.8.3-2014q1/bin/../lib/gcc/arm-none-eabi/4.8.3/../../../../arm-none-eabi/lib/armv7-m\libg.a(lib_a-iprintf.o)
                0x000826bc                iprintf
 .text.memset   0x000826e4       0x94 c:/users/andre/appdata/local/arduino15/packages/arduino/tools/arm-none-eabi-gcc/4.8.3-2014q1/bin/../lib/gcc/arm-none-eabi/4.8.3/../../../../arm-none-eabi/lib/armv7-m\libg.a(lib_a-memset.o)
                0x000826e4                memset
 .text.strlen   0x00082778       0x60 c:/users/andre/appdata/local/arduino15/packages/arduino/tools/arm-none-eabi-gcc/4.8.3-2014q1/bin/../lib/gcc/arm-none-eabi/4.8.3/../../../../arm-none-eabi/lib/armv7-m\libg.a(lib_a-strlen.o)
                0x00082778                strlen
 .text.kill     0x000827d8       0x10 c:/users/andre/appdata/local/arduino15/packages/arduino/tools/arm-none-eabi-gcc/4.8.3-2014q1/bin/../lib/gcc/arm-none-eabi/4.8.3/../../../../arm-none-eabi/lib/armv7-m\libg.a(lib_a-syskill.o)
                0x000827d8                kill
 .text.__sprint_r.part.0
                0x000827e8       0x78 c:/users/andre/appdata/local/arduino15/packages/arduino/tools/arm-none-eabi-gcc/4.8.3-2014q1/bin/../lib/gcc/arm-none-eabi/4.8.3/../../../../arm-none-eabi/lib/armv7-m\libg.a(lib_a-vfiprintf.o)
 .text._vfiprintf_r
                0x00082860      0xc54 c:/users/andre/appdata/local/arduino15/packages/arduino/tools/arm-none-eabi-gcc/4.8.3-2014q1/bin/../lib/gcc/arm-none-eabi/4.8.3/../../../../arm-none-eabi/lib/armv7-m\libg.a(lib_a-vfiprintf.o)
                0x00082860                _vfiprintf_r
 .text.__sbprintf
                0x000834b4       0x7c c:/users/andre/appdata/local/arduino15/packages/arduino/tools/arm-none-eabi-gcc/4.8.3-2014q1/bin/../lib/gcc/arm-none-eabi/4.8.3/../../../../arm-none-eabi/lib/armv7-m\libg.a(lib_a-vfiprintf.o)
 .text.__swsetup_r
                0x00083530       0xc4 c:/users/andre/appdata/local/arduino15/packages/arduino/tools/arm-none-eabi-gcc/4.8.3-2014q1/bin/../lib/gcc/arm-none-eabi/4.8.3/../../../../arm-none-eabi/lib/armv7-m\libg.a(lib_a-wsetup.o)
                0x00083530                __swsetup_r
 .text.startup.register_fini
                0x000835f4       0x14 c:/users/andre/appdata/local/arduino15/packages/arduino/tools/arm-none-eabi-gcc/4.8.3-2014q1/bin/../lib/gcc/arm-none-eabi/4.8.3/../../../../arm-none-eabi/lib/armv7-m\libg.a(lib_a-__call_atexit.o)
 .text.atexit   0x00083608        0xc c:/users/andre/appdata/local/arduino15/packages/arduino/tools/arm-none-eabi-gcc/4.8.3-2014q1/bin/../lib/gcc/arm-none-eabi/4.8.3/../../../../arm-none-eabi/lib/armv7-m\libg.a(lib_a-atexit.o)
                0x00083608                atexit
 .text.__sflush_r
                0x00083614      0x148 c:/users/andre/appdata/local/arduino15/packages/arduino/tools/arm-none-eabi-gcc/4.8.3-2014q1/bin/../lib/gcc/arm-none-eabi/4.8.3/../../../../arm-none-eabi/lib/armv7-m\libg.a(lib_a-fflush.o)
                0x00083614                __sflush_r
 .text._fflush_r
                0x0008375c       0x2c c:/users/andre/appdata/local/arduino15/packages/arduino/tools/arm-none-eabi-gcc/4.8.3-2014q1/bin/../lib/gcc/arm-none-eabi/4.8.3/../../../../arm-none-eabi/lib/armv7-m\libg.a(lib_a-fflush.o)
                0x0008375c                _fflush_r
 .text._cleanup_r
                0x00083788        0xc c:/users/andre/appdata/local/arduino15/packages/arduino/tools/arm-none-eabi-gcc/4.8.3-2014q1/bin/../lib/gcc/arm-none-eabi/4.8.3/../../../../arm-none-eabi/lib/armv7-m\libg.a(lib_a-findfp.o)
                0x00083788                _cleanup_r
 .text.__sinit  0x00083794       0xf4 c:/users/andre/appdata/local/arduino15/packages/arduino/tools/arm-none-eabi-gcc/4.8.3-2014q1/bin/../lib/gcc/arm-none-eabi/4.8.3/../../../../arm-none-eabi/lib/armv7-m\libg.a(lib_a-findfp.o)
                0x00083794                __sinit
 .text.__sfp_lock_acquire
                0x00083888        0x4 c:/users/andre/appdata/local/arduino15/packages/arduino/tools/arm-none-eabi-gcc/4.8.3-2014q1/bin/../lib/gcc/arm-none-eabi/4.8.3/../../../../arm-none-eabi/lib/armv7-m\libg.a(lib_a-findfp.o)
                0x00083888                __sfp_lock_acquire
 .text.__sfp_lock_release
                0x0008388c        0x4 c:/users/andre/appdata/local/arduino15/packages/arduino/tools/arm-none-eabi-gcc/4.8.3-2014q1/bin/../lib/gcc/arm-none-eabi/4.8.3/../../../../arm-none-eabi/lib/armv7-m\libg.a(lib_a-findfp.o)
                0x0008388c                __sfp_lock_release
 .text.__libc_fini_array
                0x00083890       0x30 c:/users/andre/appdata/local/arduino15/packages/arduino/tools/arm-none-eabi-gcc/4.8.3-2014q1/bin/../lib/gcc/arm-none-eabi/4.8.3/../../../../arm-none-eabi/lib/armv7-m\libg.a(lib_a-fini.o)
                0x00083890                __libc_fini_array
 .text._fputwc_r
                0x000838c0       0xc0 c:/users/andre/appdata/local/arduino15/packages/arduino/tools/arm-none-eabi-gcc/4.8.3-2014q1/bin/../lib/gcc/arm-none-eabi/4.8.3/../../../../arm-none-eabi/lib/armv7-m\libg.a(lib_a-fputwc.o)
                0x000838c0                _fputwc_r
 .text._malloc_trim_r
                0x00083980       0x9c c:/users/andre/appdata/local/arduino15/packages/arduino/tools/arm-none-eabi-gcc/4.8.3-2014q1/bin/../lib/gcc/arm-none-eabi/4.8.3/../../../../arm-none-eabi/lib/armv7-m\libg.a(lib_a-freer.o)
                0x00083980                _malloc_trim_r
 .text._free_r  0x00083a1c      0x198 c:/users/andre/appdata/local/arduino15/packages/arduino/tools/arm-none-eabi-gcc/4.8.3-2014q1/bin/../lib/gcc/arm-none-eabi/4.8.3/../../../../arm-none-eabi/lib/armv7-m\libg.a(lib_a-freer.o)
                0x00083a1c                _free_r
 .text.__sfvwrite_r
                0x00083bb4      0x314 c:/users/andre/appdata/local/arduino15/packages/arduino/tools/arm-none-eabi-gcc/4.8.3-2014q1/bin/../lib/gcc/arm-none-eabi/4.8.3/../../../../arm-none-eabi/lib/armv7-m\libg.a(lib_a-fvwrite.o)
                0x00083bb4                __sfvwrite_r
 .text._fwalk   0x00083ec8       0x48 c:/users/andre/appdata/local/arduino15/packages/arduino/tools/arm-none-eabi-gcc/4.8.3-2014q1/bin/../lib/gcc/arm-none-eabi/4.8.3/../../../../arm-none-eabi/lib/armv7-m\libg.a(lib_a-fwalk.o)
                0x00083ec8                _fwalk
 .text.__locale_charset
                0x00083f10        0x8 c:/users/andre/appdata/local/arduino15/packages/arduino/tools/arm-none-eabi-gcc/4.8.3-2014q1/bin/../lib/gcc/arm-none-eabi/4.8.3/../../../../arm-none-eabi/lib/armv7-m\libg.a(lib_a-locale.o)
                0x00083f10                __locale_charset
 .text.__locale_mb_cur_max
                0x00083f18        0xc c:/users/andre/appdata/local/arduino15/packages/arduino/tools/arm-none-eabi-gcc/4.8.3-2014q1/bin/../lib/gcc/arm-none-eabi/4.8.3/../../../../arm-none-eabi/lib/armv7-m\libg.a(lib_a-locale.o)
                0x00083f18                __locale_mb_cur_max
 .text.__smakebuf_r
                0x00083f24       0xe0 c:/users/andre/appdata/local/arduino15/packages/arduino/tools/arm-none-eabi-gcc/4.8.3-2014q1/bin/../lib/gcc/arm-none-eabi/4.8.3/../../../../arm-none-eabi/lib/armv7-m\libg.a(lib_a-makebuf.o)
                0x00083f24                __smakebuf_r
 .text._malloc_r
                0x00084004      0x538 c:/users/andre/appdata/local/arduino15/packages/arduino/tools/arm-none-eabi-gcc/4.8.3-2014q1/bin/../lib/gcc/arm-none-eabi/4.8.3/../../../../arm-none-eabi/lib/armv7-m\libg.a(lib_a-mallocr.o)
                0x00084004                _malloc_r
 .text.memchr   0x0008453c       0x94 c:/users/andre/appdata/local/arduino15/packages/arduino/tools/arm-none-eabi-gcc/4.8.3-2014q1/bin/../lib/gcc/arm-none-eabi/4.8.3/../../../../arm-none-eabi/lib/armv7-m\libg.a(lib_a-memchr-stub.o)
                0x0008453c                memchr
 .text          0x000845d0       0xec c:/users/andre/appdata/local/arduino15/packages/arduino/tools/arm-none-eabi-gcc/4.8.3-2014q1/bin/../lib/gcc/arm-none-eabi/4.8.3/../../../../arm-none-eabi/lib/armv7-m\libg.a(lib_a-memcpy.o)
                0x000845d0                memcpy
 .text.memmove  0x000846bc       0xcc c:/users/andre/appdata/local/arduino15/packages/arduino/tools/arm-none-eabi-gcc/4.8.3-2014q1/bin/../lib/gcc/arm-none-eabi/4.8.3/../../../../arm-none-eabi/lib/armv7-m\libg.a(lib_a-memmove.o)
                0x000846bc                memmove
 .text.__malloc_lock
                0x00084788        0x4 c:/users/andre/appdata/local/arduino15/packages/arduino/tools/arm-none-eabi-gcc/4.8.3-2014q1/bin/../lib/gcc/arm-none-eabi/4.8.3/../../../../arm-none-eabi/lib/armv7-m\libg.a(lib_a-mlock.o)
                0x00084788                __malloc_lock
 .text.__malloc_unlock
                0x0008478c        0x4 c:/users/andre/appdata/local/arduino15/packages/arduino/tools/arm-none-eabi-gcc/4.8.3-2014q1/bin/../lib/gcc/arm-none-eabi/4.8.3/../../../../arm-none-eabi/lib/armv7-m\libg.a(lib_a-mlock.o)
                0x0008478c                __malloc_unlock
 .text._realloc_r
                0x00084790      0x3c0 c:/users/andre/appdata/local/arduino15/packages/arduino/tools/arm-none-eabi-gcc/4.8.3-2014q1/bin/../lib/gcc/arm-none-eabi/4.8.3/../../../../arm-none-eabi/lib/armv7-m\libg.a(lib_a-reallocr.o)
                0x00084790                _realloc_r
 .text._sbrk_r  0x00084b50       0x24 c:/users/andre/appdata/local/arduino15/packages/arduino/tools/arm-none-eabi-gcc/4.8.3-2014q1/bin/../lib/gcc/arm-none-eabi/4.8.3/../../../../arm-none-eabi/lib/armv7-m\libg.a(lib_a-sbrkr.o)
                0x00084b50                _sbrk_r
 .text._kill_r  0x00084b74       0x28 c:/users/andre/appdata/local/arduino15/packages/arduino/tools/arm-none-eabi-gcc/4.8.3-2014q1/bin/../lib/gcc/arm-none-eabi/4.8.3/../../../../arm-none-eabi/lib/armv7-m\libg.a(lib_a-signalr.o)
                0x00084b74                _kill_r
 .text.__sread  0x00084b9c       0x24 c:/users/andre/appdata/local/arduino15/packages/arduino/tools/arm-none-eabi-gcc/4.8.3-2014q1/bin/../lib/gcc/arm-none-eabi/4.8.3/../../../../arm-none-eabi/lib/armv7-m\libg.a(lib_a-stdio.o)
                0x00084b9c                __sread
 .text.__swrite
                0x00084bc0       0x38 c:/users/andre/appdata/local/arduino15/packages/arduino/tools/arm-none-eabi-gcc/4.8.3-2014q1/bin/../lib/gcc/arm-none-eabi/4.8.3/../../../../arm-none-eabi/lib/armv7-m\libg.a(lib_a-stdio.o)
                0x00084bc0                __swrite
 .text.__sseek  0x00084bf8       0x20 c:/users/andre/appdata/local/arduino15/packages/arduino/tools/arm-none-eabi-gcc/4.8.3-2014q1/bin/../lib/gcc/arm-none-eabi/4.8.3/../../../../arm-none-eabi/lib/armv7-m\libg.a(lib_a-stdio.o)
                0x00084bf8                __sseek
 .text.__sclose
                0x00084c18        0x8 c:/users/andre/appdata/local/arduino15/packages/arduino/tools/arm-none-eabi-gcc/4.8.3-2014q1/bin/../lib/gcc/arm-none-eabi/4.8.3/../../../../arm-none-eabi/lib/armv7-m\libg.a(lib_a-stdio.o)
                0x00084c18                __sclose
 .text.__swbuf_r
                0x00084c20       0xa8 c:/users/andre/appdata/local/arduino15/packages/arduino/tools/arm-none-eabi-gcc/4.8.3-2014q1/bin/../lib/gcc/arm-none-eabi/4.8.3/../../../../arm-none-eabi/lib/armv7-m\libg.a(lib_a-wbuf.o)
                0x00084c20                __swbuf_r
 .text._wcrtomb_r
                0x00084cc8       0x50 c:/users/andre/appdata/local/arduino15/packages/arduino/tools/arm-none-eabi-gcc/4.8.3-2014q1/bin/../lib/gcc/arm-none-eabi/4.8.3/../../../../arm-none-eabi/lib/armv7-m\libg.a(lib_a-wcrtomb.o)
                0x00084cc8                _wcrtomb_r
 .text.__ascii_wctomb
                0x00084d18       0x1c c:/users/andre/appdata/local/arduino15/packages/arduino/tools/arm-none-eabi-gcc/4.8.3-2014q1/bin/../lib/gcc/arm-none-eabi/4.8.3/../../../../arm-none-eabi/lib/armv7-m\libg.a(lib_a-wctomb_r.o)
                0x00084d18                __ascii_wctomb
 .text._write_r
                0x00084d34       0x28 c:/users/andre/appdata/local/arduino15/packages/arduino/tools/arm-none-eabi-gcc/4.8.3-2014q1/bin/../lib/gcc/arm-none-eabi/4.8.3/../../../../arm-none-eabi/lib/armv7-m\libg.a(lib_a-writer.o)
                0x00084d34                _write_r
 .text.__register_exitproc
                0x00084d5c       0xa8 c:/users/andre/appdata/local/arduino15/packages/arduino/tools/arm-none-eabi-gcc/4.8.3-2014q1/bin/../lib/gcc/arm-none-eabi/4.8.3/../../../../arm-none-eabi/lib/armv7-m\libg.a(lib_a-__atexit.o)
                0x00084d5c                __register_exitproc
 .text._close_r
                0x00084e04       0x24 c:/users/andre/appdata/local/arduino15/packages/arduino/tools/arm-none-eabi-gcc/4.8.3-2014q1/bin/../lib/gcc/arm-none-eabi/4.8.3/../../../../arm-none-eabi/lib/armv7-m\libg.a(lib_a-closer.o)
                0x00084e04                _close_r
 .text._fclose_r
                0x00084e28       0x80 c:/users/andre/appdata/local/arduino15/packages/arduino/tools/arm-none-eabi-gcc/4.8.3-2014q1/bin/../lib/gcc/arm-none-eabi/4.8.3/../../../../arm-none-eabi/lib/armv7-m\libg.a(lib_a-fclose.o)
                0x00084e28                _fclose_r
 .text.fclose   0x00084ea8       0x10 c:/users/andre/appdata/local/arduino15/packages/arduino/tools/arm-none-eabi-gcc/4.8.3-2014q1/bin/../lib/gcc/arm-none-eabi/4.8.3/../../../../arm-none-eabi/lib/armv7-m\libg.a(lib_a-fclose.o)
                0x00084ea8                fclose
 .text._fstat_r
                0x00084eb8       0x28 c:/users/andre/appdata/local/arduino15/packages/arduino/tools/arm-none-eabi-gcc/4.8.3-2014q1/bin/../lib/gcc/arm-none-eabi/4.8.3/../../../../arm-none-eabi/lib/armv7-m\libg.a(lib_a-fstatr.o)
                0x00084eb8                _fstat_r
 .text._isatty_r
                0x00084ee0       0x24 c:/users/andre/appdata/local/arduino15/packages/arduino/tools/arm-none-eabi-gcc/4.8.3-2014q1/bin/../lib/gcc/arm-none-eabi/4.8.3/../../../../arm-none-eabi/lib/armv7-m\libg.a(lib_a-isattyr.o)
                0x00084ee0                _isatty_r
 .text._lseek_r
                0x00084f04       0x28 c:/users/andre/appdata/local/arduino15/packages/arduino/tools/arm-none-eabi-gcc/4.8.3-2014q1/bin/../lib/gcc/arm-none-eabi/4.8.3/../../../../arm-none-eabi/lib/armv7-m\libg.a(lib_a-lseekr.o)
                0x00084f04                _lseek_r
 .text._read_r  0x00084f2c       0x28 c:/users/andre/appdata/local/arduino15/packages/arduino/tools/arm-none-eabi-gcc/4.8.3-2014q1/bin/../lib/gcc/arm-none-eabi/4.8.3/../../../../arm-none-eabi/lib/armv7-m\libg.a(lib_a-readr.o)
                0x00084f2c                _read_r
 .text          0x00084f54       0x2c c:/users/andre/appdata/local/arduino15/packages/arduino/tools/arm-none-eabi-gcc/4.8.3-2014q1/bin/../lib/gcc/arm-none-eabi/4.8.3/armv7-m\libgcc.a(_aeabi_uldivmod.o)
                0x00084f54                __aeabi_uldivmod
 .text          0x00084f80       0x60 c:/users/andre/appdata/local/arduino15/packages/arduino/tools/arm-none-eabi-gcc/4.8.3-2014q1/bin/../lib/gcc/arm-none-eabi/4.8.3/armv7-m\libgcc.a(bpabi.o)
                0x00084f80                __gnu_ldivmod_helper
                0x00084fb0                __gnu_uldivmod_helper
 .text          0x00084fe0        0x4 c:/users/andre/appdata/local/arduino15/packages/arduino/tools/arm-none-eabi-gcc/4.8.3-2014q1/bin/../lib/gcc/arm-none-eabi/4.8.3/armv7-m\libgcc.a(_dvmd_tls.o)
                0x00084fe0                __aeabi_idiv0
                0x00084fe0                __aeabi_ldiv0
 .text          0x00084fe4      0x2a0 c:/users/andre/appdata/local/arduino15/packages/arduino/tools/arm-none-eabi-gcc/4.8.3-2014q1/bin/../lib/gcc/arm-none-eabi/4.8.3/armv7-m\libgcc.a(_divdi3.o)
                0x00084fe4                __divdi3
 .text          0x00085284      0x290 c:/users/andre/appdata/local/arduino15/packages/arduino/tools/arm-none-eabi-gcc/4.8.3-2014q1/bin/../lib/gcc/arm-none-eabi/4.8.3/armv7-m\libgcc.a(_udivdi3.o)
                0x00085284                __udivdi3
 *(.glue_7t)
 .glue_7t       0x00000000        0x0 linker stubs
 *(.glue_7)
 .glue_7        0x00000000        0x0 linker stubs
 *(.rodata .rodata* .gnu.linkonce.r.*)
 .rodata.str1.1
                0x00085514        0xc C:\Users\andre\AppData\Local\Temp\VMBuilds\SystemaPC2Firmware\arduino_due_x\Release\SystemaPC2Firmware.cpp.o
 .rodata._ZL15dscrc2x16_table
                0x00085520       0x20 C:\Users\andre\AppData\Local\Temp\VMBuilds\SystemaPC2Firmware\arduino_due_x\Release\OneWire\OneWire.cpp.o
 .rodata.g_APinDescription
                0x00085540      0xa2c C:\Users\andre\AppData\Local\Temp\VMBCore\visualmicro\edf39ea94a4823db2dafaf834e67dd19\variant\variant.cpp.o
                0x00085540                g_APinDescription
 .rodata        0x00085f6c       0x40 C:\Users\andre\AppData\Local\arduino15\packages\arduino\hardware\sam\1.6.11\variants\arduino_due_x/libsam_sam3x8e_gcc_rel.a(adc.o)
 .rodata.str1.1
                0x00085fac       0x19 C:\Users\andre\AppData\Local\Temp\VMBuilds\SystemaPC2Firmware\arduino_due_x\Release/core.a(syscalls_sam3.c.o)
 .rodata.str1.1
                0x00085fc5        0xf C:\Users\andre\AppData\Local\Temp\VMBuilds\SystemaPC2Firmware\arduino_due_x\Release/core.a(Print.cpp.o)
 *fill*         0x00085fd4        0x4 
 .rodata._ZTV9UARTClass
                0x00085fd8       0x30 C:\Users\andre\AppData\Local\Temp\VMBuilds\SystemaPC2Firmware\arduino_due_x\Release/core.a(UARTClass.cpp.o)
                0x00085fd8                vtable for UARTClass
 .rodata._ZTV10USARTClass
                0x00086008       0x30 C:\Users\andre\AppData\Local\Temp\VMBuilds\SystemaPC2Firmware\arduino_due_x\Release/core.a(USARTClass.cpp.o)
                0x00086008                vtable for USARTClass
 .rodata._ZTV7Serial_
                0x00086038       0x28 C:\Users\andre\AppData\Local\Temp\VMBuilds\SystemaPC2Firmware\arduino_due_x\Release/core.a(CDC.cpp.o)
                0x00086038                vtable for Serial_
 .rodata._ZL18_cdcOtherInterface
                0x00086060       0x42 C:\Users\andre\AppData\Local\Temp\VMBuilds\SystemaPC2Firmware\arduino_due_x\Release/core.a(CDC.cpp.o)
 .rodata._ZL13_cdcInterface
                0x000860a2       0x42 C:\Users\andre\AppData\Local\Temp\VMBuilds\SystemaPC2Firmware\arduino_due_x\Release/core.a(CDC.cpp.o)
 .rodata.STRING_PRODUCT
                0x000860e4        0xc C:\Users\andre\AppData\Local\Temp\VMBuilds\SystemaPC2Firmware\arduino_due_x\Release/core.a(USBCore.cpp.o)
                0x000860e4                STRING_PRODUCT
 .rodata.USB_DeviceDescriptor
                0x000860f0       0x12 C:\Users\andre\AppData\Local\Temp\VMBuilds\SystemaPC2Firmware\arduino_due_x\Release/core.a(USBCore.cpp.o)
                0x000860f0                USB_DeviceDescriptor
 .rodata.STRING_LANGUAGE
                0x00086102        0x4 C:\Users\andre\AppData\Local\Temp\VMBuilds\SystemaPC2Firmware\arduino_due_x\Release/core.a(USBCore.cpp.o)
                0x00086102                STRING_LANGUAGE
 .rodata._ZL18test_packet_buffer
                0x00086106       0x35 C:\Users\andre\AppData\Local\Temp\VMBuilds\SystemaPC2Firmware\arduino_due_x\Release/core.a(USBCore.cpp.o)
 .rodata.STRING_MANUFACTURER
                0x0008613b        0xc C:\Users\andre\AppData\Local\Temp\VMBuilds\SystemaPC2Firmware\arduino_due_x\Release/core.a(USBCore.cpp.o)
                0x0008613b                STRING_MANUFACTURER
 .rodata.USB_DeviceDescriptorA
                0x00086147       0x12 C:\Users\andre\AppData\Local\Temp\VMBuilds\SystemaPC2Firmware\arduino_due_x\Release/core.a(USBCore.cpp.o)
                0x00086147                USB_DeviceDescriptorA
 .rodata._ZL19USB_DeviceQualifier
                0x00086159        0x9 C:\Users\andre\AppData\Local\Temp\VMBuilds\SystemaPC2Firmware\arduino_due_x\Release/core.a(USBCore.cpp.o)
 *fill*         0x00086162        0x2 
 .rodata.str1.4
                0x00086164        0x2 c:/users/andre/appdata/local/arduino15/packages/arduino/tools/arm-none-eabi-gcc/4.8.3-2014q1/bin/../lib/gcc/arm-none-eabi/4.8.3/../../../../arm-none-eabi/lib/armv7-m\libg.a(lib_a-impure.o)
                                  0x4 (size before relaxing)
 *fill*         0x00086166        0x2 
 .rodata._global_impure_ptr
                0x00086168        0x4 c:/users/andre/appdata/local/arduino15/packages/arduino/tools/arm-none-eabi-gcc/4.8.3-2014q1/bin/../lib/gcc/arm-none-eabi/4.8.3/../../../../arm-none-eabi/lib/armv7-m\libg.a(lib_a-impure.o)
                0x00086168                _global_impure_ptr
 .rodata.blanks.6717
                0x0008616c       0x10 c:/users/andre/appdata/local/arduino15/packages/arduino/tools/arm-none-eabi-gcc/4.8.3-2014q1/bin/../lib/gcc/arm-none-eabi/4.8.3/../../../../arm-none-eabi/lib/armv7-m\libg.a(lib_a-vfiprintf.o)
 .rodata.str1.4
                0x0008617c       0x30 c:/users/andre/appdata/local/arduino15/packages/arduino/tools/arm-none-eabi-gcc/4.8.3-2014q1/bin/../lib/gcc/arm-none-eabi/4.8.3/../../../../arm-none-eabi/lib/armv7-m\libg.a(lib_a-vfiprintf.o)
 .rodata.zeroes.6718
                0x000861ac       0x10 c:/users/andre/appdata/local/arduino15/packages/arduino/tools/arm-none-eabi-gcc/4.8.3-2014q1/bin/../lib/gcc/arm-none-eabi/4.8.3/../../../../arm-none-eabi/lib/armv7-m\libg.a(lib_a-vfiprintf.o)
 *(.ARM.extab* .gnu.linkonce.armextab.*)
                0x000861bc                . = ALIGN (0x4)
 *(.init)
 .init          0x000861bc        0x4 c:/users/andre/appdata/local/arduino15/packages/arduino/tools/arm-none-eabi-gcc/4.8.3-2014q1/bin/../lib/gcc/arm-none-eabi/4.8.3/armv7-m/crti.o
                0x000861bc                _init
 .init          0x000861c0        0x8 c:/users/andre/appdata/local/arduino15/packages/arduino/tools/arm-none-eabi-gcc/4.8.3-2014q1/bin/../lib/gcc/arm-none-eabi/4.8.3/armv7-m/crtn.o
                0x000861c8                . = ALIGN (0x4)
                0x000861c8                __preinit_array_start = .
 *(.preinit_array)
                0x000861c8                __preinit_array_end = .
                0x000861c8                . = ALIGN (0x4)
                0x000861c8                __init_array_start = .
 *(SORT(.init_array.*))
 .init_array.00000
                0x000861c8        0x4 c:/users/andre/appdata/local/arduino15/packages/arduino/tools/arm-none-eabi-gcc/4.8.3-2014q1/bin/../lib/gcc/arm-none-eabi/4.8.3/../../../../arm-none-eabi/lib/armv7-m\libg.a(lib_a-__call_atexit.o)
 *(.init_array)
 .init_array    0x000861cc        0x4 c:/users/andre/appdata/local/arduino15/packages/arduino/tools/arm-none-eabi-gcc/4.8.3-2014q1/bin/../lib/gcc/arm-none-eabi/4.8.3/armv7-m/crtbegin.o
 .init_array    0x000861d0        0x4 C:\Users\andre\AppData\Local\Temp\VMBuilds\SystemaPC2Firmware\arduino_due_x\Release\SystemaPC2Firmware.cpp.o
 .init_array    0x000861d4        0x4 C:\Users\andre\AppData\Local\Temp\VMBuilds\SystemaPC2Firmware\arduino_due_x\Release\SPI\SPI.cpp.o
 .init_array    0x000861d8        0x4 C:\Users\andre\AppData\Local\Temp\VMBCore\visualmicro\edf39ea94a4823db2dafaf834e67dd19\variant\variant.cpp.o
 .init_array    0x000861dc        0x4 C:\Users\andre\AppData\Local\Temp\VMBuilds\SystemaPC2Firmware\arduino_due_x\Release/core.a(CDC.cpp.o)
 .init_array    0x000861e0        0x4 C:\Users\andre\AppData\Local\Temp\VMBuilds\SystemaPC2Firmware\arduino_due_x\Release/core.a(USBCore.cpp.o)
                0x000861e4                __init_array_end = .
                0x000861e4                . = ALIGN (0x4)
 *crtbegin.o(.ctors)
 *(EXCLUDE_FILE(*crtend.o) .ctors)
 *(SORT(.ctors.*))
 *crtend.o(.ctors)
                0x000861e4                . = ALIGN (0x4)
 *(.fini)
 .fini          0x000861e4        0x4 c:/users/andre/appdata/local/arduino15/packages/arduino/tools/arm-none-eabi-gcc/4.8.3-2014q1/bin/../lib/gcc/arm-none-eabi/4.8.3/armv7-m/crti.o
                0x000861e4                _fini
 .fini          0x000861e8        0x8 c:/users/andre/appdata/local/arduino15/packages/arduino/tools/arm-none-eabi-gcc/4.8.3-2014q1/bin/../lib/gcc/arm-none-eabi/4.8.3/armv7-m/crtn.o
                0x000861f0                . = ALIGN (0x4)
                0x000861f0                __fini_array_start = .
 *(.fini_array)
 .fini_array    0x000861f0        0x4 c:/users/andre/appdata/local/arduino15/packages/arduino/tools/arm-none-eabi-gcc/4.8.3-2014q1/bin/../lib/gcc/arm-none-eabi/4.8.3/armv7-m/crtbegin.o
 *(SORT(.fini_array.*))
                0x000861f4                __fini_array_end = .
 *crtbegin.o(.dtors)
 *(EXCLUDE_FILE(*crtend.o) .dtors)
 *(SORT(.dtors.*))
 *crtend.o(.dtors)
                0x000861f4                . = ALIGN (0x4)
                0x000861f4                _efixed = .
                0x000861f4                PROVIDE (__exidx_start, .)

.vfp11_veneer   0x000861f4        0x0
 .vfp11_veneer  0x00000000        0x0 linker stubs

.v4_bx          0x000861f4        0x0
 .v4_bx         0x00000000        0x0 linker stubs

.iplt           0x000861f4        0x0
 .iplt          0x00000000        0x0 c:/users/andre/appdata/local/arduino15/packages/arduino/tools/arm-none-eabi-gcc/4.8.3-2014q1/bin/../lib/gcc/arm-none-eabi/4.8.3/armv7-m/crtbegin.o

.ARM.exidx      0x000861f4        0x8
 *(.ARM.exidx* .gnu.linkonce.armexidx.*)
 .ARM.exidx     0x000861f4        0x8 c:/users/andre/appdata/local/arduino15/packages/arduino/tools/arm-none-eabi-gcc/4.8.3-2014q1/bin/../lib/gcc/arm-none-eabi/4.8.3/armv7-m\libgcc.a(_divdi3.o)
 .ARM.exidx     0x000861fc        0x0 c:/users/andre/appdata/local/arduino15/packages/arduino/tools/arm-none-eabi-gcc/4.8.3-2014q1/bin/../lib/gcc/arm-none-eabi/4.8.3/armv7-m\libgcc.a(_udivdi3.o)
                                  0x8 (size before relaxing)
                0x000861fc                PROVIDE (__exidx_end, .)

.eh_frame       0x000861fc        0x0
 .eh_frame      0x000861fc        0x0 c:/users/andre/appdata/local/arduino15/packages/arduino/tools/arm-none-eabi-gcc/4.8.3-2014q1/bin/../lib/gcc/arm-none-eabi/4.8.3/armv7-m/crtbegin.o

.rel.dyn        0x000861fc        0x0
 .rel.iplt      0x00000000        0x0 c:/users/andre/appdata/local/arduino15/packages/arduino/tools/arm-none-eabi-gcc/4.8.3-2014q1/bin/../lib/gcc/arm-none-eabi/4.8.3/armv7-m/crtbegin.o

.jcr            0x000861fc        0x0
 .jcr           0x000861fc        0x0 c:/users/andre/appdata/local/arduino15/packages/arduino/tools/arm-none-eabi-gcc/4.8.3-2014q1/bin/../lib/gcc/arm-none-eabi/4.8.3/armv7-m/crtbegin.o

.igot.plt       0x000861fc        0x0
 .igot.plt      0x00000000        0x0 c:/users/andre/appdata/local/arduino15/packages/arduino/tools/arm-none-eabi-gcc/4.8.3-2014q1/bin/../lib/gcc/arm-none-eabi/4.8.3/armv7-m/crtbegin.o
                0x000861fc                . = ALIGN (0x4)
                0x000861fc                _etext = .

.relocate       0x20070000      0x8f4 load address 0x000861fc
                0x20070000                . = ALIGN (0x4)
                0x20070000                _srelocate = .
 *(.ramfunc .ramfunc.*)
 .ramfunc       0x20070000       0x2c C:\Users\andre\AppData\Local\Temp\VMBuilds\SystemaPC2Firmware\arduino_due_x\Release/core.a(Reset.cpp.o)
                0x20070000                banzai
 *(.data .data.*)
 .data.Thermometer_1
                0x2007002c        0x8 C:\Users\andre\AppData\Local\Temp\VMBuilds\SystemaPC2Firmware\arduino_due_x\Release\SystemaPC2Firmware.cpp.o
                0x2007002c                Thermometer_1
 .data.Thermometer_2
                0x20070034        0x8 C:\Users\andre\AppData\Local\Temp\VMBuilds\SystemaPC2Firmware\arduino_due_x\Release\SystemaPC2Firmware.cpp.o
                0x20070034                Thermometer_2
 .data.setOffset
                0x2007003c        0x1 C:\Users\andre\AppData\Local\Temp\VMBuilds\SystemaPC2Firmware\arduino_due_x\Release\SystemaPC2Firmware.cpp.o
                0x2007003c                setOffset
 .data.Thermometer_3
                0x2007003d        0x8 C:\Users\andre\AppData\Local\Temp\VMBuilds\SystemaPC2Firmware\arduino_due_x\Release\SystemaPC2Firmware.cpp.o
                0x2007003d                Thermometer_3
 *fill*         0x20070045        0x3 
 .data.SystemCoreClock
                0x20070048        0x4 C:\Users\andre\AppData\Local\arduino15\packages\arduino\hardware\sam\1.6.11\variants\arduino_due_x/libsam_sam3x8e_gcc_rel.a(system_sam3xa.o)
                0x20070048                SystemCoreClock
 .data.latestSelectedChannel.9384
                0x2007004c        0x4 C:\Users\andre\AppData\Local\Temp\VMBuilds\SystemaPC2Firmware\arduino_due_x\Release/core.a(wiring_analog.c.o)
 .data._readResolution
                0x20070050        0x4 C:\Users\andre\AppData\Local\Temp\VMBuilds\SystemaPC2Firmware\arduino_due_x\Release/core.a(wiring_analog.c.o)
 .data._ZL5ticks
                0x20070054        0x4 C:\Users\andre\AppData\Local\Temp\VMBuilds\SystemaPC2Firmware\arduino_due_x\Release/core.a(Reset.cpp.o)
 .data._ZL10breakValue
                0x20070058        0x4 C:\Users\andre\AppData\Local\Temp\VMBuilds\SystemaPC2Firmware\arduino_due_x\Release/core.a(CDC.cpp.o)
 .data._ZL12_usbLineInfo
                0x2007005c        0x8 C:\Users\andre\AppData\Local\Temp\VMBuilds\SystemaPC2Firmware\arduino_due_x\Release/core.a(CDC.cpp.o)
 .data.EndPoints
                0x20070064       0x28 C:\Users\andre\AppData\Local\Temp\VMBuilds\SystemaPC2Firmware\arduino_due_x\Release/core.a(USBCore.cpp.o)
                0x20070064                EndPoints
 .data.g_interrupt_enabled
                0x2007008c        0x4 C:\Users\andre\AppData\Local\arduino15\packages\arduino\hardware\sam\1.6.11\variants\arduino_due_x/libsam_sam3x8e_gcc_rel.a(interrupt_sam_nvic.o)
                0x2007008c                g_interrupt_enabled
 .data.impure_data
                0x20070090      0x428 c:/users/andre/appdata/local/arduino15/packages/arduino/tools/arm-none-eabi-gcc/4.8.3-2014q1/bin/../lib/gcc/arm-none-eabi/4.8.3/../../../../arm-none-eabi/lib/armv7-m\libg.a(lib_a-impure.o)
 .data._impure_ptr
                0x200704b8        0x4 c:/users/andre/appdata/local/arduino15/packages/arduino/tools/arm-none-eabi-gcc/4.8.3-2014q1/bin/../lib/gcc/arm-none-eabi/4.8.3/../../../../arm-none-eabi/lib/armv7-m\libg.a(lib_a-impure.o)
                0x200704b8                _impure_ptr
 .data.lc_ctype_charset
                0x200704bc       0x20 c:/users/andre/appdata/local/arduino15/packages/arduino/tools/arm-none-eabi-gcc/4.8.3-2014q1/bin/../lib/gcc/arm-none-eabi/4.8.3/../../../../arm-none-eabi/lib/armv7-m\libg.a(lib_a-locale.o)
 .data.__mb_cur_max
                0x200704dc        0x4 c:/users/andre/appdata/local/arduino15/packages/arduino/tools/arm-none-eabi-gcc/4.8.3-2014q1/bin/../lib/gcc/arm-none-eabi/4.8.3/../../../../arm-none-eabi/lib/armv7-m\libg.a(lib_a-locale.o)
                0x200704dc                __mb_cur_max
 .data.__malloc_av_
                0x200704e0      0x408 c:/users/andre/appdata/local/arduino15/packages/arduino/tools/arm-none-eabi-gcc/4.8.3-2014q1/bin/../lib/gcc/arm-none-eabi/4.8.3/../../../../arm-none-eabi/lib/armv7-m\libg.a(lib_a-mallocr.o)
                0x200704e0                __malloc_av_
 .data.__malloc_trim_threshold
                0x200708e8        0x4 c:/users/andre/appdata/local/arduino15/packages/arduino/tools/arm-none-eabi-gcc/4.8.3-2014q1/bin/../lib/gcc/arm-none-eabi/4.8.3/../../../../arm-none-eabi/lib/armv7-m\libg.a(lib_a-mallocr.o)
                0x200708e8                __malloc_trim_threshold
 .data.__malloc_sbrk_base
                0x200708ec        0x4 c:/users/andre/appdata/local/arduino15/packages/arduino/tools/arm-none-eabi-gcc/4.8.3-2014q1/bin/../lib/gcc/arm-none-eabi/4.8.3/../../../../arm-none-eabi/lib/armv7-m\libg.a(lib_a-mallocr.o)
                0x200708ec                __malloc_sbrk_base
 .data.__wctomb
                0x200708f0        0x4 c:/users/andre/appdata/local/arduino15/packages/arduino/tools/arm-none-eabi-gcc/4.8.3-2014q1/bin/../lib/gcc/arm-none-eabi/4.8.3/../../../../arm-none-eabi/lib/armv7-m\libg.a(lib_a-wctomb_r.o)
                0x200708f0                __wctomb
                0x200708f4                . = ALIGN (0x4)
                0x200708f4                _erelocate = .

.bss            0x200708f4     0x8cb4 load address 0x00086af0
                0x200708f4                . = ALIGN (0x4)
                0x200708f4                _sbss = .
                0x200708f4                _szero = .
 *(.bss .bss.*)
 .bss           0x200708f4       0x1c c:/users/andre/appdata/local/arduino15/packages/arduino/tools/arm-none-eabi-gcc/4.8.3-2014q1/bin/../lib/gcc/arm-none-eabi/4.8.3/armv7-m/crtbegin.o
 .bss.contBytes
                0x20070910        0x4 C:\Users\andre\AppData\Local\Temp\VMBuilds\SystemaPC2Firmware\arduino_due_x\Release\SystemaPC2Firmware.cpp.o
                0x20070910                contBytes
 .bss.tiempoLed
                0x20070914        0x4 C:\Users\andre\AppData\Local\Temp\VMBuilds\SystemaPC2Firmware\arduino_due_x\Release\SystemaPC2Firmware.cpp.o
                0x20070914                tiempoLed
 .bss.sensors   0x20070918       0x1c C:\Users\andre\AppData\Local\Temp\VMBuilds\SystemaPC2Firmware\arduino_due_x\Release\SystemaPC2Firmware.cpp.o
                0x20070918                sensors
 .bss.tiempo    0x20070934        0x4 C:\Users\andre\AppData\Local\Temp\VMBuilds\SystemaPC2Firmware\arduino_due_x\Release\SystemaPC2Firmware.cpp.o
                0x20070934                tiempo
 .bss.zero_counter
                0x20070938        0x4 C:\Users\andre\AppData\Local\Temp\VMBuilds\SystemaPC2Firmware\arduino_due_x\Release\SystemaPC2Firmware.cpp.o
                0x20070938                zero_counter
 .bss.tiempoOffset
                0x2007093c        0x4 C:\Users\andre\AppData\Local\Temp\VMBuilds\SystemaPC2Firmware\arduino_due_x\Release\SystemaPC2Firmware.cpp.o
                0x2007093c                tiempoOffset
 .bss.oneWire   0x20070940       0x14 C:\Users\andre\AppData\Local\Temp\VMBuilds\SystemaPC2Firmware\arduino_due_x\Release\SystemaPC2Firmware.cpp.o
                0x20070940                oneWire
 .bss.offset    0x20070954     0x8400 C:\Users\andre\AppData\Local\Temp\VMBuilds\SystemaPC2Firmware\arduino_due_x\Release\SystemaPC2Firmware.cpp.o
                0x20070954                offset
 .bss.cont_Pos_Fila
                0x20078d54        0x4 C:\Users\andre\AppData\Local\Temp\VMBuilds\SystemaPC2Firmware\arduino_due_x\Release\SystemaPC2Firmware.cpp.o
                0x20078d54                cont_Pos_Fila
 .bss.SPI       0x20078d58       0x44 C:\Users\andre\AppData\Local\Temp\VMBuilds\SystemaPC2Firmware\arduino_due_x\Release\SPI\SPI.cpp.o
                0x20078d58                SPI
 .bss.tx_buffer2
                0x20078d9c       0x88 C:\Users\andre\AppData\Local\Temp\VMBCore\visualmicro\edf39ea94a4823db2dafaf834e67dd19\variant\variant.cpp.o
                0x20078d9c                tx_buffer2
 .bss.tx_buffer1
                0x20078e24       0x88 C:\Users\andre\AppData\Local\Temp\VMBCore\visualmicro\edf39ea94a4823db2dafaf834e67dd19\variant\variant.cpp.o
                0x20078e24                tx_buffer1
 .bss.Serial    0x20078eac       0x24 C:\Users\andre\AppData\Local\Temp\VMBCore\visualmicro\edf39ea94a4823db2dafaf834e67dd19\variant\variant.cpp.o
                0x20078eac                Serial
 .bss.rx_buffer1
                0x20078ed0       0x88 C:\Users\andre\AppData\Local\Temp\VMBCore\visualmicro\edf39ea94a4823db2dafaf834e67dd19\variant\variant.cpp.o
                0x20078ed0                rx_buffer1
 .bss.Serial1   0x20078f58       0x28 C:\Users\andre\AppData\Local\Temp\VMBCore\visualmicro\edf39ea94a4823db2dafaf834e67dd19\variant\variant.cpp.o
                0x20078f58                Serial1
 .bss.Serial2   0x20078f80       0x28 C:\Users\andre\AppData\Local\Temp\VMBCore\visualmicro\edf39ea94a4823db2dafaf834e67dd19\variant\variant.cpp.o
                0x20078f80                Serial2
 .bss.Serial3   0x20078fa8       0x28 C:\Users\andre\AppData\Local\Temp\VMBCore\visualmicro\edf39ea94a4823db2dafaf834e67dd19\variant\variant.cpp.o
                0x20078fa8                Serial3
 .bss.tx_buffer3
                0x20078fd0       0x88 C:\Users\andre\AppData\Local\Temp\VMBCore\visualmicro\edf39ea94a4823db2dafaf834e67dd19\variant\variant.cpp.o
                0x20078fd0                tx_buffer3
 .bss.tx_buffer4
                0x20079058       0x88 C:\Users\andre\AppData\Local\Temp\VMBCore\visualmicro\edf39ea94a4823db2dafaf834e67dd19\variant\variant.cpp.o
                0x20079058                tx_buffer4
 .bss.g_pinStatus
                0x200790e0       0x4f C:\Users\andre\AppData\Local\Temp\VMBCore\visualmicro\edf39ea94a4823db2dafaf834e67dd19\variant\variant.cpp.o
                0x200790e0                g_pinStatus
 *fill*         0x2007912f        0x1 
 .bss.rx_buffer2
                0x20079130       0x88 C:\Users\andre\AppData\Local\Temp\VMBCore\visualmicro\edf39ea94a4823db2dafaf834e67dd19\variant\variant.cpp.o
                0x20079130                rx_buffer2
 .bss.rx_buffer3
                0x200791b8       0x88 C:\Users\andre\AppData\Local\Temp\VMBCore\visualmicro\edf39ea94a4823db2dafaf834e67dd19\variant\variant.cpp.o
                0x200791b8                rx_buffer3
 .bss.rx_buffer4
                0x20079240       0x88 C:\Users\andre\AppData\Local\Temp\VMBCore\visualmicro\edf39ea94a4823db2dafaf834e67dd19\variant\variant.cpp.o
                0x20079240                rx_buffer4
 .bss.gpf_isr   0x200792c8        0x4 C:\Users\andre\AppData\Local\arduino15\packages\arduino\hardware\sam\1.6.11\variants\arduino_due_x/libsam_sam3x8e_gcc_rel.a(uotghs.o)
                0x200792c8                gpf_isr
 .bss.heap.6420
                0x200792cc        0x4 C:\Users\andre\AppData\Local\Temp\VMBuilds\SystemaPC2Firmware\arduino_due_x\Release/core.a(syscalls_sam3.c.o)
 .bss.cdc_rx_buffer
                0x200792d0      0x208 C:\Users\andre\AppData\Local\Temp\VMBuilds\SystemaPC2Firmware\arduino_due_x\Release/core.a(CDC.cpp.o)
                0x200792d0                cdc_rx_buffer
 .bss._ZZN7Serial_6acceptEvE5guard
                0x200794d8        0x4 C:\Users\andre\AppData\Local\Temp\VMBuilds\SystemaPC2Firmware\arduino_due_x\Release/core.a(CDC.cpp.o)
 .bss.SerialUSB
                0x200794dc       0x14 C:\Users\andre\AppData\Local\Temp\VMBuilds\SystemaPC2Firmware\arduino_due_x\Release/core.a(CDC.cpp.o)
                0x200794dc                SerialUSB
 .bss._cmark    0x200794f0        0x2 C:\Users\andre\AppData\Local\Temp\VMBuilds\SystemaPC2Firmware\arduino_due_x\Release/core.a(USBCore.cpp.o)
                0x200794f0                _cmark
 .bss._ZL14isEndpointHalt
                0x200794f2        0x1 C:\Users\andre\AppData\Local\Temp\VMBuilds\SystemaPC2Firmware\arduino_due_x\Release/core.a(USBCore.cpp.o)
 *fill*         0x200794f3        0x1 
 .bss._cdcComposite
                0x200794f4        0x4 C:\Users\andre\AppData\Local\Temp\VMBuilds\SystemaPC2Firmware\arduino_due_x\Release/core.a(USBCore.cpp.o)
                0x200794f4                _cdcComposite
 .bss._ZL21isRemoteWakeUpEnabled
                0x200794f8        0x1 C:\Users\andre\AppData\Local\Temp\VMBuilds\SystemaPC2Firmware\arduino_due_x\Release/core.a(USBCore.cpp.o)
 *fill*         0x200794f9        0x3 
 .bss._usbInitialized
                0x200794fc        0x4 C:\Users\andre\AppData\Local\Temp\VMBuilds\SystemaPC2Firmware\arduino_due_x\Release/core.a(USBCore.cpp.o)
                0x200794fc                _usbInitialized
 .bss.USBDevice
                0x20079500        0x1 C:\Users\andre\AppData\Local\Temp\VMBuilds\SystemaPC2Firmware\arduino_due_x\Release/core.a(USBCore.cpp.o)
                0x20079500                USBDevice
 *fill*         0x20079501        0x3 
 .bss._usbSetInterface
                0x20079504        0x4 C:\Users\andre\AppData\Local\Temp\VMBuilds\SystemaPC2Firmware\arduino_due_x\Release/core.a(USBCore.cpp.o)
                0x20079504                _usbSetInterface
 .bss._cend     0x20079508        0x2 C:\Users\andre\AppData\Local\Temp\VMBuilds\SystemaPC2Firmware\arduino_due_x\Release/core.a(USBCore.cpp.o)
                0x20079508                _cend
 *fill*         0x2007950a        0x2 
 .bss._usbConfiguration
                0x2007950c        0x4 C:\Users\andre\AppData\Local\Temp\VMBuilds\SystemaPC2Firmware\arduino_due_x\Release/core.a(USBCore.cpp.o)
                0x2007950c                _usbConfiguration
 .bss._ZZ12PluggableUSBvE3obj
                0x20079510        0x8 C:\Users\andre\AppData\Local\Temp\VMBuilds\SystemaPC2Firmware\arduino_due_x\Release/core.a(PluggableUSB.cpp.o)
 .bss._ZGVZ12PluggableUSBvE3obj
                0x20079518        0x4 C:\Users\andre\AppData\Local\Temp\VMBuilds\SystemaPC2Firmware\arduino_due_x\Release/core.a(PluggableUSB.cpp.o)
 .bss._dwTickCount
                0x2007951c        0x4 C:\Users\andre\AppData\Local\arduino15\packages\arduino\hardware\sam\1.6.11\variants\arduino_due_x/libsam_sam3x8e_gcc_rel.a(timetick.o)
 .bss.ul_recv_fifo_ptr
                0x20079520       0x28 C:\Users\andre\AppData\Local\arduino15\packages\arduino\hardware\sam\1.6.11\variants\arduino_due_x/libsam_sam3x8e_gcc_rel.a(uotghs_device.o)
 .bss.ul_send_fifo_ptr
                0x20079548       0x28 C:\Users\andre\AppData\Local\arduino15\packages\arduino\hardware\sam\1.6.11\variants\arduino_due_x/libsam_sam3x8e_gcc_rel.a(uotghs_device.o)
 .bss.__malloc_max_total_mem
                0x20079570        0x4 c:/users/andre/appdata/local/arduino15/packages/arduino/tools/arm-none-eabi-gcc/4.8.3-2014q1/bin/../lib/gcc/arm-none-eabi/4.8.3/../../../../arm-none-eabi/lib/armv7-m\libg.a(lib_a-mallocr.o)
                0x20079570                __malloc_max_total_mem
 .bss.__malloc_max_sbrked_mem
                0x20079574        0x4 c:/users/andre/appdata/local/arduino15/packages/arduino/tools/arm-none-eabi-gcc/4.8.3-2014q1/bin/../lib/gcc/arm-none-eabi/4.8.3/../../../../arm-none-eabi/lib/armv7-m\libg.a(lib_a-mallocr.o)
                0x20079574                __malloc_max_sbrked_mem
 .bss.__malloc_top_pad
                0x20079578        0x4 c:/users/andre/appdata/local/arduino15/packages/arduino/tools/arm-none-eabi-gcc/4.8.3-2014q1/bin/../lib/gcc/arm-none-eabi/4.8.3/../../../../arm-none-eabi/lib/armv7-m\libg.a(lib_a-mallocr.o)
                0x20079578                __malloc_top_pad
 .bss.__malloc_current_mallinfo
                0x2007957c       0x28 c:/users/andre/appdata/local/arduino15/packages/arduino/tools/arm-none-eabi-gcc/4.8.3-2014q1/bin/../lib/gcc/arm-none-eabi/4.8.3/../../../../arm-none-eabi/lib/armv7-m\libg.a(lib_a-mallocr.o)
                0x2007957c                __malloc_current_mallinfo
 *(COMMON)
 COMMON         0x200795a4        0x4 c:/users/andre/appdata/local/arduino15/packages/arduino/tools/arm-none-eabi-gcc/4.8.3-2014q1/bin/../lib/gcc/arm-none-eabi/4.8.3/../../../../arm-none-eabi/lib/armv7-m\libg.a(lib_a-reent.o)
                0x200795a4                errno
                0x200795a8                . = ALIGN (0x4)
                0x200795a8                _ebss = .
                0x200795a8                _ezero = .
                0x200795a8                . = ALIGN (0x4)
                0x200795a8                _end = .

.stack_dummy    0x200795a8        0x0
 *(.stack*)
                0x20088000                __StackTop = (ORIGIN (ram) + 0x18000)
                0x20088000                __StackLimit = (__StackTop - SIZEOF (.stack_dummy))
                0x20088000                PROVIDE (_sstack, __StackLimit)
                0x20088000                PROVIDE (_estack, __StackTop)
OUTPUT(C:\Users\andre\AppData\Local\Temp\VMBuilds\SystemaPC2Firmware\arduino_due_x\Release/SystemaPC2Firmware.ino.elf elf32-littlearm)

.ARM.attributes
                0x00000000       0x29
 .ARM.attributes
                0x00000000       0x1d c:/users/andre/appdata/local/arduino15/packages/arduino/tools/arm-none-eabi-gcc/4.8.3-2014q1/bin/../lib/gcc/arm-none-eabi/4.8.3/armv7-m/crti.o
 .ARM.attributes
                0x0000001d       0x2d c:/users/andre/appdata/local/arduino15/packages/arduino/tools/arm-none-eabi-gcc/4.8.3-2014q1/bin/../lib/gcc/arm-none-eabi/4.8.3/armv7-m/crtbegin.o
 .ARM.attributes
                0x0000004a       0x33 C:\Users\andre\AppData\Local\Temp\VMBuilds\SystemaPC2Firmware\arduino_due_x\Release\SystemaPC2Firmware.cpp.o
 .ARM.attributes
                0x0000007d       0x33 C:\Users\andre\AppData\Local\Temp\VMBuilds\SystemaPC2Firmware\arduino_due_x\Release\SPI\SPI.cpp.o
 .ARM.attributes
                0x000000b0       0x33 C:\Users\andre\AppData\Local\Temp\VMBuilds\SystemaPC2Firmware\arduino_due_x\Release\OneWire\OneWire.cpp.o
 .ARM.attributes
                0x000000e3       0x33 C:\Users\andre\AppData\Local\Temp\VMBuilds\SystemaPC2Firmware\arduino_due_x\Release\DallasTemperature\DallasTemperature.cpp.o
 .ARM.attributes