Archive member included because of file (symbol)

C:\Users\andre\AppData\Local\arduino15\packages\arduino\hardware\sam\1.6.11\variants\arduino_due_x/libsam_sam3x8e_gcc_rel.a(pio.o)
                              C:\Users\andre\AppData\Local\Temp\VMBuilds\SystemaPC2Firmware\arduino_due_x\Release\SPI\SPI.cpp.o (PIO_Configure)
C:\Users\andre\AppData\Local\arduino15\packages\arduino\hardware\sam\1.6.11\variants\arduino_due_x/libsam_sam3x8e_gcc_rel.a(pmc.o)
                              C:\Users\andre\AppData\Local\Temp\VMBCore\visualmicro\edf39ea94a4823db2dafaf834e67dd19\variant\variant.cpp.o (pmc_enable_periph_clk)
C:\Users\andre\AppData\Local\arduino15\packages\arduino\hardware\sam\1.6.11\variants\arduino_due_x/libsam_sam3x8e_gcc_rel.a(spi.o)
                              C:\Users\andre\AppData\Local\Temp\VMBuilds\SystemaPC2Firmware\arduino_due_x\Release\SPI\SPI.cpp.o (SPI_Enable)
C:\Users\andre\AppData\Local\arduino15\packages\arduino\hardware\sam\1.6.11\variants\arduino_due_x/libsam_sam3x8e_gcc_rel.a(system_sam3xa.o)
                              C:\Users\andre\AppData\Local\Temp\VMBCore\visualmicro\edf39ea94a4823db2dafaf834e67dd19\variant\variant.cpp.o (SystemInit)
C:\Users\andre\AppData\Local\arduino15\packages\arduino\hardware\sam\1.6.11\variants\arduino_due_x/libsam_sam3x8e_gcc_rel.a(startup_sam3xa.o)
                              (Reset_Handler)
C:\Users\andre\AppData\Local\arduino15\packages\arduino\hardware\sam\1.6.11\variants\arduino_due_x/libsam_sam3x8e_gcc_rel.a(adc.o)
                              C:\Users\andre\AppData\Local\Temp\VMBCore\visualmicro\edf39ea94a4823db2dafaf834e67dd19\variant\variant.cpp.o (adc_init)
C:\Users\andre\AppData\Local\arduino15\packages\arduino\hardware\sam\1.6.11\variants\arduino_due_x/libsam_sam3x8e_gcc_rel.a(uotghs.o)
                              C:\Users\andre\AppData\Local\arduino15\packages\arduino\hardware\sam\1.6.11\variants\arduino_due_x/libsam_sam3x8e_gcc_rel.a(startup_sam3xa.o) (UOTGHS_Handler)
C:\Users\andre\AppData\Local\Temp\VMBuilds\SystemaPC2Firmware\arduino_due_x\Release/core.a(cortex_handlers.c.o)
                              C:\Users\andre\AppData\Local\arduino15\packages\arduino\hardware\sam\1.6.11\variants\arduino_due_x/libsam_sam3x8e_gcc_rel.a(startup_sam3xa.o) (NMI_Handler)
C:\Users\andre\AppData\Local\Temp\VMBuilds\SystemaPC2Firmware\arduino_due_x\Release/core.a(hooks.c.o)
                              C:\Users\andre\AppData\Local\Temp\VMBuilds\SystemaPC2Firmware\arduino_due_x\Release/core.a(cortex_handlers.c.o) (sysTickHook)
C:\Users\andre\AppData\Local\Temp\VMBuilds\SystemaPC2Firmware\arduino_due_x\Release/core.a(syscalls_sam3.c.o)
                              (_sbrk)
C:\Users\andre\AppData\Local\Temp\VMBuilds\SystemaPC2Firmware\arduino_due_x\Release/core.a(wiring.c.o)
                              C:\Users\andre\AppData\Local\Temp\VMBuilds\SystemaPC2Firmware\arduino_due_x\Release\SystemaPC2Firmware.cpp.o (millis)
C:\Users\andre\AppData\Local\Temp\VMBuilds\SystemaPC2Firmware\arduino_due_x\Release/core.a(wiring_analog.c.o)
                              C:\Users\andre\AppData\Local\Temp\VMBuilds\SystemaPC2Firmware\arduino_due_x\Release\SystemaPC2Firmware.cpp.o (analogRead)
C:\Users\andre\AppData\Local\Temp\VMBuilds\SystemaPC2Firmware\arduino_due_x\Release/core.a(wiring_digital.c.o)
                              C:\Users\andre\AppData\Local\Temp\VMBuilds\SystemaPC2Firmware\arduino_due_x\Release\SystemaPC2Firmware.cpp.o (pinMode)
C:\Users\andre\AppData\Local\Temp\VMBuilds\SystemaPC2Firmware\arduino_due_x\Release/core.a(main.cpp.o)
                              c:/users/andre/appdata/local/arduino15/packages/arduino/tools/arm-none-eabi-gcc/4.8.3-2014q1/bin/../lib/gcc/arm-none-eabi/4.8.3/../../../../arm-none-eabi/lib/armv7-m/crt0.o (main)
C:\Users\andre\AppData\Local\Temp\VMBuilds\SystemaPC2Firmware\arduino_due_x\Release/core.a(Print.cpp.o)
                              C:\Users\andre\AppData\Local\Temp\VMBuilds\SystemaPC2Firmware\arduino_due_x\Release\SystemaPC2Firmware.cpp.o (Print::println())
C:\Users\andre\AppData\Local\Temp\VMBuilds\SystemaPC2Firmware\arduino_due_x\Release/core.a(Reset.cpp.o)
                              C:\Users\andre\AppData\Local\Temp\VMBuilds\SystemaPC2Firmware\arduino_due_x\Release/core.a(cortex_handlers.c.o) (tickReset)
C:\Users\andre\AppData\Local\Temp\VMBuilds\SystemaPC2Firmware\arduino_due_x\Release/core.a(RingBuffer.cpp.o)
                              C:\Users\andre\AppData\Local\Temp\VMBCore\visualmicro\edf39ea94a4823db2dafaf834e67dd19\variant\variant.cpp.o (RingBuffer::RingBuffer())
C:\Users\andre\AppData\Local\Temp\VMBuilds\SystemaPC2Firmware\arduino_due_x\Release/core.a(UARTClass.cpp.o)
                              C:\Users\andre\AppData\Local\Temp\VMBCore\visualmicro\edf39ea94a4823db2dafaf834e67dd19\variant\variant.cpp.o (UARTClass::available())
C:\Users\andre\AppData\Local\Temp\VMBuilds\SystemaPC2Firmware\arduino_due_x\Release/core.a(USARTClass.cpp.o)
[...]
Memory Configuration

Name             Origin             Length             Attributes
rom              0x00080000         0x00080000         xr
sram0            0x20000000         0x00010000         xrw
sram1            0x20080000         0x00008000         xrw
ram              0x20070000         0x00018000         xrw
*default*        0x00000000         0xffffffff

Linker script and memory map

LOAD c:/users/andre/appdata/local/arduino15/packages/arduino/tools/arm-none-eabi-gcc/4.8.3-2014q1/bin/../lib/gcc/arm-none-eabi/4.8.3/armv7-m/crti.o
LOAD c:/users/andre/appdata/local/arduino15/packages/arduino/tools/arm-none-eabi-gcc/4.8.3-2014q1/bin/../lib/gcc/arm-none-eabi/4.8.3/armv7-m/crtbegin.o
LOAD c:/users/andre/appdata/local/arduino15/packages/arduino/tools/arm-none-eabi-gcc/4.8.3-2014q1/bin/../lib/gcc/arm-none-eabi/4.8.3/../../../../arm-none-eabi/lib/armv7-m/crt0.o
START GROUP
LOAD C:\Users\andre\AppData\Local\Temp\VMBuilds\SystemaPC2Firmware\arduino_due_x\Release\SystemaPC2Firmware.cpp.o
LOAD C:\Users\andre\AppData\Local\Temp\VMBuilds\SystemaPC2Firmware\arduino_due_x\Release\SPI\SPI.cpp.o
LOAD C:\Users\andre\AppData\Local\Temp\VMBuilds\SystemaPC2Firmware\arduino_due_x\Release\OneWire\OneWire.cpp.o
LOAD C:\Users\andre\AppData\Local\Temp\VMBuilds\SystemaPC2Firmware\arduino_due_x\Release\DallasTemperature\DallasTemperature.cpp.o
LOAD C:\Users\andre\AppData\Local\Temp\VMBCore\visualmicro\edf39ea94a4823db2dafaf834e67dd19\variant\variant.cpp.o
LOAD C:\Users\andre\AppData\Local\arduino15\packages\arduino\hardware\sam\1.6.11\variants\arduino_due_x/libsam_sam3x8e_gcc_rel.a
LOAD C:\Users\andre\AppData\Local\Temp\VMBuilds\SystemaPC2Firmware\arduino_due_x\Release/core.a
END GROUP
LOAD c:/users/andre/appdata/local/arduino15/packages/arduino/tools/arm-none-eabi-gcc/4.8.3-2014q1/bin/../lib/gcc/arm-none-eabi/4.8.3/../../../../arm-none-eabi/lib/armv7-m\libm.a
START GROUP
LOAD c:/users/andre/appdata/local/arduino15/packages/arduino/tools/arm-none-eabi-gcc/4.8.3-2014q1/bin/../lib/gcc/arm-none-eabi/4.8.3/armv7-m\libgcc.a
LOAD c:/users/andre/appdata/local/arduino15/packages/arduino/tools/arm-none-eabi-gcc/4.8.3-2014q1/bin/../lib/gcc/arm-none-eabi/4.8.3/../../../../arm-none-eabi/lib/armv7-m\libg.a
LOAD c:/users/andre/appdata/local/arduino15/packages/arduino/tools/arm-none-eabi-gcc/4.8.3-2014q1/bin/../lib/gcc/arm-none-eabi/4.8.3/../../../../arm-none-eabi/lib/armv7-m\libc.a
END GROUP
LOAD c:/users/andre/appdata/local/arduino15/packages/arduino/tools/arm-none-eabi-gcc/4.8.3-2014q1/bin/../lib/gcc/arm-none-eabi/4.8.3/armv7-m/crtend.o
LOAD c:/users/andre/appdata/local/arduino15/packages/arduino/tools/arm-none-eabi-gcc/4.8.3-2014q1/bin/../lib/gcc/arm-none-eabi/4.8.3/armv7-m/crtn.o

.text           0x00080000     0x7a44
                0x00080000                . = ALIGN (0x4)
                0x00080000                _sfixed = .
 *(.vectors .vectors.*)
 .vectors       0x00080000       0xf4 C:\Users\andre\AppData\Local\arduino15\packages\arduino\hardware\sam\1.6.11\variants\arduino_due_x/libsam_sam3x8e_gcc_rel.a(startup_sam3xa.o)
                0x00080000                exception_table
 *(.text .text.* .gnu.linkonce.t.*)
 .text          0x000800f4       0x54 c:/users/andre/appdata/local/arduino15/packages/arduino/tools/arm-none-eabi-gcc/4.8.3-2014q1/bin/../lib/gcc/arm-none-eabi/4.8.3/armv7-m/crtbegin.o
 .text._Z13selectColumnai
                0x00080148       0x72 C:\Users\andre\AppData\Local\Temp\VMBuilds\SystemaPC2Firmware\arduino_due_x\Release\SystemaPC2Firmware.cpp.o
                0x00080148                selectColumna(int)
 *fill*         0x000801ba        0x2 
 .text._Z10selectFilav
                0x000801bc       0x64 C:\Users\andre\AppData\Local\Temp\VMBuilds\SystemaPC2Firmware\arduino_due_x\Release\SystemaPC2Firmware.cpp.o
                0x000801bc                selectFila()
 .text._Z7readIMUi
                0x00080220       0x44 C:\Users\andre\AppData\Local\Temp\VMBuilds\SystemaPC2Firmware\arduino_due_x\Release\SystemaPC2Firmware.cpp.o
                0x00080220                readIMU(int)
 *fill*         0x00080264        0x4 
 .text._Z14calcularAnguloh
                0x00080268       0x78 C:\Users\andre\AppData\Local\Temp\VMBuilds\SystemaPC2Firmware\arduino_due_x\Release\SystemaPC2Firmware.cpp.o
                0x00080268                calcularAngulo(unsigned char)
 .text._Z12leerSensoresv
                0x000802e0       0x9c C:\Users\andre\AppData\Local\Temp\VMBuilds\SystemaPC2Firmware\arduino_due_x\Release\SystemaPC2Firmware.cpp.o
                0x000802e0                leerSensores()
 .text._Z14sendCompressedh
                0x0008037c       0x20 C:\Users\andre\AppData\Local\Temp\VMBuilds\SystemaPC2Firmware\arduino_due_x\Release\SystemaPC2Firmware.cpp.o
                0x0008037c                sendCompressed(unsigned char)
 .text.loop     0x0008039c       0xd4 C:\Users\andre\AppData\Local\Temp\VMBuilds\SystemaPC2Firmware\arduino_due_x\Release\SystemaPC2Firmware.cpp.o
                0x0008039c                loop
 .text.startup._GLOBAL__sub_I_zero_counter
                0x00080470       0x20 C:\Users\andre\AppData\Local\Temp\VMBuilds\SystemaPC2Firmware\arduino_due_x\Release\SystemaPC2Firmware.cpp.o
 .text.setup    0x00080490      0x1e4 C:\Users\andre\AppData\Local\Temp\VMBuilds\SystemaPC2Firmware\arduino_due_x\Release\SystemaPC2Firmware.cpp.o
                0x00080490                setup
 .text._ZL10SPI_0_Initv
                0x00080674       0x48 C:\Users\andre\AppData\Local\Temp\VMBuilds\SystemaPC2Firmware\arduino_due_x\Release\SPI\SPI.cpp.o
 .text._ZN8SPIClass4initEv
                0x000806bc       0x36 C:\Users\andre\AppData\Local\Temp\VMBuilds\SystemaPC2Firmware\arduino_due_x\Release\SPI\SPI.cpp.o
                0x000806bc                SPIClass::init()
 *fill*         0x000806f2        0x2 
 .text._ZN8SPIClass16beginTransactionEh11SPISettings
                0x000806f4       0x98 C:\Users\andre\AppData\Local\Temp\VMBuilds\SystemaPC2Firmware\arduino_due_x\Release\SPI\SPI.cpp.o
                0x000806f4                SPIClass::beginTransaction(unsigned char, SPISettings)
 .text._ZN8SPIClass11setDataModeEhh
                0x0008078c       0x34 C:\Users\andre\AppData\Local\Temp\VMBuilds\SystemaPC2Firmware\arduino_due_x\Release\SPI\SPI.cpp.o
                0x0008078c                SPIClass::setDataMode(unsigned char, unsigned char)
 .text._ZN8SPIClass15setClockDividerEhh
                0x000807c0       0x2e C:\Users\andre\AppData\Local\Temp\VMBuilds\SystemaPC2Firmware\arduino_due_x\Release\SPI\SPI.cpp.o
                0x000807c0                SPIClass::setClockDivider(unsigned char, unsigned char)
 .text._ZN8SPIClass5beginEv
                0x000807ee       0x22 C:\Users\andre\AppData\Local\Temp\VMBuilds\SystemaPC2Firmware\arduino_due_x\Release\SPI\SPI.cpp.o
                0x000807ee                SPIClass::begin()
 .text._ZN8SPIClass8transferEhh15SPITransferMode
                0x00080810       0x5e C:\Users\andre\AppData\Local\Temp\VMBuilds\SystemaPC2Firmware\arduino_due_x\Release\SPI\SPI.cpp.o
                0x00080810                SPIClass::transfer(unsigned char, unsigned char, SPITransferMode)
 *fill*         0x0008086e        0x2 
 .text.startup._GLOBAL__sub_I__ZN8SPIClassC2EP3SpimPFvvE
                0x00080870       0x24 C:\Users\andre\AppData\Local\Temp\VMBuilds\SystemaPC2Firmware\arduino_due_x\Release\SPI\SPI.cpp.o
 .text._ZN7OneWire5resetEv
                0x00080894       0x5a C:\Users\andre\AppData\Local\Temp\VMBuilds\SystemaPC2Firmware\arduino_due_x\Release\OneWire\OneWire.cpp.o
                0x00080894                OneWire::reset()
 .text._ZN7OneWire9write_bitEh
                0x000808ee       0x40 C:\Users\andre\AppData\Local\Temp\VMBuilds\SystemaPC2Firmware\arduino_due_x\Release\OneWire\OneWire.cpp.o
                0x000808ee                OneWire::write_bit(unsigned char)
 .text._ZN7OneWire8read_bitEv
                0x0008092e       0x36 C:\Users\andre\AppData\Local\Temp\VMBuilds\SystemaPC2Firmware\arduino_due_x\Release\OneWire\OneWire.cpp.o
                0x0008092e                OneWire::read_bit()
 .text._ZN7OneWire5writeEhh
                0x00080964       0x3a C:\Users\andre\AppData\Local\Temp\VMBuilds\SystemaPC2Firmware\arduino_due_x\Release\OneWire\OneWire.cpp.o
                0x00080964                OneWire::write(unsigned char, unsigned char)
 .text._ZN7OneWire4readEv
                0x0008099e       0x20 C:\Users\andre\AppData\Local\Temp\VMBuilds\SystemaPC2Firmware\arduino_due_x\Release\OneWire\OneWire.cpp.o
                0x0008099e                OneWire::read()
 .text._ZN7OneWire6selectEPKh
                0x000809be       0x22 C:\Users\andre\AppData\Local\Temp\VMBuilds\SystemaPC2Firmware\arduino_due_x\Release\OneWire\OneWire.cpp.o
                0x000809be                OneWire::select(unsigned char const*)
 .text._ZN7OneWire4skipEv
                0x000809e0        0x8 C:\Users\andre\AppData\Local\Temp\VMBuilds\SystemaPC2Firmware\arduino_due_x\Release\OneWire\OneWire.cpp.o
                0x000809e0                OneWire::skip()
 .text._ZN7OneWire12reset_searchEv
                0x000809e8       0x18 C:\Users\andre\AppData\Local\Temp\VMBuilds\SystemaPC2Firmware\arduino_due_x\Release\OneWire\OneWire.cpp.o
                0x000809e8                OneWire::reset_search()
 .text._ZN7OneWire5beginEh
                0x00080a00       0x2c C:\Users\andre\AppData\Local\Temp\VMBuilds\SystemaPC2Firmware\arduino_due_x\Release\OneWire\OneWire.cpp.o
                0x00080a00                OneWire::begin(unsigned char)
 .text._ZN7OneWire6searchEPhb
                0x00080a2c       0xee C:\Users\andre\AppData\Local\Temp\VMBuilds\SystemaPC2Firmware\arduino_due_x\Release\OneWire\OneWire.cpp.o
                0x00080a2c                OneWire::search(unsigned char*, bool)
 *fill*         0x00080b1a        0x2 
 .text._ZN7OneWire4crc8EPKhh
                0x00080b1c       0x2c C:\Users\andre\AppData\Local\Temp\VMBuilds\SystemaPC2Firmware\arduino_due_x\Release\OneWire\OneWire.cpp.o
                0x00080b1c                OneWire::crc8(unsigned char const*, unsigned char)
 .text._ZN17DallasTemperature10setOneWireEP7OneWire
                0x00080b48       0x16 C:\Users\andre\AppData\Local\Temp\VMBuilds\SystemaPC2Firmware\arduino_due_x\Release\DallasTemperature\DallasTemperature.cpp.o
                0x00080b48                DallasTemperature::setOneWire(OneWire*)
 .text._ZN17DallasTemperatureC2EP7OneWire
                0x00080b5e       0x10 C:\Users\andre\AppData\Local\Temp\VMBuilds\SystemaPC2Firmware\arduino_due_x\Release\DallasTemperature\DallasTemperature.cpp.o
                0x00080b5e                DallasTemperature::DallasTemperature(OneWire*)
                0x00080b5e                DallasTemperature::DallasTemperature(OneWire*)
 .text._ZN17DallasTemperature12validAddressEPKh
                0x00080b6e       0x16 C:\Users\andre\AppData\Local\Temp\VMBuilds\SystemaPC2Firmware\arduino_due_x\Release\DallasTemperature\DallasTemperature.cpp.o
                0x00080b6e                DallasTemperature::validAddress(unsigned char const*)
 .text._ZN17DallasTemperature10getAddressEPhh
                0x00080b84       0x3a C:\Users\andre\AppData\Local\Temp\VMBuilds\SystemaPC2Firmware\arduino_due_x\Release\DallasTemperature\DallasTemperature.cpp.o
                0x00080b84                DallasTemperature::getAddress(unsigned char*, unsigned char)
 .text._ZN17DallasTemperature14readScratchPadEPKhPh
                0x00080bbe       0x40 C:\Users\andre\AppData\Local\Temp\VMBuilds\SystemaPC2Firmware\arduino_due_x\Release\DallasTemperature\DallasTemperature.cpp.o
                0x00080bbe                DallasTemperature::readScratchPad(unsigned char const*, unsigned char*)
 .text._ZN17DallasTemperature11isConnectedEPKhPh
                0x00080bfe       0x1c C:\Users\andre\AppData\Local\Temp\VMBuilds\SystemaPC2Firmware\arduino_due_x\Release\DallasTemperature\DallasTemperature.cpp.o
                0x00080bfe                DallasTemperature::isConnected(unsigned char const*, unsigned char*)
 .text._ZN17DallasTemperature15writeScratchPadEPKhS1_
                0x00080c1a       0x76 C:\Users\andre\AppData\Local\Temp\VMBuilds\SystemaPC2Firmware\arduino_due_x\Release\DallasTemperature\DallasTemperature.cpp.o
                0x00080c1a                DallasTemperature::writeScratchPad(unsigned char const*, unsigned char const*)
 .text._ZN17DallasTemperature13getResolutionEPKh
                0x00080c90       0x40 C:\Users\andre\AppData\Local\Temp\VMBuilds\SystemaPC2Firmware\arduino_due_x\Release\DallasTemperature\DallasTemperature.cpp.o
                0x00080c90                DallasTemperature::getResolution(unsigned char const*)
 .text._ZN17DallasTemperature13setResolutionEPKhhb
                0x00080cd0       0xac C:\Users\andre\AppData\Local\Temp\VMBuilds\SystemaPC2Firmware\arduino_due_x\Release\DallasTemperature\DallasTemperature.cpp.o
                0x00080cd0                DallasTemperature::setResolution(unsigned char const*, unsigned char, bool)
 .text._ZN17DallasTemperature20isConversionCompleteEv
                0x00080d7c       0x10 C:\Users\andre\AppData\Local\Temp\VMBuilds\SystemaPC2Firmware\arduino_due_x\Release\DallasTemperature\DallasTemperature.cpp.o
                0x00080d7c                DallasTemperature::isConversionComplete()
 .text._ZN17DallasTemperature27blockTillConversionCompleteEh
                0x00080d8c       0x50 C:\Users\andre\AppData\Local\Temp\VMBuilds\SystemaPC2Firmware\arduino_due_x\Release\DallasTemperature\DallasTemperature.cpp.o
                0x00080d8c                DallasTemperature::blockTillConversionComplete(unsigned char)
 .text._ZN17DallasTemperature19requestTemperaturesEv
                0x00080ddc       0x2c C:\Users\andre\AppData\Local\Temp\VMBuilds\SystemaPC2Firmware\arduino_due_x\Release\DallasTemperature\DallasTemperature.cpp.o
                0x00080ddc                DallasTemperature::requestTemperatures()
 .text._ZN17DallasTemperature20calculateTemperatureEPKhPh
                0x00080e08       0x2e C:\Users\andre\AppData\Local\Temp\VMBuilds\SystemaPC2Firmware\arduino_due_x\Release\DallasTemperature\DallasTemperature.cpp.o
                0x00080e08                DallasTemperature::calculateTemperature(unsigned char const*, unsigned char*)
 .text._ZN17DallasTemperature7getTempEPKh
                0x00080e36       0x26 C:\Users\andre\AppData\Local\Temp\VMBuilds\SystemaPC2Firmware\arduino_due_x\Release\DallasTemperature\DallasTemperature.cpp.o
                0x00080e36                DallasTemperature::getTemp(unsigned char const*)
 .text._ZN17DallasTemperature12rawToCelsiusEs
                0x00080e5c       0x20 C:\Users\andre\AppData\Local\Temp\VMBuilds\SystemaPC2Firmware\arduino_due_x\Release\DallasTemperature\DallasTemperature.cpp.o
                0x00080e5c                DallasTemperature::rawToCelsius(short)
 .text._ZN17DallasTemperature8getTempCEPKh
                0x00080e7c        0xe C:\Users\andre\AppData\Local\Temp\VMBuilds\SystemaPC2Firmware\arduino_due_x\Release\DallasTemperature\DallasTemperature.cpp.o
                0x00080e7c                DallasTemperature::getTempC(unsigned char const*)
 .text._Z11serialEventv
                0x00080e8a        0x2 C:\Users\andre\AppData\Local\Temp\VMBCore\visualmicro\edf39ea94a4823db2dafaf834e67dd19\variant\variant.cpp.o
                0x00080e8a                serialEvent()
 .text.UART_Handler
                0x00080e8c        0xc C:\Users\andre\AppData\Local\Temp\VMBCore\visualmicro\edf39ea94a4823db2dafaf834e67dd19\variant\variant.cpp.o
                0x00080e8c                UART_Handler
 .text._Z12serialEvent1v
                0x00080e98        0x2 C:\Users\andre\AppData\Local\Temp\VMBCore\visualmicro\edf39ea94a4823db2dafaf834e67dd19\variant\variant.cpp.o
                0x00080e98                serialEvent1()
 .text._Z12serialEvent2v
                0x00080e9a        0x2 C:\Users\andre\AppData\Local\Temp\VMBCore\visualmicro\edf39ea94a4823db2dafaf834e67dd19\variant\variant.cpp.o
                0x00080e9a                serialEvent2()
 .text._Z12serialEvent3v
                0x00080e9c        0x2 C:\Users\andre\AppData\Local\Temp\VMBCore\visualmicro\edf39ea94a4823db2dafaf834e67dd19\variant\variant.cpp.o
                0x00080e9c                serialEvent3()
 *fill*         0x00080e9e        0x2 
 .text.USART0_Handler
                0x00080ea0        0xc C:\Users\andre\AppData\Local\Temp\VMBCore\visualmicro\edf39ea94a4823db2dafaf834e67dd19\variant\variant.cpp.o
                0x00080ea0                USART0_Handler
 .text.USART1_Handler
                0x00080eac        0xc C:\Users\andre\AppData\Local\Temp\VMBCore\visualmicro\edf39ea94a4823db2dafaf834e67dd19\variant\variant.cpp.o
                0x00080eac                USART1_Handler
 .text.USART3_Handler
                0x00080eb8        0xc C:\Users\andre\AppData\Local\Temp\VMBCore\visualmicro\edf39ea94a4823db2dafaf834e67dd19\variant\variant.cpp.o
                0x00080eb8                USART3_Handler
 .text.init     0x00080ec4      0x128 C:\Users\andre\AppData\Local\Temp\VMBCore\visualmicro\edf39ea94a4823db2dafaf834e67dd19\variant\variant.cpp.o
                0x00080ec4                init
 .text.startup._GLOBAL__sub_I_g_APinDescription
                0x00080fec       0xd4 C:\Users\andre\AppData\Local\Temp\VMBCore\visualmicro\edf39ea94a4823db2dafaf834e67dd19\variant\variant.cpp.o
 .text._Z14serialEventRunv
                0x000810c0       0x44 C:\Users\andre\AppData\Local\Temp\VMBCore\visualmicro\edf39ea94a4823db2dafaf834e67dd19\variant\variant.cpp.o
                0x000810c0                serialEventRun()
 .text.PIO_PullUp
                0x00081104        0xa C:\Users\andre\AppData\Local\arduino15\packages\arduino\hardware\sam\1.6.11\variants\arduino_due_x/libsam_sam3x8e_gcc_rel.a(pio.o)
                0x00081104                PIO_PullUp
 .text.PIO_SetPeripheral
                0x0008110e       0x26 C:\Users\andre\AppData\Local\arduino15\packages\arduino\hardware\sam\1.6.11\variants\arduino_due_x/libsam_sam3x8e_gcc_rel.a(pio.o)
                0x0008110e                PIO_SetPeripheral
 .text.PIO_SetInput
                0x00081134       0x26 C:\Users\andre\AppData\Local\arduino15\packages\arduino\hardware\sam\1.6.11\variants\arduino_due_x/libsam_sam3x8e_gcc_rel.a(pio.o)
                0x00081134                PIO_SetInput
 .text.PIO_SetOutput
                0x0008115a       0x24 C:\Users\andre\AppData\Local\arduino15\packages\arduino\hardware\sam\1.6.11\variants\arduino_due_x/libsam_sam3x8e_gcc_rel.a(pio.o)
                0x0008115a                PIO_SetOutput
 *fill*         0x0008117e        0x2 
 .text.PIO_Configure
                0x00081180       0x64 C:\Users\andre\AppData\Local\arduino15\packages\arduino\hardware\sam\1.6.11\variants\arduino_due_x/libsam_sam3x8e_gcc_rel.a(pio.o)
                0x00081180                PIO_Configure
 .text.PIO_GetOutputDataStatus
                0x000811e4       0x14 C:\Users\andre\AppData\Local\arduino15\packages\arduino\hardware\sam\1.6.11\variants\arduino_due_x/libsam_sam3x8e_gcc_rel.a(pio.o)
                0x000811e4                PIO_GetOutputDataStatus
 .text.pmc_enable_upll_clock
                0x000811f8       0x14 C:\Users\andre\AppData\Local\arduino15\packages\arduino\hardware\sam\1.6.11\variants\arduino_due_x/libsam_sam3x8e_gcc_rel.a(pmc.o)
                0x000811f8                pmc_enable_upll_clock
 .text.pmc_enable_periph_clk
                0x0008120c       0x44 C:\Users\andre\AppData\Local\arduino15\packages\arduino\hardware\sam\1.6.11\variants\arduino_due_x/libsam_sam3x8e_gcc_rel.a(pmc.o)
                0x0008120c                pmc_enable_periph_clk
 .text.pmc_disable_periph_clk
                0x00081250       0x40 C:\Users\andre\AppData\Local\arduino15\packages\arduino\hardware\sam\1.6.11\variants\arduino_due_x/libsam_sam3x8e_gcc_rel.a(pmc.o)
                0x00081250                pmc_disable_periph_clk
 .text.pmc_switch_udpck_to_upllck
                0x00081290       0x14 C:\Users\andre\AppData\Local\arduino15\packages\arduino\hardware\sam\1.6.11\variants\arduino_due_x/libsam_sam3x8e_gcc_rel.a(pmc.o)
                0x00081290                pmc_switch_udpck_to_upllck
 .text.pmc_enable_udpck
                0x000812a4        0xc C:\Users\andre\AppData\Local\arduino15\packages\arduino\hardware\sam\1.6.11\variants\arduino_due_x/libsam_sam3x8e_gcc_rel.a(pmc.o)
                0x000812a4                pmc_enable_udpck
 .text.SPI_Enable
                0x000812b0        0x6 C:\Users\andre\AppData\Local\arduino15\packages\arduino\hardware\sam\1.6.11\variants\arduino_due_x/libsam_sam3x8e_gcc_rel.a(spi.o)
                0x000812b0                SPI_Enable
 *fill*         0x000812b6        0x2 
 .text.SPI_Configure
                0x000812b8       0x20 C:\Users\andre\AppData\Local\arduino15\packages\arduino\hardware\sam\1.6.11\variants\arduino_due_x/libsam_sam3x8e_gcc_rel.a(spi.o)
                0x000812b8                SPI_Configure
 .text.SPI_ConfigureNPCS
                0x000812d8        0x8 C:\Users\andre\AppData\Local\arduino15\packages\arduino\hardware\sam\1.6.11\variants\arduino_due_x/libsam_sam3x8e_gcc_rel.a(spi.o)
                0x000812d8                SPI_ConfigureNPCS
 .text.SystemInit
                0x000812e0       0x88 C:\Users\andre\AppData\Local\arduino15\packages\arduino\hardware\sam\1.6.11\variants\arduino_due_x/libsam_sam3x8e_gcc_rel.a(system_sam3xa.o)
                0x000812e0                SystemInit
 .text.Reset_Handler
                0x00081368       0x78 C:\Users\andre\AppData\Local\arduino15\packages\arduino\hardware\sam\1.6.11\variants\arduino_due_x/libsam_sam3x8e_gcc_rel.a(startup_sam3xa.o)
                0x00081368                Reset_Handler
 .text.adc_init
                0x000813e0       0x98 C:\Users\andre\AppData\Local\arduino15\packages\arduino\hardware\sam\1.6.11\variants\arduino_due_x/libsam_sam3x8e_gcc_rel.a(adc.o)
                0x000813e0                adc_init
 .text.adc_configure_trigger
                0x00081478        0xe C:\Users\andre\AppData\Local\arduino15\packages\arduino\hardware\sam\1.6.11\variants\arduino_due_x/libsam_sam3x8e_gcc_rel.a(adc.o)
                0x00081478                adc_configure_trigger
 .text.adc_configure_timing
                0x00081486       0x1a C:\Users\andre\AppData\Local\arduino15\packages\arduino\hardware\sam\1.6.11\variants\arduino_due_x/libsam_sam3x8e_gcc_rel.a(adc.o)
                0x00081486                adc_configure_timing
 .text.adc_start
                0x000814a0        0x6 C:\Users\andre\AppData\Local\arduino15\packages\arduino\hardware\sam\1.6.11\variants\arduino_due_x/libsam_sam3x8e_gcc_rel.a(adc.o)
                0x000814a0                adc_start
 .text.adc_enable_channel
                0x000814a6        0xa C:\Users\andre\AppData\Local\arduino15\packages\arduino\hardware\sam\1.6.11\variants\arduino_due_x/libsam_sam3x8e_gcc_rel.a(adc.o)
                0x000814a6                adc_enable_channel
 .text.adc_disable_channel
                0x000814b0        0xa C:\Users\andre\AppData\Local\arduino15\packages\arduino\hardware\sam\1.6.11\variants\arduino_due_x/libsam_sam3x8e_gcc_rel.a(adc.o)
                0x000814b0                adc_disable_channel
 .text.adc_disable_all_channel
                0x000814ba        0x8 C:\Users\andre\AppData\Local\arduino15\packages\arduino\hardware\sam\1.6.11\variants\arduino_due_x/libsam_sam3x8e_gcc_rel.a(adc.o)
                0x000814ba                adc_disable_all_channel
 .text.adc_get_channel_status
                0x000814c2        0xa C:\Users\andre\AppData\Local\arduino15\packages\arduino\hardware\sam\1.6.11\variants\arduino_due_x/libsam_sam3x8e_gcc_rel.a(adc.o)
                0x000814c2                adc_get_channel_status
 .text.adc_get_latest_value
                0x000814cc        0x4 C:\Users\andre\AppData\Local\arduino15\packages\arduino\hardware\sam\1.6.11\variants\arduino_due_x/libsam_sam3x8e_gcc_rel.a(adc.o)
                0x000814cc                adc_get_latest_value
 .text.adc_disable_interrupt
                0x000814d0        0x4 C:\Users\andre\AppData\Local\arduino15\packages\arduino\hardware\sam\1.6.11\variants\arduino_due_x/libsam_sam3x8e_gcc_rel.a(adc.o)
                0x000814d0                adc_disable_interrupt
 .text.adc_get_status
                0x000814d4        0x4 C:\Users\andre\AppData\Local\arduino15\packages\arduino\hardware\sam\1.6.11\variants\arduino_due_x/libsam_sam3x8e_gcc_rel.a(adc.o)
                0x000814d4                adc_get_status
 .text.UOTGHS_Handler
                0x000814d8       0x10 C:\Users\andre\AppData\Local\arduino15\packages\arduino\hardware\sam\1.6.11\variants\arduino_due_x/libsam_sam3x8e_gcc_rel.a(uotghs.o)
                0x000814d8                UOTGHS_Handler
 .text.__halt   0x000814e8        0x2 C:\Users\andre\AppData\Local\Temp\VMBuilds\SystemaPC2Firmware\arduino_due_x\Release/core.a(cortex_handlers.c.o)
                0x000814e8                DACC_Handler
                0x000814e8                DebugMon_Handler
                0x000814e8                DMAC_Handler
                0x000814e8                TRNG_Handler
                0x000814e8                HardFault_Handler
                0x000814e8                TC2_Handler
                0x000814e8                TWI1_Handler
                0x000814e8                NMI_Handler
                0x000814e8                TC7_Handler
                0x000814e8                ADC_Handler
                0x000814e8                SMC_Handler
                0x000814e8                RTT_Handler
                0x000814e8                EFC1_Handler
                0x000814e8                PIOB_Handler
                0x000814e8                RTC_Handler
                0x000814e8                UsageFault_Handler
                0x000814e8                TC6_Handler
                0x000814e8                WDT_Handler
                0x000814e8                CAN0_Handler
                0x000814e8                TC4_Handler
                0x000814e8                TC1_Handler
                0x000814e8                HSMCI_Handler
                0x000814e8                TC3_Handler
                0x000814e8                TWI0_Handler
                0x000814e8                PIOA_Handler
                0x000814e8                SSC_Handler
                0x000814e8                EFC0_Handler
                0x000814e8                PMC_Handler
                0x000814e8                PWM_Handler
                0x000814e8                CAN1_Handler
                0x000814e8                MemManage_Handler
                0x000814e8                SUPC_Handler
                0x000814e8                TC8_Handler
                0x000814e8                USART2_Handler
                0x000814e8                PIOD_Handler
                0x000814e8                EMAC_Handler
                0x000814e8                PIOC_Handler
                0x000814e8                BusFault_Handler
                0x000814e8                RSTC_Handler
                0x000814e8                TC0_Handler
                0x000814e8                TC5_Handler
                0x000814e8                SPI0_Handler
 .text.SVC_Handler
                0x000814ea        0x4 C:\Users\andre\AppData\Local\Temp\VMBuilds\SystemaPC2Firmware\arduino_due_x\Release/core.a(cortex_handlers.c.o)
                0x000814ea                SVC_Handler
 .text.PendSV_Handler
                0x000814ee        0x4 C:\Users\andre\AppData\Local\Temp\VMBuilds\SystemaPC2Firmware\arduino_due_x\Release/core.a(cortex_handlers.c.o)
                0x000814ee                PendSV_Handler
 .text.SysTick_Handler
                0x000814f2       0x16 C:\Users\andre\AppData\Local\Temp\VMBuilds\SystemaPC2Firmware\arduino_due_x\Release/core.a(cortex_handlers.c.o)
                0x000814f2                SysTick_Handler
 .text.__empty  0x00081508        0x2 C:\Users\andre\AppData\Local\Temp\VMBuilds\SystemaPC2Firmware\arduino_due_x\Release/core.a(hooks.c.o)
                0x00081508                yield
 .text.__false  0x0008150a        0x4 C:\Users\andre\AppData\Local\Temp\VMBuilds\SystemaPC2Firmware\arduino_due_x\Release/core.a(hooks.c.o)
                0x0008150a                sysTickHook
 .text.__halt   0x0008150e        0x2 C:\Users\andre\AppData\Local\Temp\VMBuilds\SystemaPC2Firmware\arduino_due_x\Release/core.a(hooks.c.o)
                0x0008150e                svcHook
                0x0008150e                pendSVHook
 .text._sbrk    0x00081510       0x1c C:\Users\andre\AppData\Local\Temp\VMBuilds\SystemaPC2Firmware\arduino_due_x\Release/core.a(syscalls_sam3.c.o)
                0x00081510                _sbrk
 .text.link     0x0008152c        0x6 C:\Users\andre\AppData\Local\Temp\VMBuilds\SystemaPC2Firmware\arduino_due_x\Release/core.a(syscalls_sam3.c.o)
                0x0008152c                link
 .text._close   0x00081532        0x6 C:\Users\andre\AppData\Local\Temp\VMBuilds\SystemaPC2Firmware\arduino_due_x\Release/core.a(syscalls_sam3.c.o)
                0x00081532                _close
 .text._fstat   0x00081538        0xa C:\Users\andre\AppData\Local\Temp\VMBuilds\SystemaPC2Firmware\arduino_due_x\Release/core.a(syscalls_sam3.c.o)
                0x00081538                _fstat
 .text._isatty  0x00081542        0x4 C:\Users\andre\AppData\Local\Temp\VMBuilds\SystemaPC2Firmware\arduino_due_x\Release/core.a(syscalls_sam3.c.o)
                0x00081542                _isatty
 .text._lseek   0x00081546        0x4 C:\Users\andre\AppData\Local\Temp\VMBuilds\SystemaPC2Firmware\arduino_due_x\Release/core.a(syscalls_sam3.c.o)
                0x00081546                _lseek
 .text._read    0x0008154a        0x4 C:\Users\andre\AppData\Local\Temp\VMBuilds\SystemaPC2Firmware\arduino_due_x\Release/core.a(syscalls_sam3.c.o)
                0x0008154a                _read
 *fill*         0x0008154e        0x2 
 .text._write   0x00081550       0x24 C:\Users\andre\AppData\Local\Temp\VMBuilds\SystemaPC2Firmware\arduino_due_x\Release/core.a(syscalls_sam3.c.o)
                0x00081550                _write
 .text._exit    0x00081574       0x10 C:\Users\andre\AppData\Local\Temp\VMBuilds\SystemaPC2Firmware\arduino_due_x\Release/core.a(syscalls_sam3.c.o)
                0x00081574                _exit
 .text._kill    0x00081584        0x2 C:\Users\andre\AppData\Local\Temp\VMBuilds\SystemaPC2Firmware\arduino_due_x\Release/core.a(syscalls_sam3.c.o)
                0x00081584                _kill
 .text._getpid  0x00081586        0x6 C:\Users\andre\AppData\Local\Temp\VMBuilds\SystemaPC2Firmware\arduino_due_x\Release/core.a(syscalls_sam3.c.o)
                0x00081586                _getpid
 .text.millis   0x0008158c        0x4 C:\Users\andre\AppData\Local\Temp\VMBuilds\SystemaPC2Firmware\arduino_due_x\Release/core.a(wiring.c.o)
                0x0008158c                millis
 .text.delay    0x00081590       0x1c C:\Users\andre\AppData\Local\Temp\VMBuilds\SystemaPC2Firmware\arduino_due_x\Release/core.a(wiring.c.o)
                0x00081590                delay
 .text.mapResolution
                0x000815ac       0x12 C:\Users\andre\AppData\Local\Temp\VMBuilds\SystemaPC2Firmware\arduino_due_x\Release/core.a(wiring_analog.c.o)
 *fill*         0x000815be        0x2 
 .text.analogRead
                0x000815c0       0x9c C:\Users\andre\AppData\Local\Temp\VMBuilds\SystemaPC2Firmware\arduino_due_x\Release/core.a(wiring_analog.c.o)
                0x000815c0                analogRead
 .text.analogOutputInit
                0x0008165c        0x2 C:\Users\andre\AppData\Local\Temp\VMBuilds\SystemaPC2Firmware\arduino_due_x\Release/core.a(wiring_analog.c.o)
                0x0008165c                analogOutputInit
 *fill*         0x0008165e        0x2 
 .text.pinMode  0x00081660      0x108 C:\Users\andre\AppData\Local\Temp\VMBuilds\SystemaPC2Firmware\arduino_due_x\Release/core.a(wiring_digital.c.o)
                0x00081660                pinMode
 .text.digitalWrite
                0x00081768       0x70 C:\Users\andre\AppData\Local\Temp\VMBuilds\SystemaPC2Firmware\arduino_due_x\Release/core.a(wiring_digital.c.o)
                0x00081768                digitalWrite
 .text.initVariant
                0x000817d8        0x2 C:\Users\andre\AppData\Local\Temp\VMBuilds\SystemaPC2Firmware\arduino_due_x\Release/core.a(main.cpp.o)
                0x000817d8                initVariant
 *fill*         0x000817da        0x2 
 .text.startup.main
                0x000817dc       0x38 C:\Users\andre\AppData\Local\Temp\VMBuilds\SystemaPC2Firmware\arduino_due_x\Release/core.a(main.cpp.o)
                0x000817dc                main
 .text._ZN5Print5writeEPKhj
                0x00081814       0x22 C:\Users\andre\AppData\Local\Temp\VMBuilds\SystemaPC2Firmware\arduino_due_x\Release/core.a(Print.cpp.o)
                0x00081814                Print::write(unsigned char const*, unsigned int)
 .text._ZN5Print5writeEPKc
                0x00081836       0x1e C:\Users\andre\AppData\Local\Temp\VMBuilds\SystemaPC2Firmware\arduino_due_x\Release/core.a(Print.cpp.o)
                0x00081836                Print::write(char const*)
 .text._ZN5Print5printEc
                0x00081854        0xa C:\Users\andre\AppData\Local\Temp\VMBuilds\SystemaPC2Firmware\arduino_due_x\Release/core.a(Print.cpp.o)
                0x00081854                Print::print(char)
 *fill*         0x0008185e        0x2 
 .text._ZN5Print7printlnEv
                0x00081860       0x10 C:\Users\andre\AppData\Local\Temp\VMBuilds\SystemaPC2Firmware\arduino_due_x\Release/core.a(Print.cpp.o)
                0x00081860                Print::println()
 .text._ZN5Print7printlnEPKc
                0x00081870       0x14 C:\Users\andre\AppData\Local\Temp\VMBuilds\SystemaPC2Firmware\arduino_due_x\Release/core.a(Print.cpp.o)
                0x00081870                Print::println(char const*)
 .text._ZN5Print11printNumberEmh
                0x00081884       0x3e C:\Users\andre\AppData\Local\Temp\VMBuilds\SystemaPC2Firmware\arduino_due_x\Release/core.a(Print.cpp.o)
                0x00081884                Print::printNumber(unsigned long, unsigned char)
 .text._ZN5Print5printEli
                0x000818c2       0x3c C:\Users\andre\AppData\Local\Temp\VMBuilds\SystemaPC2Firmware\arduino_due_x\Release/core.a(Print.cpp.o)
                0x000818c2                Print::print(long, int)
 .text._ZN5Print5printEii
                0x000818fe        0x4 C:\Users\andre\AppData\Local\Temp\VMBuilds\SystemaPC2Firmware\arduino_due_x\Release/core.a(Print.cpp.o)
                0x000818fe                Print::print(int, int)
 .text._ZN5Print7printlnEii
                0x00081902       0x14 C:\Users\andre\AppData\Local\Temp\VMBuilds\SystemaPC2Firmware\arduino_due_x\Release/core.a(Print.cpp.o)
                0x00081902                Print::println(int, int)
 *fill*         0x00081916        0x2 
 .text.initiateReset
                0x00081918        0xc C:\Users\andre\AppData\Local\Temp\VMBuilds\SystemaPC2Firmware\arduino_due_x\Release/core.a(Reset.cpp.o)
                0x00081918                initiateReset
 .text.cancelReset
                0x00081924       0x10 C:\Users\andre\AppData\Local\Temp\VMBuilds\SystemaPC2Firmware\arduino_due_x\Release/core.a(Reset.cpp.o)
                0x00081924                cancelReset
 .text.tickReset
                0x00081934       0x20 C:\Users\andre\AppData\Local\Temp\VMBuilds\SystemaPC2Firmware\arduino_due_x\Release/core.a(Reset.cpp.o)
                0x00081934                tickReset
 .text._ZN10RingBufferC2Ev
                0x00081954       0x1a C:\Users\andre\AppData\Local\Temp\VMBuilds\SystemaPC2Firmware\arduino_due_x\Release/core.a(RingBuffer.cpp.o)
                0x00081954                RingBuffer::RingBuffer()
                0x00081954                RingBuffer::RingBuffer()
 .text._ZN10RingBuffer10store_charEh
                0x0008196e       0x1e C:\Users\andre\AppData\Local\Temp\VMBuilds\SystemaPC2Firmware\arduino_due_x\Release/core.a(RingBuffer.cpp.o)
                0x0008196e                RingBuffer::store_char(unsigned char)
 .text._ZN9UARTClasscvbEv
                0x0008198c        0x4 C:\Users\andre\AppData\Local\Temp\VMBuilds\SystemaPC2Firmware\arduino_due_x\Release/core.a(UARTClass.cpp.o)
                0x0008198c                UARTClass::operator bool()
 .text._ZN9UARTClass9availableEv
                0x00081990       0x12 C:\Users\andre\AppData\Local\Temp\VMBuilds\SystemaPC2Firmware\arduino_due_x\Release/core.a(UARTClass.cpp.o)
                0x00081990                UARTClass::available()
 .text._ZN9UARTClass4peekEv
                0x000819a2       0x1c C:\Users\andre\AppData\Local\Temp\VMBuilds\SystemaPC2Firmware\arduino_due_x\Release/core.a(UARTClass.cpp.o)
                0x000819a2                UARTClass::peek()
 .text._ZN9UARTClass4readEv
                0x000819be       0x2a C:\Users\andre\AppData\Local\Temp\VMBuilds\SystemaPC2Firmware\arduino_due_x\Release/core.a(UARTClass.cpp.o)
                0x000819be                UARTClass::read()
 .text._ZN9UARTClass5flushEv
                0x000819e8       0x18 C:\Users\andre\AppData\Local\Temp\VMBuilds\SystemaPC2Firmware\arduino_due_x\Release/core.a(UARTClass.cpp.o)
                0x000819e8                UARTClass::flush()
 .text._ZN9UARTClass5writeEh
                0x00081a00       0x54 C:\Users\andre\AppData\Local\Temp\VMBuilds\SystemaPC2Firmware\arduino_due_x\Release/core.a(UARTClass.cpp.o)
                0x00081a00                UARTClass::write(unsigned char)
 .text._ZN9UARTClass3endEv
                0x00081a54       0x3c C:\Users\andre\AppData\Local\Temp\VMBuilds\SystemaPC2Firmware\arduino_due_x\Release/core.a(UARTClass.cpp.o)
                0x00081a54                UARTClass::end()
 .text._ZN9UARTClassC2EP4Uart4IRQnmP10RingBufferS4_
                0x00081a90       0x24 C:\Users\andre\AppData\Local\Temp\VMBuilds\SystemaPC2Firmware\arduino_due_x\Release/core.a(UARTClass.cpp.o)
                0x00081a90                UARTClass::UARTClass(Uart*, IRQn, unsigned long, RingBuffer*, RingBuffer*)
                0x00081a90                UARTClass::UARTClass(Uart*, IRQn, unsigned long, RingBuffer*, RingBuffer*)
 .text._ZN9UARTClass4initEmm
                0x00081ab4       0x70 C:\Users\andre\AppData\Local\Temp\VMBuilds\SystemaPC2Firmware\arduino_due_x\Release/core.a(UARTClass.cpp.o)
                0x00081ab4                UARTClass::init(unsigned long, unsigned long)
 .text._ZN9UARTClass5beginEm
                0x00081b24        0x8 C:\Users\andre\AppData\Local\Temp\VMBuilds\SystemaPC2Firmware\arduino_due_x\Release/core.a(UARTClass.cpp.o)
                0x00081b24                UARTClass::begin(unsigned long)
 .text._ZN9UARTClass10IrqHandlerEv
                0x00081b2c       0x5a C:\Users\andre\AppData\Local\Temp\VMBuilds\SystemaPC2Firmware\arduino_due_x\Release/core.a(UARTClass.cpp.o)
                0x00081b2c                UARTClass::IrqHandler()
 .text._ZN10USARTClass5beginEm
                0x00081b86        0x8 C:\Users\andre\AppData\Local\Temp\VMBuilds\SystemaPC2Firmware\arduino_due_x\Release/core.a(USARTClass.cpp.o)
                0x00081b86                USARTClass::begin(unsigned long)
 *fill*         0x00081b8e        0x2 
 .text._ZN10USARTClassC2EP5Usart4IRQnmP10RingBufferS4_
                0x00081b90       0x24 C:\Users\andre\AppData\Local\Temp\VMBuilds\SystemaPC2Firmware\arduino_due_x\Release/core.a(USARTClass.cpp.o)
                0x00081b90                USARTClass::USARTClass(Usart*, IRQn, unsigned long, RingBuffer*, RingBuffer*)
                0x00081b90                USARTClass::USARTClass(Usart*, IRQn, unsigned long, RingBuffer*, RingBuffer*)
 .text._watchdogDefaultSetup
                0x00081bb4        0xc C:\Users\andre\AppData\Local\Temp\VMBuilds\SystemaPC2Firmware\arduino_due_x\Release/core.a(watchdog.cpp.o)
                0x00081bb4                _watchdogDefaultSetup
                0x00081bb4                watchdogSetup()
 .text._ZN7Serial_9availableEv
                0x00081bc0       0x18 C:\Users\andre\AppData\Local\Temp\VMBuilds\SystemaPC2Firmware\arduino_due_x\Release/core.a(CDC.cpp.o)
                0x00081bc0                Serial_::available()
 .text._ZN7Serial_17availableForWriteEv
                0x00081bd8        0x6 C:\Users\andre\AppData\Local\Temp\VMBuilds\SystemaPC2Firmware\arduino_due_x\Release/core.a(CDC.cpp.o)
                0x00081bd8                Serial_::availableForWrite()
 *fill*         0x00081bde        0x2 
 .text._ZN7Serial_4peekEv
                0x00081be0       0x20 C:\Users\andre\AppData\Local\Temp\VMBuilds\SystemaPC2Firmware\arduino_due_x\Release/core.a(CDC.cpp.o)
                0x00081be0                Serial_::peek()
 .text._ZN7Serial_5writeEh
                0x00081c00       0x16 C:\Users\andre\AppData\Local\Temp\VMBuilds\SystemaPC2Firmware\arduino_due_x\Release/core.a(CDC.cpp.o)
                0x00081c00                Serial_::write(unsigned char)
 *fill*         0x00081c16        0x2 
 .text._ZN7Serial_4readEv
                0x00081c18       0x44 C:\Users\andre\AppData\Local\Temp\VMBuilds\SystemaPC2Firmware\arduino_due_x\Release/core.a(CDC.cpp.o)
                0x00081c18                Serial_::read()
 .text._ZN7Serial_5flushEv
                0x00081c5c        0x6 C:\Users\andre\AppData\Local\Temp\VMBuilds\SystemaPC2Firmware\arduino_due_x\Release/core.a(CDC.cpp.o)
                0x00081c5c                Serial_::flush()
 *fill*         0x00081c62        0x2 
 .text._ZN7Serial_6acceptEv
                0x00081c64       0x70 C:\Users\andre\AppData\Local\Temp\VMBuilds\SystemaPC2Firmware\arduino_due_x\Release/core.a(CDC.cpp.o)
                0x00081c64                Serial_::accept()
 .text._ZN7Serial_5writeEPKhj
                0x00081cd4       0x2c C:\Users\andre\AppData\Local\Temp\VMBuilds\SystemaPC2Firmware\arduino_due_x\Release/core.a(CDC.cpp.o)
                0x00081cd4                Serial_::write(unsigned char const*, unsigned int)
 .text._Z16CDC_GetInterfacePh
                0x00081d00       0x14 C:\Users\andre\AppData\Local\Temp\VMBuilds\SystemaPC2Firmware\arduino_due_x\Release/core.a(CDC.cpp.o)
                0x00081d00                CDC_GetInterface(unsigned char*)
 .text._Z21CDC_GetOtherInterfacePh
                0x00081d14       0x14 C:\Users\andre\AppData\Local\Temp\VMBuilds\SystemaPC2Firmware\arduino_due_x\Release/core.a(CDC.cpp.o)
                0x00081d14                CDC_GetOtherInterface(unsigned char*)
 .text._Z9CDC_SetupR8USBSetup
                0x00081d28       0x78 C:\Users\andre\AppData\Local\Temp\VMBuilds\SystemaPC2Firmware\arduino_due_x\Release/core.a(CDC.cpp.o)
                0x00081d28                CDC_Setup(USBSetup&)
 .text._ZN7Serial_5beginEm
                0x00081da0        0x2 C:\Users\andre\AppData\Local\Temp\VMBuilds\SystemaPC2Firmware\arduino_due_x\Release/core.a(CDC.cpp.o)
                0x00081da0                Serial_::begin(unsigned long)
 *fill*         0x00081da2        0x2 
 .text._ZN7Serial_cvbEv
                0x00081da4       0x28 C:\Users\andre\AppData\Local\Temp\VMBuilds\SystemaPC2Firmware\arduino_due_x\Release/core.a(CDC.cpp.o)
                0x00081da4                Serial_::operator bool()
 .text.startup._GLOBAL__sub_I_cdc_rx_buffer
                0x00081dcc       0x1c C:\Users\andre\AppData\Local\Temp\VMBuilds\SystemaPC2Firmware\arduino_due_x\Release/core.a(CDC.cpp.o)
 .text.unlikely._ZL11USB_SendZlpv
                0x00081de8       0x20 C:\Users\andre\AppData\Local\Temp\VMBuilds\SystemaPC2Firmware\arduino_due_x\Release/core.a(USBCore.cpp.o)
 .text._Z14USBD_Availablem
                0x00081e08       0x2c C:\Users\andre\AppData\Local\Temp\VMBuilds\SystemaPC2Firmware\arduino_due_x\Release/core.a(USBCore.cpp.o)
                0x00081e08                USBD_Available(unsigned long)
 .text._Z9USBD_RecvmPvm
                0x00081e34       0x7c C:\Users\andre\AppData\Local\Temp\VMBuilds\SystemaPC2Firmware\arduino_due_x\Release/core.a(USBCore.cpp.o)
                0x00081e34                USBD_Recv(unsigned long, void*, unsigned long)
 .text._Z9USBD_Recvm
                0x00081eb0       0x22 C:\Users\andre\AppData\Local\Temp\VMBuilds\SystemaPC2Firmware\arduino_due_x\Release/core.a(USBCore.cpp.o)
                0x00081eb0                USBD_Recv(unsigned long)
 *fill*         0x00081ed2        0x2 
 .text._Z9USBD_SendmPKvm
                0x00081ed4       0x4c C:\Users\andre\AppData\Local\Temp\VMBuilds\SystemaPC2Firmware\arduino_due_x\Release/core.a(USBCore.cpp.o)
                0x00081ed4                USBD_Send(unsigned long, void const*, unsigned long)
 .text._Z16USBD_SendControlhPKvm
                0x00081f20       0x40 C:\Users\andre\AppData\Local\Temp\VMBuilds\SystemaPC2Firmware\arduino_due_x\Release/core.a(USBCore.cpp.o)
                0x00081f20                USBD_SendControl(unsigned char, void const*, unsigned long)
 .text.unlikely._ZL24USB_SendStringDescriptorPKhi
                0x00081f60       0x64 C:\Users\andre\AppData\Local\Temp\VMBuilds\SystemaPC2Firmware\arduino_due_x\Release/core.a(USBCore.cpp.o)
 .text._Z16USBD_RecvControlPvm
                0x00081fc4       0x1c C:\Users\andre\AppData\Local\Temp\VMBuilds\SystemaPC2Firmware\arduino_due_x\Release/core.a(USBCore.cpp.o)
                0x00081fc4                USBD_RecvControl(void*, unsigned long)
 .text._Z26USBD_ClassInterfaceRequestR8USBSetup
                0x00081fe0       0x1e C:\Users\andre\AppData\Local\Temp\VMBuilds\SystemaPC2Firmware\arduino_due_x\Release/core.a(USBCore.cpp.o)
                0x00081fe0                USBD_ClassInterfaceRequest(USBSetup&)
 .text._Z19USBD_SendInterfacesv
                0x00081ffe       0x22 C:\Users\andre\AppData\Local\Temp\VMBuilds\SystemaPC2Firmware\arduino_due_x\Release/core.a(USBCore.cpp.o)
                0x00081ffe                USBD_SendInterfaces()
 .text._Z24USBD_SendOtherInterfacesv
                0x00082020       0x22 C:\Users\andre\AppData\Local\Temp\VMBuilds\SystemaPC2Firmware\arduino_due_x\Release/core.a(USBCore.cpp.o)
                0x00082020                USBD_SendOtherInterfaces()
 .text._Z10USBD_Flushm
                0x00082042       0x16 C:\Users\andre\AppData\Local\Temp\VMBuilds\SystemaPC2Firmware\arduino_due_x\Release/core.a(USBCore.cpp.o)
                0x00082042                USBD_Flush(unsigned long)
 .text._ZN10USBDevice_C2Ev
                0x00082058       0x24 C:\Users\andre\AppData\Local\Temp\VMBuilds\SystemaPC2Firmware\arduino_due_x\Release/core.a(USBCore.cpp.o)
                0x00082058                USBDevice_::USBDevice_()
                0x00082058                USBDevice_::USBDevice_()
 .text._ZN10USBDevice_6attachEv
                0x0008207c       0x20 C:\Users\andre\AppData\Local\Temp\VMBuilds\SystemaPC2Firmware\arduino_due_x\Release/core.a(USBCore.cpp.o)
                0x0008207c                USBDevice_::attach()
 .text.startup._GLOBAL__sub_I_EndPoints
                0x0008209c        0xc C:\Users\andre\AppData\Local\Temp\VMBuilds\SystemaPC2Firmware\arduino_due_x\Release/core.a(USBCore.cpp.o)
 .text._ZL7USB_ISRv
                0x000820a8      0x454 C:\Users\andre\AppData\Local\Temp\VMBuilds\SystemaPC2Firmware\arduino_due_x\Release/core.a(USBCore.cpp.o)
 .text._ZN13PluggableUSB_12getInterfaceEPh
                0x000824fc       0x28 C:\Users\andre\AppData\Local\Temp\VMBuilds\SystemaPC2Firmware\arduino_due_x\Release/core.a(PluggableUSB.cpp.o)
                0x000824fc                PluggableUSB_::getInterface(unsigned char*)
 .text._ZN13PluggableUSB_13getDescriptorER8USBSetup
                0x00082524       0x1c C:\Users\andre\AppData\Local\Temp\VMBuilds\SystemaPC2Firmware\arduino_due_x\Release/core.a(PluggableUSB.cpp.o)
                0x00082524                PluggableUSB_::getDescriptor(USBSetup&)
 .text._ZN13PluggableUSB_12getShortNameEPc
                0x00082540       0x1c C:\Users\andre\AppData\Local\Temp\VMBuilds\SystemaPC2Firmware\arduino_due_x\Release/core.a(PluggableUSB.cpp.o)
                0x00082540                PluggableUSB_::getShortName(char*)
 .text._ZN13PluggableUSB_5setupER8USBSetup
                0x0008255c       0x20 C:\Users\andre\AppData\Local\Temp\VMBuilds\SystemaPC2Firmware\arduino_due_x\Release/core.a(PluggableUSB.cpp.o)
                0x0008255c                PluggableUSB_::setup(USBSetup&)
 .text._Z12PluggableUSBv
                0x0008257c       0x28 C:\Users\andre\AppData\Local\Temp\VMBuilds\SystemaPC2Firmware\arduino_due_x\Release/core.a(PluggableUSB.cpp.o)
                0x0008257c                PluggableUSB()
 .text.TimeTick_Increment
                0x000825a4       0x10 C:\Users\andre\AppData\Local\arduino15\packages\arduino\hardware\sam\1.6.11\variants\arduino_due_x/libsam_sam3x8e_gcc_rel.a(timetick.o)
                0x000825a4                TimeTick_Increment
 .text.GetTickCount
                0x000825b4        0xc C:\Users\andre\AppData\Local\arduino15\packages\arduino\hardware\sam\1.6.11\variants\arduino_due_x/libsam_sam3x8e_gcc_rel.a(timetick.o)
                0x000825b4                GetTickCount
 .text.WDT_Disable
                0x000825c0        0x8 C:\Users\andre\AppData\Local\arduino15\packages\arduino\hardware\sam\1.6.11\variants\arduino_due_x/libsam_sam3x8e_gcc_rel.a(wdt.o)
                0x000825c0                WDT_Disable
 .text.UDD_SetStack
                0x000825c8        0xc C:\Users\andre\AppData\Local\arduino15\packages\arduino\hardware\sam\1.6.11\variants\arduino_due_x/libsam_sam3x8e_gcc_rel.a(uotghs_device.o)
                0x000825c8                UDD_SetStack
 .text.UDD_Init
                0x000825d4       0xd0 C:\Users\andre\AppData\Local\arduino15\packages\arduino\hardware\sam\1.6.11\variants\arduino_due_x/libsam_sam3x8e_gcc_rel.a(uotghs_device.o)
                0x000825d4                UDD_Init
 .text.UDD_Attach
                0x000826a4       0x50 C:\Users\andre\AppData\Local\arduino15\packages\arduino\hardware\sam\1.6.11\variants\arduino_due_x/libsam_sam3x8e_gcc_rel.a(uotghs_device.o)
                0x000826a4                UDD_Attach
 .text.UDD_InitEP
                0x000826f4       0x2c C:\Users\andre\AppData\Local\arduino15\packages\arduino\hardware\sam\1.6.11\variants\arduino_due_x/libsam_sam3x8e_gcc_rel.a(uotghs_device.o)
                0x000826f4                UDD_InitEP
 .text.UDD_InitEndpoints
                0x00082720       0x3c C:\Users\andre\AppData\Local\arduino15\packages\arduino\hardware\sam\1.6.11\variants\arduino_due_x/libsam_sam3x8e_gcc_rel.a(uotghs_device.o)
                0x00082720                UDD_InitEndpoints
 .text.UDD_WaitIN
                0x0008275c       0x10 C:\Users\andre\AppData\Local\arduino15\packages\arduino\hardware\sam\1.6.11\variants\arduino_due_x/libsam_sam3x8e_gcc_rel.a(uotghs_device.o)
                0x0008275c                UDD_WaitIN
 .text.UDD_WaitOUT
                0x0008276c       0x10 C:\Users\andre\AppData\Local\arduino15\packages\arduino\hardware\sam\1.6.11\variants\arduino_due_x/libsam_sam3x8e_gcc_rel.a(uotghs_device.o)
                0x0008276c                UDD_WaitOUT
 .text.UDD_ClearIN
                0x0008277c       0x18 C:\Users\andre\AppData\Local\arduino15\packages\arduino\hardware\sam\1.6.11\variants\arduino_due_x/libsam_sam3x8e_gcc_rel.a(uotghs_device.o)
                0x0008277c                UDD_ClearIN
 .text.UDD_ClearOUT
                0x00082794       0x18 C:\Users\andre\AppData\Local\arduino15\packages\arduino\hardware\sam\1.6.11\variants\arduino_due_x/libsam_sam3x8e_gcc_rel.a(uotghs_device.o)
                0x00082794                UDD_ClearOUT
 .text.UDD_ReceivedSetupInt
                0x000827ac       0x10 C:\Users\andre\AppData\Local\arduino15\packages\arduino\hardware\sam\1.6.11\variants\arduino_due_x/libsam_sam3x8e_gcc_rel.a(uotghs_device.o)
                0x000827ac                UDD_ReceivedSetupInt
 .text.UDD_ClearSetupInt
                0x000827bc       0x10 C:\Users\andre\AppData\Local\arduino15\packages\arduino\hardware\sam\1.6.11\variants\arduino_due_x/libsam_sam3x8e_gcc_rel.a(uotghs_device.o)
                0x000827bc                UDD_ClearSetupInt
 .text.UDD_Send
                0x000827cc       0x88 C:\Users\andre\AppData\Local\arduino15\packages\arduino\hardware\sam\1.6.11\variants\arduino_due_x/libsam_sam3x8e_gcc_rel.a(uotghs_device.o)
                0x000827cc                UDD_Send
 .text.UDD_Send8
                0x00082854       0x24 C:\Users\andre\AppData\Local\arduino15\packages\arduino\hardware\sam\1.6.11\variants\arduino_due_x/libsam_sam3x8e_gcc_rel.a(uotghs_device.o)
                0x00082854                UDD_Send8
 .text.UDD_Recv8
                0x00082878       0x28 C:\Users\andre\AppData\Local\arduino15\packages\arduino\hardware\sam\1.6.11\variants\arduino_due_x/libsam_sam3x8e_gcc_rel.a(uotghs_device.o)
                0x00082878                UDD_Recv8
 .text.UDD_Recv
                0x000828a0       0x34 C:\Users\andre\AppData\Local\arduino15\packages\arduino\hardware\sam\1.6.11\variants\arduino_due_x/libsam_sam3x8e_gcc_rel.a(uotghs_device.o)
                0x000828a0                UDD_Recv
 .text.UDD_Stall
                0x000828d4       0x14 C:\Users\andre\AppData\Local\arduino15\packages\arduino\hardware\sam\1.6.11\variants\arduino_due_x/libsam_sam3x8e_gcc_rel.a(uotghs_device.o)
                0x000828d4                UDD_Stall
 .text.UDD_FifoByteCount
                0x000828e8       0x14 C:\Users\andre\AppData\Local\arduino15\packages\arduino\hardware\sam\1.6.11\variants\arduino_due_x/libsam_sam3x8e_gcc_rel.a(uotghs_device.o)
                0x000828e8                UDD_FifoByteCount
 .text.UDD_ReleaseRX
                0x000828fc       0x28 C:\Users\andre\AppData\Local\arduino15\packages\arduino\hardware\sam\1.6.11\variants\arduino_due_x/libsam_sam3x8e_gcc_rel.a(uotghs_device.o)
                0x000828fc                UDD_ReleaseRX
 .text.UDD_ReleaseTX
                0x00082924       0x28 C:\Users\andre\AppData\Local\arduino15\packages\arduino\hardware\sam\1.6.11\variants\arduino_due_x/libsam_sam3x8e_gcc_rel.a(uotghs_device.o)
                0x00082924                UDD_ReleaseTX
 .text.UDD_SetAddress
                0x0008294c       0x20 C:\Users\andre\AppData\Local\arduino15\packages\arduino\hardware\sam\1.6.11\variants\arduino_due_x/libsam_sam3x8e_gcc_rel.a(uotghs_device.o)
                0x0008294c                UDD_SetAddress
 .text.__fpclassifyd
                0x0008296c       0x50 c:/users/andre/appdata/local/arduino15/packages/arduino/tools/arm-none-eabi-gcc/4.8.3-2014q1/bin/../lib/gcc/arm-none-eabi/4.8.3/../../../../arm-none-eabi/lib/armv7-m\libm.a(lib_a-s_fpclassify.o)
                0x0008296c                __fpclassifyd
 .text.acos     0x000829bc       0xa8 c:/users/andre/appdata/local/arduino15/packages/arduino/tools/arm-none-eabi-gcc/4.8.3-2014q1/bin/../lib/gcc/arm-none-eabi/4.8.3/../../../../arm-none-eabi/lib/armv7-m\libm.a(lib_a-w_acos.o)
                0x000829bc                acos
 *fill*         0x00082a64        0x4 
 .text.__ieee754_acos
                0x00082a68      0x4b8 c:/users/andre/appdata/local/arduino15/packages/arduino/tools/arm-none-eabi-gcc/4.8.3-2014q1/bin/../lib/gcc/arm-none-eabi/4.8.3/../../../../arm-none-eabi/lib/armv7-m\libm.a(lib_a-e_acos.o)
                0x00082a68                __ieee754_acos
 .text.__ieee754_sqrt
                0x00082f20      0x180 c:/users/andre/appdata/local/arduino15/packages/arduino/tools/arm-none-eabi-gcc/4.8.3-2014q1/bin/../lib/gcc/arm-none-eabi/4.8.3/../../../../arm-none-eabi/lib/armv7-m\libm.a(lib_a-e_sqrt.o)
                0x00082f20                __ieee754_sqrt
 .text.fabs     0x000830a0        0x8 c:/users/andre/appdata/local/arduino15/packages/arduino/tools/arm-none-eabi-gcc/4.8.3-2014q1/bin/../lib/gcc/arm-none-eabi/4.8.3/../../../../arm-none-eabi/lib/armv7-m\libm.a(lib_a-s_fabs.o)
                0x000830a0                fabs
 .text.matherr  0x000830a8        0x4 c:/users/andre/appdata/local/arduino15/packages/arduino/tools/arm-none-eabi-gcc/4.8.3-2014q1/bin/../lib/gcc/arm-none-eabi/4.8.3/../../../../arm-none-eabi/lib/armv7-m\libm.a(lib_a-s_matherr.o)
                0x000830a8                matherr
 .text.nan      0x000830ac        0xc c:/users/andre/appdata/local/arduino15/packages/arduino/tools/arm-none-eabi-gcc/4.8.3-2014q1/bin/../lib/gcc/arm-none-eabi/4.8.3/../../../../arm-none-eabi/lib/armv7-m\libm.a(lib_a-s_nan.o)
                0x000830ac                nan
 .text          0x000830b8      0x370 c:/users/andre/appdata/local/arduino15/packages/arduino/tools/arm-none-eabi-gcc/4.8.3-2014q1/bin/../lib/gcc/arm-none-eabi/4.8.3/armv7-m\libgcc.a(_arm_addsubdf3.o)
                0x000830b8                __aeabi_drsub
                0x000830c0                __aeabi_dsub
                0x000830c0                __subdf3
                0x000830c4                __aeabi_dadd
                0x000830c4                __adddf3
                0x0008333c                __floatunsidf
                0x0008333c                __aeabi_ui2d
                0x0008335c                __floatsidf
                0x0008335c                __aeabi_i2d
                0x00083380                __aeabi_f2d
                0x00083380                __extendsfdf2
                0x000833bc                __floatundidf
                0x000833bc                __aeabi_ul2d
                0x000833cc                __floatdidf
                0x000833cc                __aeabi_l2d
 .text          0x00083428      0x424 c:/users/andre/appdata/local/arduino15/packages/arduino/tools/arm-none-eabi-gcc/4.8.3-2014q1/bin/../lib/gcc/arm-none-eabi/4.8.3/armv7-m\libgcc.a(_arm_muldivdf3.o)
                0x00083428                __aeabi_dmul
                0x00083428                __muldf3
                0x0008367c                __divdf3
                0x0008367c                __aeabi_ddiv
 .text          0x0008384c      0x110 c:/users/andre/appdata/local/arduino15/packages/arduino/tools/arm-none-eabi-gcc/4.8.3-2014q1/bin/../lib/gcc/arm-none-eabi/4.8.3/armv7-m\libgcc.a(_arm_cmpdf2.o)
                0x0008384c                __gtdf2
                0x0008384c                __gedf2
                0x00083854                __ltdf2
                0x00083854                __ledf2
                0x0008385c                __nedf2
                0x0008385c                __eqdf2
                0x0008385c                __cmpdf2
                0x000838d8                __aeabi_cdrcmple
                0x000838e8                __aeabi_cdcmpeq
                0x000838e8                __aeabi_cdcmple
                0x000838f8                __aeabi_dcmpeq
                0x0008390c                __aeabi_dcmplt
                0x00083920                __aeabi_dcmple
                0x00083934                __aeabi_dcmpge
                0x00083948                __aeabi_dcmpgt
 .text          0x0008395c       0x40 c:/users/andre/appdata/local/arduino15/packages/arduino/tools/arm-none-eabi-gcc/4.8.3-2014q1/bin/../lib/gcc/arm-none-eabi/4.8.3/armv7-m\libgcc.a(_arm_fixunsdfsi.o)
                0x0008395c                __aeabi_d2uiz
                0x0008395c                __fixunsdfsi
 .text          0x0008399c      0x21c c:/users/andre/appdata/local/arduino15/packages/arduino/tools/arm-none-eabi-gcc/4.8.3-2014q1/bin/../lib/gcc/arm-none-eabi/4.8.3/armv7-m\libgcc.a(_arm_addsubsf3.o)
                0x0008399c                __aeabi_frsub
                0x000839a4                __subsf3
                0x000839a4                __aeabi_fsub
                0x000839a8                __aeabi_fadd
                0x000839a8                __addsf3
                0x00083b08                __aeabi_ui2f
                0x00083b08                __floatunsisf
                0x00083b10                __aeabi_i2f
                0x00083b10                __floatsisf
                0x00083b2c                __aeabi_ul2f
                0x00083b2c                __floatundisf
                0x00083b3c                __aeabi_l2f
                0x00083b3c                __floatdisf
 .text          0x00083bb8      0x2a0 c:/users/andre/appdata/local/arduino15/packages/arduino/tools/arm-none-eabi-gcc/4.8.3-2014q1/bin/../lib/gcc/arm-none-eabi/4.8.3/armv7-m\libgcc.a(_arm_muldivsf3.o)
                0x00083bb8                __mulsf3
                0x00083bb8                __aeabi_fmul
                0x00083d20                __aeabi_fdiv
                0x00083d20                __divsf3
 .text          0x00083e58       0x4c c:/users/andre/appdata/local/arduino15/packages/arduino/tools/arm-none-eabi-gcc/4.8.3-2014q1/bin/../lib/gcc/arm-none-eabi/4.8.3/armv7-m\libgcc.a(_arm_fixsfsi.o)
                0x00083e58                __aeabi_f2iz
                0x00083e58                __fixsfsi
 .text.__errno  0x00083ea4        0xc c:/users/andre/appdata/local/arduino15/packages/arduino/tools/arm-none-eabi-gcc/4.8.3-2014q1/bin/../lib/gcc/arm-none-eabi/4.8.3/../../../../arm-none-eabi/lib/armv7-m\libg.a(lib_a-errno.o)
                0x00083ea4                __errno
 .text.__libc_init_array
                0x00083eb0       0x50 c:/users/andre/appdata/local/arduino15/packages/arduino/tools/arm-none-eabi-gcc/4.8.3-2014q1/bin/../lib/gcc/arm-none-eabi/4.8.3/../../../../arm-none-eabi/lib/armv7-m\libg.a(lib_a-init.o)
                0x00083eb0                __libc_init_array
 .text.iprintf  0x00083f00       0x28 c:/users/andre/appdata/local/arduino15/packages/arduino/tools/arm-none-eabi-gcc/4.8.3-2014q1/bin/../lib/gcc/arm-none-eabi/4.8.3/../../../../arm-none-eabi/lib/armv7-m\libg.a(lib_a-iprintf.o)
                0x00083f00                iprintf
 .text.memset   0x00083f28       0x94 c:/users/andre/appdata/local/arduino15/packages/arduino/tools/arm-none-eabi-gcc/4.8.3-2014q1/bin/../lib/gcc/arm-none-eabi/4.8.3/../../../../arm-none-eabi/lib/armv7-m\libg.a(lib_a-memset.o)
                0x00083f28                memset
 .text.strlen   0x00083fbc       0x60 c:/users/andre/appdata/local/arduino15/packages/arduino/tools/arm-none-eabi-gcc/4.8.3-2014q1/bin/../lib/gcc/arm-none-eabi/4.8.3/../../../../arm-none-eabi/lib/armv7-m\libg.a(lib_a-strlen.o)
                0x00083fbc                strlen
 .text.kill     0x0008401c       0x10 c:/users/andre/appdata/local/arduino15/packages/arduino/tools/arm-none-eabi-gcc/4.8.3-2014q1/bin/../lib/gcc/arm-none-eabi/4.8.3/../../../../arm-none-eabi/lib/armv7-m\libg.a(lib_a-syskill.o)
                0x0008401c                kill
 .text.__sprint_r.part.0
                0x0008402c       0x78 c:/users/andre/appdata/local/arduino15/packages/arduino/tools/arm-none-eabi-gcc/4.8.3-2014q1/bin/../lib/gcc/arm-none-eabi/4.8.3/../../../../arm-none-eabi/lib/armv7-m\libg.a(lib_a-vfiprintf.o)
 .text._vfiprintf_r
                0x000840a4      0xc54 c:/users/andre/appdata/local/arduino15/packages/arduino/tools/arm-none-eabi-gcc/4.8.3-2014q1/bin/../lib/gcc/arm-none-eabi/4.8.3/../../../../arm-none-eabi/lib/armv7-m\libg.a(lib_a-vfiprintf.o)
                0x000840a4                _vfiprintf_r
 .text.__sbprintf
                0x00084cf8       0x7c c:/users/andre/appdata/local/arduino15/packages/arduino/tools/arm-none-eabi-gcc/4.8.3-2014q1/bin/../lib/gcc/arm-none-eabi/4.8.3/../../../../arm-none-eabi/lib/armv7-m\libg.a(lib_a-vfiprintf.o)
 .text.__swsetup_r
                0x00084d74       0xc4 c:/users/andre/appdata/local/arduino15/packages/arduino/tools/arm-none-eabi-gcc/4.8.3-2014q1/bin/../lib/gcc/arm-none-eabi/4.8.3/../../../../arm-none-eabi/lib/armv7-m\libg.a(lib_a-wsetup.o)
                0x00084d74                __swsetup_r
 .text.startup.register_fini
                0x00084e38       0x14 c:/users/andre/appdata/local/arduino15/packages/arduino/tools/arm-none-eabi-gcc/4.8.3-2014q1/bin/../lib/gcc/arm-none-eabi/4.8.3/../../../../arm-none-eabi/lib/armv7-m\libg.a(lib_a-__call_atexit.o)
 .text.atexit   0x00084e4c        0xc c:/users/andre/appdata/local/arduino15/packages/arduino/tools/arm-none-eabi-gcc/4.8.3-2014q1/bin/../lib/gcc/arm-none-eabi/4.8.3/../../../../arm-none-eabi/lib/armv7-m\libg.a(lib_a-atexit.o)
                0x00084e4c                atexit
 .text.__sflush_r
                0x00084e58      0x148 c:/users/andre/appdata/local/arduino15/packages/arduino/tools/arm-none-eabi-gcc/4.8.3-2014q1/bin/../lib/gcc/arm-none-eabi/4.8.3/../../../../arm-none-eabi/lib/armv7-m\libg.a(lib_a-fflush.o)
                0x00084e58                __sflush_r
 .text._fflush_r
                0x00084fa0       0x2c c:/users/andre/appdata/local/arduino15/packages/arduino/tools/arm-none-eabi-gcc/4.8.3-2014q1/bin/../lib/gcc/arm-none-eabi/4.8.3/../../../../arm-none-eabi/lib/armv7-m\libg.a(lib_a-fflush.o)
                0x00084fa0                _fflush_r
 .text._cleanup_r
                0x00084fcc        0xc c:/users/andre/appdata/local/arduino15/packages/arduino/tools/arm-none-eabi-gcc/4.8.3-2014q1/bin/../lib/gcc/arm-none-eabi/4.8.3/../../../../arm-none-eabi/lib/armv7-m\libg.a(lib_a-findfp.o)
                0x00084fcc                _cleanup_r
 .text.__sinit  0x00084fd8       0xf4 c:/users/andre/appdata/local/arduino15/packages/arduino/tools/arm-none-eabi-gcc/4.8.3-2014q1/bin/../lib/gcc/arm-none-eabi/4.8.3/../../../../arm-none-eabi/lib/armv7-m\libg.a(lib_a-findfp.o)
                0x00084fd8                __sinit
 .text.__sfp_lock_acquire
                0x000850cc        0x4 c:/users/andre/appdata/local/arduino15/packages/arduino/tools/arm-none-eabi-gcc/4.8.3-2014q1/bin/../lib/gcc/arm-none-eabi/4.8.3/../../../../arm-none-eabi/lib/armv7-m\libg.a(lib_a-findfp.o)
                0x000850cc                __sfp_lock_acquire
 .text.__sfp_lock_release
                0x000850d0        0x4 c:/users/andre/appdata/local/arduino15/packages/arduino/tools/arm-none-eabi-gcc/4.8.3-2014q1/bin/../lib/gcc/arm-none-eabi/4.8.3/../../../../arm-none-eabi/lib/armv7-m\libg.a(lib_a-findfp.o)
                0x000850d0                __sfp_lock_release
 .text.__libc_fini_array
                0x000850d4       0x30 c:/users/andre/appdata/local/arduino15/packages/arduino/tools/arm-none-eabi-gcc/4.8.3-2014q1/bin/../lib/gcc/arm-none-eabi/4.8.3/../../../../arm-none-eabi/lib/armv7-m\libg.a(lib_a-fini.o)
                0x000850d4                __libc_fini_array
 .text._fputwc_r
                0x00085104       0xc0 c:/users/andre/appdata/local/arduino15/packages/arduino/tools/arm-none-eabi-gcc/4.8.3-2014q1/bin/../lib/gcc/arm-none-eabi/4.8.3/../../../../arm-none-eabi/lib/armv7-m\libg.a(lib_a-fputwc.o)
                0x00085104                _fputwc_r
 .text._malloc_trim_r
                0x000851c4       0x9c c:/users/andre/appdata/local/arduino15/packages/arduino/tools/arm-none-eabi-gcc/4.8.3-2014q1/bin/../lib/gcc/arm-none-eabi/4.8.3/../../../../arm-none-eabi/lib/armv7-m\libg.a(lib_a-freer.o)
                0x000851c4                _malloc_trim_r
 .text._free_r  0x00085260      0x198 c:/users/andre/appdata/local/arduino15/packages/arduino/tools/arm-none-eabi-gcc/4.8.3-2014q1/bin/../lib/gcc/arm-none-eabi/4.8.3/../../../../arm-none-eabi/lib/armv7-m\libg.a(lib_a-freer.o)
                0x00085260                _free_r
 .text.__sfvwrite_r
                0x000853f8      0x314 c:/users/andre/appdata/local/arduino15/packages/arduino/tools/arm-none-eabi-gcc/4.8.3-2014q1/bin/../lib/gcc/arm-none-eabi/4.8.3/../../../../arm-none-eabi/lib/armv7-m\libg.a(lib_a-fvwrite.o)
                0x000853f8                __sfvwrite_r
 .text._fwalk   0x0008570c       0x48 c:/users/andre/appdata/local/arduino15/packages/arduino/tools/arm-none-eabi-gcc/4.8.3-2014q1/bin/../lib/gcc/arm-none-eabi/4.8.3/../../../../arm-none-eabi/lib/armv7-m\libg.a(lib_a-fwalk.o)
                0x0008570c                _fwalk
 .text.__locale_charset
                0x00085754        0x8 c:/users/andre/appdata/local/arduino15/packages/arduino/tools/arm-none-eabi-gcc/4.8.3-2014q1/bin/../lib/gcc/arm-none-eabi/4.8.3/../../../../arm-none-eabi/lib/armv7-m\libg.a(lib_a-locale.o)
                0x00085754                __locale_charset
 .text.__locale_mb_cur_max
                0x0008575c        0xc c:/users/andre/appdata/local/arduino15/packages/arduino/tools/arm-none-eabi-gcc/4.8.3-2014q1/bin/../lib/gcc/arm-none-eabi/4.8.3/../../../../arm-none-eabi/lib/armv7-m\libg.a(lib_a-locale.o)
                0x0008575c                __locale_mb_cur_max
 .text.__smakebuf_r
                0x00085768       0xe0 c:/users/andre/appdata/local/arduino15/packages/arduino/tools/arm-none-eabi-gcc/4.8.3-2014q1/bin/../lib/gcc/arm-none-eabi/4.8.3/../../../../arm-none-eabi/lib/armv7-m\libg.a(lib_a-makebuf.o)
                0x00085768                __smakebuf_r
 .text._malloc_r
                0x00085848      0x538 c:/users/andre/appdata/local/arduino15/packages/arduino/tools/arm-none-eabi-gcc/4.8.3-2014q1/bin/../lib/gcc/arm-none-eabi/4.8.3/../../../../arm-none-eabi/lib/armv7-m\libg.a(lib_a-mallocr.o)
                0x00085848                _malloc_r
 .text.memchr   0x00085d80       0x94 c:/users/andre/appdata/local/arduino15/packages/arduino/tools/arm-none-eabi-gcc/4.8.3-2014q1/bin/../lib/gcc/arm-none-eabi/4.8.3/../../../../arm-none-eabi/lib/armv7-m\libg.a(lib_a-memchr-stub.o)
                0x00085d80                memchr
 .text          0x00085e14       0xec c:/users/andre/appdata/local/arduino15/packages/arduino/tools/arm-none-eabi-gcc/4.8.3-2014q1/bin/../lib/gcc/arm-none-eabi/4.8.3/../../../../arm-none-eabi/lib/armv7-m\libg.a(lib_a-memcpy.o)
                0x00085e14                memcpy
 .text.memmove  0x00085f00       0xcc c:/users/andre/appdata/local/arduino15/packages/arduino/tools/arm-none-eabi-gcc/4.8.3-2014q1/bin/../lib/gcc/arm-none-eabi/4.8.3/../../../../arm-none-eabi/lib/armv7-m\libg.a(lib_a-memmove.o)
                0x00085f00                memmove
 .text.__malloc_lock
                0x00085fcc        0x4 c:/users/andre/appdata/local/arduino15/packages/arduino/tools/arm-none-eabi-gcc/4.8.3-2014q1/bin/../lib/gcc/arm-none-eabi/4.8.3/../../../../arm-none-eabi/lib/armv7-m\libg.a(lib_a-mlock.o)
                0x00085fcc                __malloc_lock
 .text.__malloc_unlock
                0x00085fd0        0x4 c:/users/andre/appdata/local/arduino15/packages/arduino/tools/arm-none-eabi-gcc/4.8.3-2014q1/bin/../lib/gcc/arm-none-eabi/4.8.3/../../../../arm-none-eabi/lib/armv7-m\libg.a(lib_a-mlock.o)
                0x00085fd0                __malloc_unlock
 .text._realloc_r
                0x00085fd4      0x3c0 c:/users/andre/appdata/local/arduino15/packages/arduino/tools/arm-none-eabi-gcc/4.8.3-2014q1/bin/../lib/gcc/arm-none-eabi/4.8.3/../../../../arm-none-eabi/lib/armv7-m\libg.a(lib_a-reallocr.o)
                0x00085fd4                _realloc_r
 .text._sbrk_r  0x00086394       0x24 c:/users/andre/appdata/local/arduino15/packages/arduino/tools/arm-none-eabi-gcc/4.8.3-2014q1/bin/../lib/gcc/arm-none-eabi/4.8.3/../../../../arm-none-eabi/lib/armv7-m\libg.a(lib_a-sbrkr.o)
                0x00086394                _sbrk_r
 .text._kill_r  0x000863b8       0x28 c:/users/andre/appdata/local/arduino15/packages/arduino/tools/arm-none-eabi-gcc/4.8.3-2014q1/bin/../lib/gcc/arm-none-eabi/4.8.3/../../../../arm-none-eabi/lib/armv7-m\libg.a(lib_a-signalr.o)
                0x000863b8                _kill_r
 .text.__sread  0x000863e0       0x24 c:/users/andre/appdata/local/arduino15/packages/arduino/tools/arm-none-eabi-gcc/4.8.3-2014q1/bin/../lib/gcc/arm-none-eabi/4.8.3/../../../../arm-none-eabi/lib/armv7-m\libg.a(lib_a-stdio.o)
                0x000863e0                __sread
 .text.__swrite
                0x00086404       0x38 c:/users/andre/appdata/local/arduino15/packages/arduino/tools/arm-none-eabi-gcc/4.8.3-2014q1/bin/../lib/gcc/arm-none-eabi/4.8.3/../../../../arm-none-eabi/lib/armv7-m\libg.a(lib_a-stdio.o)
                0x00086404                __swrite
 .text.__sseek  0x0008643c       0x20 c:/users/andre/appdata/local/arduino15/packages/arduino/tools/arm-none-eabi-gcc/4.8.3-2014q1/bin/../lib/gcc/arm-none-eabi/4.8.3/../../../../arm-none-eabi/lib/armv7-m\libg.a(lib_a-stdio.o)
                0x0008643c                __sseek
 .text.__sclose
                0x0008645c        0x8 c:/users/andre/appdata/local/arduino15/packages/arduino/tools/arm-none-eabi-gcc/4.8.3-2014q1/bin/../lib/gcc/arm-none-eabi/4.8.3/../../../../arm-none-eabi/lib/armv7-m\libg.a(lib_a-stdio.o)
                0x0008645c                __sclose
 .text.__swbuf_r
                0x00086464       0xa8 c:/users/andre/appdata/local/arduino15/packages/arduino/tools/arm-none-eabi-gcc/4.8.3-2014q1/bin/../lib/gcc/arm-none-eabi/4.8.3/../../../../arm-none-eabi/lib/armv7-m\libg.a(lib_a-wbuf.o)
                0x00086464                __swbuf_r
 .text._wcrtomb_r
                0x0008650c       0x50 c:/users/andre/appdata/local/arduino15/packages/arduino/tools/arm-none-eabi-gcc/4.8.3-2014q1/bin/../lib/gcc/arm-none-eabi/4.8.3/../../../../arm-none-eabi/lib/armv7-m\libg.a(lib_a-wcrtomb.o)
                0x0008650c                _wcrtomb_r
 .text.__ascii_wctomb
                0x0008655c       0x1c c:/users/andre/appdata/local/arduino15/packages/arduino/tools/arm-none-eabi-gcc/4.8.3-2014q1/bin/../lib/gcc/arm-none-eabi/4.8.3/../../../../arm-none-eabi/lib/armv7-m\libg.a(lib_a-wctomb_r.o)
                0x0008655c                __ascii_wctomb
 .text._write_r
                0x00086578       0x28 c:/users/andre/appdata/local/arduino15/packages/arduino/tools/arm-none-eabi-gcc/4.8.3-2014q1/bin/../lib/gcc/arm-none-eabi/4.8.3/../../../../arm-none-eabi/lib/armv7-m\libg.a(lib_a-writer.o)
                0x00086578                _write_r
 .text.__register_exitproc
                0x000865a0       0xa8 c:/users/andre/appdata/local/arduino15/packages/arduino/tools/arm-none-eabi-gcc/4.8.3-2014q1/bin/../lib/gcc/arm-none-eabi/4.8.3/../../../../arm-none-eabi/lib/armv7-m\libg.a(lib_a-__atexit.o)
                0x000865a0                __register_exitproc
 .text._close_r
                0x00086648       0x24 c:/users/andre/appdata/local/arduino15/packages/arduino/tools/arm-none-eabi-gcc/4.8.3-2014q1/bin/../lib/gcc/arm-none-eabi/4.8.3/../../../../arm-none-eabi/lib/armv7-m\libg.a(lib_a-closer.o)
                0x00086648                _close_r
 .text._fclose_r
                0x0008666c       0x80 c:/users/andre/appdata/local/arduino15/packages/arduino/tools/arm-none-eabi-gcc/4.8.3-2014q1/bin/../lib/gcc/arm-none-eabi/4.8.3/../../../../arm-none-eabi/lib/armv7-m\libg.a(lib_a-fclose.o)
                0x0008666c                _fclose_r
 .text.fclose   0x000866ec       0x10 c:/users/andre/appdata/local/arduino15/packages/arduino/tools/arm-none-eabi-gcc/4.8.3-2014q1/bin/../lib/gcc/arm-none-eabi/4.8.3/../../../../arm-none-eabi/lib/armv7-m\libg.a(lib_a-fclose.o)
                0x000866ec                fclose
 .text._fstat_r
                0x000866fc       0x28 c:/users/andre/appdata/local/arduino15/packages/arduino/tools/arm-none-eabi-gcc/4.8.3-2014q1/bin/../lib/gcc/arm-none-eabi/4.8.3/../../../../arm-none-eabi/lib/armv7-m\libg.a(lib_a-fstatr.o)
                0x000866fc                _fstat_r
 .text._isatty_r
                0x00086724       0x24 c:/users/andre/appdata/local/arduino15/packages/arduino/tools/arm-none-eabi-gcc/4.8.3-2014q1/bin/../lib/gcc/arm-none-eabi/4.8.3/../../../../arm-none-eabi/lib/armv7-m\libg.a(lib_a-isattyr.o)
                0x00086724                _isatty_r
 .text._lseek_r
                0x00086748       0x28 c:/users/andre/appdata/local/arduino15/packages/arduino/tools/arm-none-eabi-gcc/4.8.3-2014q1/bin/../lib/gcc/arm-none-eabi/4.8.3/../../../../arm-none-eabi/lib/armv7-m\libg.a(lib_a-lseekr.o)
                0x00086748                _lseek_r
 .text._read_r  0x00086770       0x28 c:/users/andre/appdata/local/arduino15/packages/arduino/tools/arm-none-eabi-gcc/4.8.3-2014q1/bin/../lib/gcc/arm-none-eabi/4.8.3/../../../../arm-none-eabi/lib/armv7-m\libg.a(lib_a-readr.o)
                0x00086770                _read_r
 .text          0x00086798       0x2c c:/users/andre/appdata/local/arduino15/packages/arduino/tools/arm-none-eabi-gcc/4.8.3-2014q1/bin/../lib/gcc/arm-none-eabi/4.8.3/armv7-m\libgcc.a(_aeabi_uldivmod.o)
                0x00086798                __aeabi_uldivmod
 .text          0x000867c4       0x60 c:/users/andre/appdata/local/arduino15/packages/arduino/tools/arm-none-eabi-gcc/4.8.3-2014q1/bin/../lib/gcc/arm-none-eabi/4.8.3/armv7-m\libgcc.a(bpabi.o)
                0x000867c4                __gnu_ldivmod_helper
                0x000867f4                __gnu_uldivmod_helper
 .text          0x00086824        0x4 c:/users/andre/appdata/local/arduino15/packages/arduino/tools/arm-none-eabi-gcc/4.8.3-2014q1/bin/../lib/gcc/arm-none-eabi/4.8.3/armv7-m\libgcc.a(_dvmd_tls.o)
                0x00086824                __aeabi_idiv0
                0x00086824                __aeabi_ldiv0
 .text          0x00086828      0x2a0 c:/users/andre/appdata/local/arduino15/packages/arduino/tools/arm-none-eabi-gcc/4.8.3-2014q1/bin/../lib/gcc/arm-none-eabi/4.8.3/armv7-m\libgcc.a(_divdi3.o)
                0x00086828                __divdi3
 .text          0x00086ac8      0x290 c:/users/andre/appdata/local/arduino15/packages/arduino/tools/arm-none-eabi-gcc/4.8.3-2014q1/bin/../lib/gcc/arm-none-eabi/4.8.3/armv7-m\libgcc.a(_udivdi3.o)
                0x00086ac8                __udivdi3
 *(.glue_7t)
 .glue_7t       0x00000000        0x0 linker stubs
 *(.glue_7)
 .glue_7        0x00000000        0x0 linker stubs
 *(.rodata .rodata* .gnu.linkonce.r.*)
 .rodata.str1.1
                0x00086d58        0xc C:\Users\andre\AppData\Local\Temp\VMBuilds\SystemaPC2Firmware\arduino_due_x\Release\SystemaPC2Firmware.cpp.o
 .rodata._ZL15dscrc2x16_table
                0x00086d64       0x20 C:\Users\andre\AppData\Local\Temp\VMBuilds\SystemaPC2Firmware\arduino_due_x\Release\OneWire\OneWire.cpp.o
 .rodata.CSWTCH.74
                0x00086d84        0x6 C:\Users\andre\AppData\Local\Temp\VMBuilds\SystemaPC2Firmware\arduino_due_x\Release\DallasTemperature\DallasTemperature.cpp.o
 *fill*         0x00086d8a        0x2 
 .rodata.g_APinDescription
                0x00086d8c      0xa2c C:\Users\andre\AppData\Local\Temp\VMBCore\visualmicro\edf39ea94a4823db2dafaf834e67dd19\variant\variant.cpp.o
                0x00086d8c                g_APinDescription
 .rodata        0x000877b8       0x40 C:\Users\andre\AppData\Local\arduino15\packages\arduino\hardware\sam\1.6.11\variants\arduino_due_x/libsam_sam3x8e_gcc_rel.a(adc.o)
 .rodata.str1.1
                0x000877f8       0x19 C:\Users\andre\AppData\Local\Temp\VMBuilds\SystemaPC2Firmware\arduino_due_x\Release/core.a(syscalls_sam3.c.o)
 .rodata.str1.1
                0x00087811        0xf C:\Users\andre\AppData\Local\Temp\VMBuilds\SystemaPC2Firmware\arduino_due_x\Release/core.a(Print.cpp.o)
 .rodata._ZTV9UARTClass
                0x00087820       0x30 C:\Users\andre\AppData\Local\Temp\VMBuilds\SystemaPC2Firmware\arduino_due_x\Release/core.a(UARTClass.cpp.o)
                0x00087820                vtable for UARTClass
 .rodata._ZTV10USARTClass
                0x00087850       0x30 C:\Users\andre\AppData\Local\Temp\VMBuilds\SystemaPC2Firmware\arduino_due_x\Release/core.a(USARTClass.cpp.o)
                0x00087850                vtable for USARTClass
 .rodata._ZTV7Serial_
                0x00087880       0x28 C:\Users\andre\AppData\Local\Temp\VMBuilds\SystemaPC2Firmware\arduino_due_x\Release/core.a(CDC.cpp.o)
                0x00087880                vtable for Serial_
 .rodata._ZL18_cdcOtherInterface
                0x000878a8       0x42 C:\Users\andre\AppData\Local\Temp\VMBuilds\SystemaPC2Firmware\arduino_due_x\Release/core.a(CDC.cpp.o)
 .rodata._ZL13_cdcInterface
                0x000878ea       0x42 C:\Users\andre\AppData\Local\Temp\VMBuilds\SystemaPC2Firmware\arduino_due_x\Release/core.a(CDC.cpp.o)
 .rodata.STRING_PRODUCT
                0x0008792c        0xc C:\Users\andre\AppData\Local\Temp\VMBuilds\SystemaPC2Firmware\arduino_due_x\Release/core.a(USBCore.cpp.o)
                0x0008792c                STRING_PRODUCT
 .rodata.USB_DeviceDescriptor
                0x00087938       0x12 C:\Users\andre\AppData\Local\Temp\VMBuilds\SystemaPC2Firmware\arduino_due_x\Release/core.a(USBCore.cpp.o)
                0x00087938                USB_DeviceDescriptor
 .rodata.STRING_LANGUAGE
                0x0008794a        0x4 C:\Users\andre\AppData\Local\Temp\VMBuilds\SystemaPC2Firmware\arduino_due_x\Release/core.a(USBCore.cpp.o)
                0x0008794a                STRING_LANGUAGE
 .rodata._ZL18test_packet_buffer
                0x0008794e       0x35 C:\Users\andre\AppData\Local\Temp\VMBuilds\SystemaPC2Firmware\arduino_due_x\Release/core.a(USBCore.cpp.o)
 .rodata.STRING_MANUFACTURER
                0x00087983        0xc C:\Users\andre\AppData\Local\Temp\VMBuilds\SystemaPC2Firmware\arduino_due_x\Release/core.a(USBCore.cpp.o)
                0x00087983                STRING_MANUFACTURER
 .rodata.USB_DeviceDescriptorA
                0x0008798f       0x12 C:\Users\andre\AppData\Local\Temp\VMBuilds\SystemaPC2Firmware\arduino_due_x\Release/core.a(USBCore.cpp.o)
                0x0008798f                USB_DeviceDescriptorA
 .rodata._ZL19USB_DeviceQualifier
                0x000879a1        0x9 C:\Users\andre\AppData\Local\Temp\VMBuilds\SystemaPC2Firmware\arduino_due_x\Release/core.a(USBCore.cpp.o)
 *fill*         0x000879aa        0x2 
 .rodata.str1.4
                0x000879ac        0x5 c:/users/andre/appdata/local/arduino15/packages/arduino/tools/arm-none-eabi-gcc/4.8.3-2014q1/bin/../lib/gcc/arm-none-eabi/4.8.3/../../../../arm-none-eabi/lib/armv7-m\libm.a(lib_a-w_acos.o)
                                  0xc (size before relaxing)
 *fill*         0x000879b1        0x3 
 .rodata.str1.4
                0x000879b4        0x2 c:/users/andre/appdata/local/arduino15/packages/arduino/tools/arm-none-eabi-gcc/4.8.3-2014q1/bin/../lib/gcc/arm-none-eabi/4.8.3/../../../../arm-none-eabi/lib/armv7-m\libg.a(lib_a-impure.o)
                                  0x4 (size before relaxing)
 *fill*         0x000879b6        0x2 
 .rodata._global_impure_ptr
                0x000879b8        0x4 c:/users/andre/appdata/local/arduino15/packages/arduino/tools/arm-none-eabi-gcc/4.8.3-2014q1/bin/../lib/gcc/arm-none-eabi/4.8.3/../../../../arm-none-eabi/lib/armv7-m\libg.a(lib_a-impure.o)
                0x000879b8                _global_impure_ptr
 .rodata.blanks.6717
                0x000879bc       0x10 c:/users/andre/appdata/local/arduino15/packages/arduino/tools/arm-none-eabi-gcc/4.8.3-2014q1/bin/../lib/gcc/arm-none-eabi/4.8.3/../../../../arm-none-eabi/lib/armv7-m\libg.a(lib_a-vfiprintf.o)
 .rodata.str1.4
                0x000879cc       0x30 c:/users/andre/appdata/local/arduino15/packages/arduino/tools/arm-none-eabi-gcc/4.8.3-2014q1/bin/../lib/gcc/arm-none-eabi/4.8.3/../../../../arm-none-eabi/lib/armv7-m\libg.a(lib_a-vfiprintf.o)
 .rodata.zeroes.6718
                0x000879fc       0x10 c:/users/andre/appdata/local/arduino15/packages/arduino/tools/arm-none-eabi-gcc/4.8.3-2014q1/bin/../lib/gcc/arm-none-eabi/4.8.3/../../../../arm-none-eabi/lib/armv7-m\libg.a(lib_a-vfiprintf.o)
 *(.ARM.extab* .gnu.linkonce.armextab.*)
                0x00087a0c                . = ALIGN (0x4)
 *(.init)
 .init          0x00087a0c        0x4 c:/users/andre/appdata/local/arduino15/packages/arduino/tools/arm-none-eabi-gcc/4.8.3-2014q1/bin/../lib/gcc/arm-none-eabi/4.8.3/armv7-m/crti.o
                0x00087a0c                _init
 .init          0x00087a10        0x8 c:/users/andre/appdata/local/arduino15/packages/arduino/tools/arm-none-eabi-gcc/4.8.3-2014q1/bin/../lib/gcc/arm-none-eabi/4.8.3/armv7-m/crtn.o
                0x00087a18                . = ALIGN (0x4)
                0x00087a18                __preinit_array_start = .
 *(.preinit_array)
                0x00087a18                __preinit_array_end = .
                0x00087a18                . = ALIGN (0x4)
                0x00087a18                __init_array_start = .
 *(SORT(.init_array.*))
 .init_array.00000
                0x00087a18        0x4 c:/users/andre/appdata/local/arduino15/packages/arduino/tools/arm-none-eabi-gcc/4.8.3-2014q1/bin/../lib/gcc/arm-none-eabi/4.8.3/../../../../arm-none-eabi/lib/armv7-m\libg.a(lib_a-__call_atexit.o)
 *(.init_array)
 .init_array    0x00087a1c        0x4 c:/users/andre/appdata/local/arduino15/packages/arduino/tools/arm-none-eabi-gcc/4.8.3-2014q1/bin/../lib/gcc/arm-none-eabi/4.8.3/armv7-m/crtbegin.o
 .init_array    0x00087a20        0x4 C:\Users\andre\AppData\Local\Temp\VMBuilds\SystemaPC2Firmware\arduino_due_x\Release\SystemaPC2Firmware.cpp.o
 .init_array    0x00087a24        0x4 C:\Users\andre\AppData\Local\Temp\VMBuilds\SystemaPC2Firmware\arduino_due_x\Release\SPI\SPI.cpp.o
 .init_array    0x00087a28        0x4 C:\Users\andre\AppData\Local\Temp\VMBCore\visualmicro\edf39ea94a4823db2dafaf834e67dd19\variant\variant.cpp.o
 .init_array    0x00087a2c        0x4 C:\Users\andre\AppData\Local\Temp\VMBuilds\SystemaPC2Firmware\arduino_due_x\Release/core.a(CDC.cpp.o)
 .init_array    0x00087a30        0x4 C:\Users\andre\AppData\Local\Temp\VMBuilds\SystemaPC2Firmware\arduino_due_x\Release/core.a(USBCore.cpp.o)
                0x00087a34                __init_array_end = .
                0x00087a34                . = ALIGN (0x4)
 *crtbegin.o(.ctors)
 *(EXCLUDE_FILE(*crtend.o) .ctors)
 *(SORT(.ctors.*))
 *crtend.o(.ctors)
                0x00087a34                . = ALIGN (0x4)
 *(.fini)
 .fini          0x00087a34        0x4 c:/users/andre/appdata/local/arduino15/packages/arduino/tools/arm-none-eabi-gcc/4.8.3-2014q1/bin/../lib/gcc/arm-none-eabi/4.8.3/armv7-m/crti.o
                0x00087a34                _fini
 .fini          0x00087a38        0x8 c:/users/andre/appdata/local/arduino15/packages/arduino/tools/arm-none-eabi-gcc/4.8.3-2014q1/bin/../lib/gcc/arm-none-eabi/4.8.3/armv7-m/crtn.o
                0x00087a40                . = ALIGN (0x4)
                0x00087a40                __fini_array_start = .
 *(.fini_array)
 .fini_array    0x00087a40        0x4 c:/users/andre/appdata/local/arduino15/packages/arduino/tools/arm-none-eabi-gcc/4.8.3-2014q1/bin/../lib/gcc/arm-none-eabi/4.8.3/armv7-m/crtbegin.o
 *(SORT(.fini_array.*))
                0x00087a44                __fini_array_end = .
 *crtbegin.o(.dtors)
 *(EXCLUDE_FILE(*crtend.o) .dtors)
 *(SORT(.dtors.*))
 *crtend.o(.dtors)
                0x00087a44                . = ALIGN (0x4)
                0x00087a44                _efixed = .
                0x00087a44                PROVIDE (__exidx_start, .)

.vfp11_veneer   0x00087a44        0x0
 .vfp11_veneer  0x00000000        0x0 linker stubs

.v4_bx          0x00087a44        0x0
 .v4_bx         0x00000000        0x0 linker stubs

.iplt           0x00087a44        0x0
 .iplt          0x00000000        0x0 c:/users/andre/appdata/local/arduino15/packages/arduino/tools/arm-none-eabi-gcc/4.8.3-2014q1/bin/../lib/gcc/arm-none-eabi/4.8.3/armv7-m/crtbegin.o

.ARM.exidx      0x00087a44        0x8
 *(.ARM.exidx* .gnu.linkonce.armexidx.*)
 .ARM.exidx     0x00087a44        0x8 c:/users/andre/appdata/local/arduino15/packages/arduino/tools/arm-none-eabi-gcc/4.8.3-2014q1/bin/../lib/gcc/arm-none-eabi/4.8.3/armv7-m\libgcc.a(_divdi3.o)
 .ARM.exidx     0x00087a4c        0x0 c:/users/andre/appdata/local/arduino15/packages/arduino/tools/arm-none-eabi-gcc/4.8.3-2014q1/bin/../lib/gcc/arm-none-eabi/4.8.3/armv7-m\libgcc.a(_udivdi3.o)
                                  0x8 (size before relaxing)
                0x00087a4c                PROVIDE (__exidx_end, .)

.eh_frame       0x00087a4c        0x0
 .eh_frame      0x00087a4c        0x0 c:/users/andre/appdata/local/arduino15/packages/arduino/tools/arm-none-eabi-gcc/4.8.3-2014q1/bin/../lib/gcc/arm-none-eabi/4.8.3/armv7-m/crtbegin.o

.rel.dyn        0x00087a4c        0x0
 .rel.iplt      0x00000000        0x0 c:/users/andre/appdata/local/arduino15/packages/arduino/tools/arm-none-eabi-gcc/4.8.3-2014q1/bin/../lib/gcc/arm-none-eabi/4.8.3/armv7-m/crtbegin.o

.jcr            0x00087a4c        0x0
 .jcr           0x00087a4c        0x0 c:/users/andre/appdata/local/arduino15/packages/arduino/tools/arm-none-eabi-gcc/4.8.3-2014q1/bin/../lib/gcc/arm-none-eabi/4.8.3/armv7-m/crtbegin.o

.igot.plt       0x00087a4c        0x0
 .igot.plt      0x00000000        0x0 c:/users/andre/appdata/local/arduino15/packages/arduino/tools/arm-none-eabi-gcc/4.8.3-2014q1/bin/../lib/gcc/arm-none-eabi/4.8.3/armv7-m/crtbegin.o
                0x00087a4c                . = ALIGN (0x4)
                0x00087a4c                _etext = .

.relocate       0x20070000      0x8fc load address 0x00087a4c
                0x20070000                . = ALIGN (0x4)
                0x20070000                _srelocate = .
 *(.ramfunc .ramfunc.*)
 .ramfunc       0x20070000       0x2c C:\Users\andre\AppData\Local\Temp\VMBuilds\SystemaPC2Firmware\arduino_due_x\Release/core.a(Reset.cpp.o)
                0x20070000                banzai
 *(.data .data.*)
 .data.Thermometer_1
                0x2007002c        0x8 C:\Users\andre\AppData\Local\Temp\VMBuilds\SystemaPC2Firmware\arduino_due_x\Release\SystemaPC2Firmware.cpp.o
                0x2007002c                Thermometer_1
 .data.Thermometer_2
                0x20070034        0x8 C:\Users\andre\AppData\Local\Temp\VMBuilds\SystemaPC2Firmware\arduino_due_x\Release\SystemaPC2Firmware.cpp.o
                0x20070034                Thermometer_2
 .data.setOffset
                0x2007003c        0x1 C:\Users\andre\AppData\Local\Temp\VMBuilds\SystemaPC2Firmware\arduino_due_x\Release\SystemaPC2Firmware.cpp.o
                0x2007003c                setOffset
 .data.chipSelectPin
                0x2007003d        0x1 C:\Users\andre\AppData\Local\Temp\VMBuilds\SystemaPC2Firmware\arduino_due_x\Release\SystemaPC2Firmware.cpp.o
                0x2007003d                chipSelectPin
 .data.Thermometer_3
                0x2007003e        0x8 C:\Users\andre\AppData\Local\Temp\VMBuilds\SystemaPC2Firmware\arduino_due_x\Release\SystemaPC2Firmware.cpp.o
                0x2007003e                Thermometer_3
 *fill*         0x20070046        0x2 
 .data.SystemCoreClock
                0x20070048        0x4 C:\Users\andre\AppData\Local\arduino15\packages\arduino\hardware\sam\1.6.11\variants\arduino_due_x/libsam_sam3x8e_gcc_rel.a(system_sam3xa.o)
                0x20070048                SystemCoreClock
 .data.latestSelectedChannel.9384
                0x2007004c        0x4 C:\Users\andre\AppData\Local\Temp\VMBuilds\SystemaPC2Firmware\arduino_due_x\Release/core.a(wiring_analog.c.o)
 .data._readResolution
                0x20070050        0x4 C:\Users\andre\AppData\Local\Temp\VMBuilds\SystemaPC2Firmware\arduino_due_x\Release/core.a(wiring_analog.c.o)
 .data._ZL5ticks
                0x20070054        0x4 C:\Users\andre\AppData\Local\Temp\VMBuilds\SystemaPC2Firmware\arduino_due_x\Release/core.a(Reset.cpp.o)
 .data._ZL10breakValue
                0x20070058        0x4 C:\Users\andre\AppData\Local\Temp\VMBuilds\SystemaPC2Firmware\arduino_due_x\Release/core.a(CDC.cpp.o)
 .data._ZL12_usbLineInfo
                0x2007005c        0x8 C:\Users\andre\AppData\Local\Temp\VMBuilds\SystemaPC2Firmware\arduino_due_x\Release/core.a(CDC.cpp.o)
 .data.EndPoints
                0x20070064       0x28 C:\Users\andre\AppData\Local\Temp\VMBuilds\SystemaPC2Firmware\arduino_due_x\Release/core.a(USBCore.cpp.o)
                0x20070064                EndPoints
 .data.g_interrupt_enabled
                0x2007008c        0x4 C:\Users\andre\AppData\Local\arduino15\packages\arduino\hardware\sam\1.6.11\variants\arduino_due_x/libsam_sam3x8e_gcc_rel.a(interrupt_sam_nvic.o)
                0x2007008c                g_interrupt_enabled
 .data.__fdlib_version
                0x20070090        0x1 c:/users/andre/appdata/local/arduino15/packages/arduino/tools/arm-none-eabi-gcc/4.8.3-2014q1/bin/../lib/gcc/arm-none-eabi/4.8.3/../../../../arm-none-eabi/lib/armv7-m\libm.a(lib_a-s_lib_ver.o)
                0x20070090                __fdlib_version
 *fill*         0x20070091        0x7 
 .data.impure_data
                0x20070098      0x428 c:/users/andre/appdata/local/arduino15/packages/arduino/tools/arm-none-eabi-gcc/4.8.3-2014q1/bin/../lib/gcc/arm-none-eabi/4.8.3/../../../../arm-none-eabi/lib/armv7-m\libg.a(lib_a-impure.o)
 .data._impure_ptr
                0x200704c0        0x4 c:/users/andre/appdata/local/arduino15/packages/arduino/tools/arm-none-eabi-gcc/4.8.3-2014q1/bin/../lib/gcc/arm-none-eabi/4.8.3/../../../../arm-none-eabi/lib/armv7-m\libg.a(lib_a-impure.o)
                0x200704c0                _impure_ptr
 .data.lc_ctype_charset
                0x200704c4       0x20 c:/users/andre/appdata/local/arduino15/packages/arduino/tools/arm-none-eabi-gcc/4.8.3-2014q1/bin/../lib/gcc/arm-none-eabi/4.8.3/../../../../arm-none-eabi/lib/armv7-m\libg.a(lib_a-locale.o)
 .data.__mb_cur_max
                0x200704e4        0x4 c:/users/andre/appdata/local/arduino15/packages/arduino/tools/arm-none-eabi-gcc/4.8.3-2014q1/bin/../lib/gcc/arm-none-eabi/4.8.3/../../../../arm-none-eabi/lib/armv7-m\libg.a(lib_a-locale.o)
                0x200704e4                __mb_cur_max
 .data.__malloc_av_
                0x200704e8      0x408 c:/users/andre/appdata/local/arduino15/packages/arduino/tools/arm-none-eabi-gcc/4.8.3-2014q1/bin/../lib/gcc/arm-none-eabi/4.8.3/../../../../arm-none-eabi/lib/armv7-m\libg.a(lib_a-mallocr.o)
                0x200704e8                __malloc_av_
 .data.__malloc_trim_threshold
                0x200708f0        0x4 c:/users/andre/appdata/local/arduino15/packages/arduino/tools/arm-none-eabi-gcc/4.8.3-2014q1/bin/../lib/gcc/arm-none-eabi/4.8.3/../../../../arm-none-eabi/lib/armv7-m\libg.a(lib_a-mallocr.o)
                0x200708f0                __malloc_trim_threshold
 .data.__malloc_sbrk_base
                0x200708f4        0x4 c:/users/andre/appdata/local/arduino15/packages/arduino/tools/arm-none-eabi-gcc/4.8.3-2014q1/bin/../lib/gcc/arm-none-eabi/4.8.3/../../../../arm-none-eabi/lib/armv7-m\libg.a(lib_a-mallocr.o)
                0x200708f4                __malloc_sbrk_base
 .data.__wctomb
                0x200708f8        0x4 c:/users/andre/appdata/local/arduino15/packages/arduino/tools/arm-none-eabi-gcc/4.8.3-2014q1/bin/../lib/gcc/arm-none-eabi/4.8.3/../../../../arm-none-eabi/lib/armv7-m\libg.a(lib_a-wctomb_r.o)
                0x200708f8                __wctomb
                0x200708fc                . = ALIGN (0x4)
                0x200708fc                _erelocate = .

.bss            0x200708fc     0x8cc8 load address 0x00088348
                0x200708fc                . = ALIGN (0x4)
                0x200708fc                _sbss = .
                0x200708fc                _szero = .
 *(.bss .bss.*)